../Core/Src/main.c:96:6:NEXTION_ChangeVal	40	static
../Core/Src/main.c:103:6:NEXTION_Changefloat	40	static
../Core/Src/main.c:110:6:NEXTION_UpdateDriveSelectButton	40	static
../Core/Src/main.c:117:6:HAL_CAN_RxFifo0MsgPendingCallback	56	static
../Core/Src/main.c:202:6:HAL_UARTEx_RxEventCallback	24	static
../Core/Src/main.c:303:5:main	8	static
../Core/Src/main.c:379:6:SystemClock_Config	96	static
../Core/Src/main.c:425:13:MX_CAN_Init	48	static
../Core/Src/main.c:475:13:MX_USART1_UART_Init	8	static
../Core/Src/main.c:510:13:MX_USART3_UART_Init	8	static
../Core/Src/main.c:543:13:MX_DMA_Init	16	static
../Core/Src/main.c:564:13:MX_GPIO_Init	40	static
../Core/Src/main.c:592:6:Error_Handler	4	static,ignoring_inline_asm
