ARM GAS  /tmp/ccN2ZKKQ.s 			page 1


   1              		.cpu cortex-m4
   2              		.arch armv7e-m
   3              		.fpu fpv4-sp-d16
   4              		.eabi_attribute 27, 1
   5              		.eabi_attribute 28, 1
   6              		.eabi_attribute 20, 1
   7              		.eabi_attribute 21, 1
   8              		.eabi_attribute 23, 3
   9              		.eabi_attribute 24, 1
  10              		.eabi_attribute 25, 1
  11              		.eabi_attribute 26, 1
  12              		.eabi_attribute 30, 1
  13              		.eabi_attribute 34, 1
  14              		.eabi_attribute 18, 4
  15              		.file	"adc.c"
  16              		.text
  17              	.Ltext0:
  18              		.cfi_sections	.debug_frame
  19              		.file 1 "src/adc.c"
  20              		.section	.text.ADC_calculateCurrent,"ax",%progbits
  21              		.align	1
  22              		.global	ADC_calculateCurrent
  23              		.syntax unified
  24              		.thumb
  25              		.thumb_func
  27              	ADC_calculateCurrent:
  28              	.LVL0:
  29              	.LFB331:
   1:src/adc.c     **** /**
   2:src/adc.c     ****  * @file adc.c
   3:src/adc.c     ****  * @brief Source file for adc functions
   4:src/adc.c     ****  * used to calculate current from shunt resistors
   5:src/adc.c     ****  */
   6:src/adc.c     **** #include "adc.h"
   7:src/adc.c     **** 
   8:src/adc.c     **** ADC_HandleTypeDef ADC_INTERFACE;
   9:src/adc.c     **** 
  10:src/adc.c     **** void ADC_init(void) {
  11:src/adc.c     ****     ADC_INTERFACE.Instance = ADC3;
  12:src/adc.c     ****     ADC_INTERFACE.Init.ClockPrescaler = ADC_CLOCK_SYNC_PCLK_DIV4;
  13:src/adc.c     ****     ADC_INTERFACE.Init.Resolution = ADC_RESOLUTION_12B;
  14:src/adc.c     ****     ADC_INTERFACE.Init.DataAlign = ADC_DATAALIGN_RIGHT;
  15:src/adc.c     ****     ADC_INTERFACE.Init.GainCompensation = 0;
  16:src/adc.c     ****     ADC_INTERFACE.Init.ScanConvMode = ADC_SCAN_DISABLE;
  17:src/adc.c     ****     ADC_INTERFACE.Init.EOCSelection = ADC_EOC_SINGLE_CONV;
  18:src/adc.c     ****     ADC_INTERFACE.Init.LowPowerAutoWait = DISABLE;
  19:src/adc.c     ****     ADC_INTERFACE.Init.ContinuousConvMode = DISABLE;
  20:src/adc.c     ****     ADC_INTERFACE.Init.NbrOfConversion = 1;
  21:src/adc.c     ****     ADC_INTERFACE.Init.DiscontinuousConvMode = DISABLE;
  22:src/adc.c     ****     ADC_INTERFACE.Init.ExternalTrigConv = ADC_SOFTWARE_START;
  23:src/adc.c     ****     ADC_INTERFACE.Init.ExternalTrigConvEdge = ADC_EXTERNALTRIGCONVEDGE_NONE;
  24:src/adc.c     ****     ADC_INTERFACE.Init.DMAContinuousRequests = DISABLE;
  25:src/adc.c     ****     ADC_INTERFACE.Init.Overrun = ADC_OVR_DATA_PRESERVED;
  26:src/adc.c     ****     ADC_INTERFACE.Init.OversamplingMode = DISABLE;
  27:src/adc.c     ****     if (HAL_ADC_Init(&ADC_INTERFACE) != HAL_OK) {
  28:src/adc.c     ****         ADC_error();
  29:src/adc.c     ****     }
ARM GAS  /tmp/ccN2ZKKQ.s 			page 2


  30:src/adc.c     **** 
  31:src/adc.c     ****     ADC_MultiModeTypeDef multimode; 
  32:src/adc.c     ****     multimode.Mode = ADC_MODE_INDEPENDENT;
  33:src/adc.c     ****     if (HAL_ADCEx_MultiModeConfigChannel(&ADC_INTERFACE, &multimode) != HAL_OK)
  34:src/adc.c     ****     {
  35:src/adc.c     ****         ADC_error();
  36:src/adc.c     ****     }
  37:src/adc.c     **** 
  38:src/adc.c     ****     ADC_ChannelConfTypeDef sConfig;
  39:src/adc.c     ****     sConfig.Channel = ADC_CHANNEL_1;
  40:src/adc.c     ****     sConfig.Rank = ADC_REGULAR_RANK_1;
  41:src/adc.c     ****     sConfig.SamplingTime = ADC_SAMPLETIME_2CYCLES_5;
  42:src/adc.c     ****     sConfig.SingleDiff = ADC_SINGLE_ENDED;
  43:src/adc.c     ****     sConfig.OffsetNumber = ADC_OFFSET_NONE;
  44:src/adc.c     ****     sConfig.Offset = 0;
  45:src/adc.c     ****     if (HAL_ADC_ConfigChannel(&ADC_INTERFACE, &sConfig) != HAL_OK)
  46:src/adc.c     ****     {
  47:src/adc.c     ****         ADC_error();
  48:src/adc.c     ****     }
  49:src/adc.c     **** }
  50:src/adc.c     **** 
  51:src/adc.c     **** uint32_t ADC_read(void) {
  52:src/adc.c     ****     uint32_t raw = 0;
  53:src/adc.c     **** 
  54:src/adc.c     ****     HAL_ADC_Start(&ADC_INTERFACE);
  55:src/adc.c     ****     if (HAL_ADC_PollForConversion(&ADC_INTERFACE, ADC_DELAY) == HAL_OK) { 
  56:src/adc.c     ****         raw = HAL_ADC_GetValue(&ADC_INTERFACE);
  57:src/adc.c     ****     } 
  58:src/adc.c     ****     else {
  59:src/adc.c     ****         ADC_error();
  60:src/adc.c     ****     }
  61:src/adc.c     ****     HAL_ADC_Stop(&ADC_INTERFACE);
  62:src/adc.c     ****     return raw;
  63:src/adc.c     **** }
  64:src/adc.c     **** 
  65:src/adc.c     **** float ADC_calculateCurrent(uint32_t raw) {
  30              		.loc 1 65 42 view -0
  31              		.cfi_startproc
  32              		@ args = 0, pretend = 0, frame = 0
  33              		@ frame_needed = 0, uses_anonymous_args = 0
  34              		@ link register save eliminated.
  35              		.loc 1 65 42 is_stmt 0 view .LVU1
  36 0000 07EE900A 		vmov	s15, r0	@ int
  66:src/adc.c     ****     float current = ((raw - ADC_OFFSET) / ADC_RESOLUTION * ADC_V_REF) / (ADC_A_V * ADC_R_SENSE);
  37              		.loc 1 66 5 is_stmt 1 view .LVU2
  38              		.loc 1 66 27 is_stmt 0 view .LVU3
  39 0004 F8EE677A 		vcvt.f32.u32	s15, s15
  40 0008 9FED0C7A 		vldr.32	s14, .L6
  41 000c 77EEC77A 		vsub.f32	s15, s15, s14
  42              		.loc 1 66 41 view .LVU4
  43 0010 9FED0B7A 		vldr.32	s14, .L6+4
  44 0014 67EE877A 		vmul.f32	s15, s15, s14
  45              		.loc 1 66 58 view .LVU5
  46 0018 9FED0A7A 		vldr.32	s14, .L6+8
  47 001c 67EE877A 		vmul.f32	s15, s15, s14
  48              		.loc 1 66 11 view .LVU6
  49 0020 9FED097A 		vldr.32	s14, .L6+12
ARM GAS  /tmp/ccN2ZKKQ.s 			page 3


  50 0024 87EE870A 		vdiv.f32	s0, s15, s14
  51              	.LVL1:
  67:src/adc.c     ****     return (current >= 0) ? current : 0;
  52              		.loc 1 67 5 is_stmt 1 view .LVU7
  53              		.loc 1 67 37 is_stmt 0 view .LVU8
  54 0028 B5EEC00A 		vcmpe.f32	s0, #0
  55 002c F1EE10FA 		vmrs	APSR_nzcv, FPSCR
  56 0030 00DB     		blt	.L5
  57              	.LVL2:
  58              	.L1:
  68:src/adc.c     **** }
  59              		.loc 1 68 1 view .LVU9
  60 0032 7047     		bx	lr
  61              	.LVL3:
  62              	.L5:
  67:src/adc.c     ****     return (current >= 0) ? current : 0;
  63              		.loc 1 67 37 discriminator 2 view .LVU10
  64 0034 9FED050A 		vldr.32	s0, .L6+16
  65              	.LVL4:
  67:src/adc.c     ****     return (current >= 0) ? current : 0;
  66              		.loc 1 67 37 view .LVU11
  67 0038 FBE7     		b	.L1
  68              	.L7:
  69 003a 00BF     		.align	2
  70              	.L6:
  71 003c 00006B43 		.word	1131085824
  72 0040 00008039 		.word	964689920
  73 0044 33335340 		.word	1079194419
  74 0048 361A403D 		.word	1027611190
  75 004c 00000000 		.word	0
  76              		.cfi_endproc
  77              	.LFE331:
  79              		.section	.text.HAL_ADC_MspDeInit,"ax",%progbits
  80              		.align	1
  81              		.global	HAL_ADC_MspDeInit
  82              		.syntax unified
  83              		.thumb
  84              		.thumb_func
  86              	HAL_ADC_MspDeInit:
  87              	.LVL5:
  88              	.LFB334:
  69:src/adc.c     **** 
  70:src/adc.c     **** float ADC_readCurrent() {
  71:src/adc.c     ****     return ADC_calculateCurrent(ADC_read());
  72:src/adc.c     **** }
  73:src/adc.c     **** 
  74:src/adc.c     **** /**
  75:src/adc.c     ****  * @warning AUTOGEN
  76:src/adc.c     ****  * @brief needs to be adjusted for correct pin used
  77:src/adc.c     **** */
  78:src/adc.c     **** void HAL_ADC_MspInit(ADC_HandleTypeDef* adcHandle) {
  79:src/adc.c     ****     GPIO_InitTypeDef GPIO_InitStruct = {0};
  80:src/adc.c     ****     RCC_PeriphCLKInitTypeDef PeriphClkInit = {0};
  81:src/adc.c     **** 
  82:src/adc.c     ****     if(adcHandle->Instance==ADC3) {
  83:src/adc.c     ****         PeriphClkInit.PeriphClockSelection = RCC_PERIPHCLK_ADC345;
  84:src/adc.c     ****         PeriphClkInit.Adc345ClockSelection = RCC_ADC345CLKSOURCE_SYSCLK;
ARM GAS  /tmp/ccN2ZKKQ.s 			page 4


  85:src/adc.c     ****         if (HAL_RCCEx_PeriphCLKConfig(&PeriphClkInit) != HAL_OK)
  86:src/adc.c     ****         {
  87:src/adc.c     ****             ADC_error();
  88:src/adc.c     ****         }
  89:src/adc.c     **** 
  90:src/adc.c     ****         __HAL_RCC_ADC345_CLK_ENABLE();
  91:src/adc.c     ****         __HAL_RCC_GPIOB_CLK_ENABLE();
  92:src/adc.c     ****         GPIO_InitStruct.Pin = GPIO_PIN_1;
  93:src/adc.c     ****         GPIO_InitStruct.Mode = GPIO_MODE_ANALOG;
  94:src/adc.c     ****         GPIO_InitStruct.Pull = GPIO_NOPULL;
  95:src/adc.c     ****         HAL_GPIO_Init(GPIOB, &GPIO_InitStruct);
  96:src/adc.c     ****     }
  97:src/adc.c     **** }
  98:src/adc.c     **** 
  99:src/adc.c     **** /**
 100:src/adc.c     ****  * @warning AUTOGEN
 101:src/adc.c     ****  * @brief needs to be adjusted for correct pin used
 102:src/adc.c     **** */
 103:src/adc.c     **** void HAL_ADC_MspDeInit(ADC_HandleTypeDef* adcHandle) {
  89              		.loc 1 103 54 is_stmt 1 view -0
  90              		.cfi_startproc
  91              		@ args = 0, pretend = 0, frame = 0
  92              		@ frame_needed = 0, uses_anonymous_args = 0
  93              		.loc 1 103 54 is_stmt 0 view .LVU13
  94 0000 08B5     		push	{r3, lr}
  95              	.LCFI0:
  96              		.cfi_def_cfa_offset 8
  97              		.cfi_offset 3, -8
  98              		.cfi_offset 14, -4
 104:src/adc.c     ****     if(adcHandle->Instance==ADC3) {
  99              		.loc 1 104 5 is_stmt 1 view .LVU14
 100              		.loc 1 104 17 is_stmt 0 view .LVU15
 101 0002 0268     		ldr	r2, [r0]
 102              		.loc 1 104 7 view .LVU16
 103 0004 064B     		ldr	r3, .L12
 104 0006 9A42     		cmp	r2, r3
 105 0008 00D0     		beq	.L11
 106              	.LVL6:
 107              	.L8:
 105:src/adc.c     ****         __HAL_RCC_ADC345_CLK_DISABLE();
 106:src/adc.c     ****         HAL_GPIO_DeInit(GPIOB, GPIO_PIN_1);
 107:src/adc.c     ****     }
 108:src/adc.c     **** }
 108              		.loc 1 108 1 view .LVU17
 109 000a 08BD     		pop	{r3, pc}
 110              	.LVL7:
 111              	.L11:
 105:src/adc.c     ****         __HAL_RCC_ADC345_CLK_DISABLE();
 112              		.loc 1 105 9 is_stmt 1 view .LVU18
 113 000c 054A     		ldr	r2, .L12+4
 114 000e D36C     		ldr	r3, [r2, #76]
 115 0010 23F48043 		bic	r3, r3, #16384
 116 0014 D364     		str	r3, [r2, #76]
 106:src/adc.c     ****     }
 117              		.loc 1 106 9 view .LVU19
 118 0016 0221     		movs	r1, #2
 119 0018 0348     		ldr	r0, .L12+8
ARM GAS  /tmp/ccN2ZKKQ.s 			page 5


 120              	.LVL8:
 106:src/adc.c     ****     }
 121              		.loc 1 106 9 is_stmt 0 view .LVU20
 122 001a FFF7FEFF 		bl	HAL_GPIO_DeInit
 123              	.LVL9:
 124              		.loc 1 108 1 view .LVU21
 125 001e F4E7     		b	.L8
 126              	.L13:
 127              		.align	2
 128              	.L12:
 129 0020 00040050 		.word	1342178304
 130 0024 00100240 		.word	1073876992
 131 0028 00040048 		.word	1207960576
 132              		.cfi_endproc
 133              	.LFE334:
 135              		.section	.text.ADC_error,"ax",%progbits
 136              		.align	1
 137              		.global	ADC_error
 138              		.syntax unified
 139              		.thumb
 140              		.thumb_func
 142              	ADC_error:
 143              	.LFB335:
 109:src/adc.c     **** 
 110:src/adc.c     **** void ADC_error() {
 144              		.loc 1 110 18 is_stmt 1 view -0
 145              		.cfi_startproc
 146              		@ Volatile: function does not return.
 147              		@ args = 0, pretend = 0, frame = 0
 148              		@ frame_needed = 0, uses_anonymous_args = 0
 149              		@ link register save eliminated.
 150              	.L15:
 111:src/adc.c     ****     while(1);
 151              		.loc 1 111 5 view .LVU23
 152              		.loc 1 111 10 view .LVU24
 153 0000 FEE7     		b	.L15
 154              		.cfi_endproc
 155              	.LFE335:
 157              		.section	.text.ADC_init,"ax",%progbits
 158              		.align	1
 159              		.global	ADC_init
 160              		.syntax unified
 161              		.thumb
 162              		.thumb_func
 164              	ADC_init:
 165              	.LFB329:
  10:src/adc.c     ****     ADC_INTERFACE.Instance = ADC3;
 166              		.loc 1 10 21 view -0
 167              		.cfi_startproc
 168              		@ args = 0, pretend = 0, frame = 48
 169              		@ frame_needed = 0, uses_anonymous_args = 0
 170 0000 00B5     		push	{lr}
 171              	.LCFI1:
 172              		.cfi_def_cfa_offset 4
 173              		.cfi_offset 14, -4
 174 0002 8DB0     		sub	sp, sp, #52
 175              	.LCFI2:
ARM GAS  /tmp/ccN2ZKKQ.s 			page 6


 176              		.cfi_def_cfa_offset 56
  11:src/adc.c     ****     ADC_INTERFACE.Init.ClockPrescaler = ADC_CLOCK_SYNC_PCLK_DIV4;
 177              		.loc 1 11 5 view .LVU26
  11:src/adc.c     ****     ADC_INTERFACE.Init.ClockPrescaler = ADC_CLOCK_SYNC_PCLK_DIV4;
 178              		.loc 1 11 28 is_stmt 0 view .LVU27
 179 0004 1E48     		ldr	r0, .L24
 180 0006 1F4B     		ldr	r3, .L24+4
 181 0008 0360     		str	r3, [r0]
  12:src/adc.c     ****     ADC_INTERFACE.Init.Resolution = ADC_RESOLUTION_12B;
 182              		.loc 1 12 5 is_stmt 1 view .LVU28
  12:src/adc.c     ****     ADC_INTERFACE.Init.Resolution = ADC_RESOLUTION_12B;
 183              		.loc 1 12 39 is_stmt 0 view .LVU29
 184 000a 4FF44033 		mov	r3, #196608
 185 000e 4360     		str	r3, [r0, #4]
  13:src/adc.c     ****     ADC_INTERFACE.Init.DataAlign = ADC_DATAALIGN_RIGHT;
 186              		.loc 1 13 5 is_stmt 1 view .LVU30
  13:src/adc.c     ****     ADC_INTERFACE.Init.DataAlign = ADC_DATAALIGN_RIGHT;
 187              		.loc 1 13 35 is_stmt 0 view .LVU31
 188 0010 0023     		movs	r3, #0
 189 0012 8360     		str	r3, [r0, #8]
  14:src/adc.c     ****     ADC_INTERFACE.Init.GainCompensation = 0;
 190              		.loc 1 14 5 is_stmt 1 view .LVU32
  14:src/adc.c     ****     ADC_INTERFACE.Init.GainCompensation = 0;
 191              		.loc 1 14 34 is_stmt 0 view .LVU33
 192 0014 C360     		str	r3, [r0, #12]
  15:src/adc.c     ****     ADC_INTERFACE.Init.ScanConvMode = ADC_SCAN_DISABLE;
 193              		.loc 1 15 5 is_stmt 1 view .LVU34
  15:src/adc.c     ****     ADC_INTERFACE.Init.ScanConvMode = ADC_SCAN_DISABLE;
 194              		.loc 1 15 41 is_stmt 0 view .LVU35
 195 0016 0361     		str	r3, [r0, #16]
  16:src/adc.c     ****     ADC_INTERFACE.Init.EOCSelection = ADC_EOC_SINGLE_CONV;
 196              		.loc 1 16 5 is_stmt 1 view .LVU36
  16:src/adc.c     ****     ADC_INTERFACE.Init.EOCSelection = ADC_EOC_SINGLE_CONV;
 197              		.loc 1 16 37 is_stmt 0 view .LVU37
 198 0018 4361     		str	r3, [r0, #20]
  17:src/adc.c     ****     ADC_INTERFACE.Init.LowPowerAutoWait = DISABLE;
 199              		.loc 1 17 5 is_stmt 1 view .LVU38
  17:src/adc.c     ****     ADC_INTERFACE.Init.LowPowerAutoWait = DISABLE;
 200              		.loc 1 17 37 is_stmt 0 view .LVU39
 201 001a 0422     		movs	r2, #4
 202 001c 8261     		str	r2, [r0, #24]
  18:src/adc.c     ****     ADC_INTERFACE.Init.ContinuousConvMode = DISABLE;
 203              		.loc 1 18 5 is_stmt 1 view .LVU40
  18:src/adc.c     ****     ADC_INTERFACE.Init.ContinuousConvMode = DISABLE;
 204              		.loc 1 18 41 is_stmt 0 view .LVU41
 205 001e 0377     		strb	r3, [r0, #28]
  19:src/adc.c     ****     ADC_INTERFACE.Init.NbrOfConversion = 1;
 206              		.loc 1 19 5 is_stmt 1 view .LVU42
  19:src/adc.c     ****     ADC_INTERFACE.Init.NbrOfConversion = 1;
 207              		.loc 1 19 43 is_stmt 0 view .LVU43
 208 0020 4377     		strb	r3, [r0, #29]
  20:src/adc.c     ****     ADC_INTERFACE.Init.DiscontinuousConvMode = DISABLE;
 209              		.loc 1 20 5 is_stmt 1 view .LVU44
  20:src/adc.c     ****     ADC_INTERFACE.Init.DiscontinuousConvMode = DISABLE;
 210              		.loc 1 20 40 is_stmt 0 view .LVU45
 211 0022 0122     		movs	r2, #1
 212 0024 0262     		str	r2, [r0, #32]
ARM GAS  /tmp/ccN2ZKKQ.s 			page 7


  21:src/adc.c     ****     ADC_INTERFACE.Init.ExternalTrigConv = ADC_SOFTWARE_START;
 213              		.loc 1 21 5 is_stmt 1 view .LVU46
  21:src/adc.c     ****     ADC_INTERFACE.Init.ExternalTrigConv = ADC_SOFTWARE_START;
 214              		.loc 1 21 46 is_stmt 0 view .LVU47
 215 0026 80F82430 		strb	r3, [r0, #36]
  22:src/adc.c     ****     ADC_INTERFACE.Init.ExternalTrigConvEdge = ADC_EXTERNALTRIGCONVEDGE_NONE;
 216              		.loc 1 22 5 is_stmt 1 view .LVU48
  22:src/adc.c     ****     ADC_INTERFACE.Init.ExternalTrigConvEdge = ADC_EXTERNALTRIGCONVEDGE_NONE;
 217              		.loc 1 22 41 is_stmt 0 view .LVU49
 218 002a C362     		str	r3, [r0, #44]
  23:src/adc.c     ****     ADC_INTERFACE.Init.DMAContinuousRequests = DISABLE;
 219              		.loc 1 23 5 is_stmt 1 view .LVU50
  23:src/adc.c     ****     ADC_INTERFACE.Init.DMAContinuousRequests = DISABLE;
 220              		.loc 1 23 45 is_stmt 0 view .LVU51
 221 002c 0363     		str	r3, [r0, #48]
  24:src/adc.c     ****     ADC_INTERFACE.Init.Overrun = ADC_OVR_DATA_PRESERVED;
 222              		.loc 1 24 5 is_stmt 1 view .LVU52
  24:src/adc.c     ****     ADC_INTERFACE.Init.Overrun = ADC_OVR_DATA_PRESERVED;
 223              		.loc 1 24 46 is_stmt 0 view .LVU53
 224 002e 80F83830 		strb	r3, [r0, #56]
  25:src/adc.c     ****     ADC_INTERFACE.Init.OversamplingMode = DISABLE;
 225              		.loc 1 25 5 is_stmt 1 view .LVU54
  25:src/adc.c     ****     ADC_INTERFACE.Init.OversamplingMode = DISABLE;
 226              		.loc 1 25 32 is_stmt 0 view .LVU55
 227 0032 C363     		str	r3, [r0, #60]
  26:src/adc.c     ****     if (HAL_ADC_Init(&ADC_INTERFACE) != HAL_OK) {
 228              		.loc 1 26 5 is_stmt 1 view .LVU56
  26:src/adc.c     ****     if (HAL_ADC_Init(&ADC_INTERFACE) != HAL_OK) {
 229              		.loc 1 26 41 is_stmt 0 view .LVU57
 230 0034 80F84030 		strb	r3, [r0, #64]
  27:src/adc.c     ****         ADC_error();
 231              		.loc 1 27 5 is_stmt 1 view .LVU58
  27:src/adc.c     ****         ADC_error();
 232              		.loc 1 27 9 is_stmt 0 view .LVU59
 233 0038 FFF7FEFF 		bl	HAL_ADC_Init
 234              	.LVL10:
  27:src/adc.c     ****         ADC_error();
 235              		.loc 1 27 8 discriminator 1 view .LVU60
 236 003c D0B9     		cbnz	r0, .L21
  31:src/adc.c     ****     multimode.Mode = ADC_MODE_INDEPENDENT;
 237              		.loc 1 31 5 is_stmt 1 view .LVU61
  32:src/adc.c     ****     if (HAL_ADCEx_MultiModeConfigChannel(&ADC_INTERFACE, &multimode) != HAL_OK)
 238              		.loc 1 32 5 view .LVU62
  32:src/adc.c     ****     if (HAL_ADCEx_MultiModeConfigChannel(&ADC_INTERFACE, &multimode) != HAL_OK)
 239              		.loc 1 32 20 is_stmt 0 view .LVU63
 240 003e 0023     		movs	r3, #0
 241 0040 0993     		str	r3, [sp, #36]
  33:src/adc.c     ****     {
 242              		.loc 1 33 5 is_stmt 1 view .LVU64
  33:src/adc.c     ****     {
 243              		.loc 1 33 9 is_stmt 0 view .LVU65
 244 0042 09A9     		add	r1, sp, #36
 245 0044 0E48     		ldr	r0, .L24
 246 0046 FFF7FEFF 		bl	HAL_ADCEx_MultiModeConfigChannel
 247              	.LVL11:
  33:src/adc.c     ****     {
 248              		.loc 1 33 8 discriminator 1 view .LVU66
ARM GAS  /tmp/ccN2ZKKQ.s 			page 8


 249 004a A8B9     		cbnz	r0, .L22
  38:src/adc.c     ****     sConfig.Channel = ADC_CHANNEL_1;
 250              		.loc 1 38 5 is_stmt 1 view .LVU67
  39:src/adc.c     ****     sConfig.Rank = ADC_REGULAR_RANK_1;
 251              		.loc 1 39 5 view .LVU68
  39:src/adc.c     ****     sConfig.Rank = ADC_REGULAR_RANK_1;
 252              		.loc 1 39 21 is_stmt 0 view .LVU69
 253 004c 0E4B     		ldr	r3, .L24+8
 254 004e 0193     		str	r3, [sp, #4]
  40:src/adc.c     ****     sConfig.SamplingTime = ADC_SAMPLETIME_2CYCLES_5;
 255              		.loc 1 40 5 is_stmt 1 view .LVU70
  40:src/adc.c     ****     sConfig.SamplingTime = ADC_SAMPLETIME_2CYCLES_5;
 256              		.loc 1 40 18 is_stmt 0 view .LVU71
 257 0050 0623     		movs	r3, #6
 258 0052 0293     		str	r3, [sp, #8]
  41:src/adc.c     ****     sConfig.SingleDiff = ADC_SINGLE_ENDED;
 259              		.loc 1 41 5 is_stmt 1 view .LVU72
  41:src/adc.c     ****     sConfig.SingleDiff = ADC_SINGLE_ENDED;
 260              		.loc 1 41 26 is_stmt 0 view .LVU73
 261 0054 0023     		movs	r3, #0
 262 0056 0393     		str	r3, [sp, #12]
  42:src/adc.c     ****     sConfig.OffsetNumber = ADC_OFFSET_NONE;
 263              		.loc 1 42 5 is_stmt 1 view .LVU74
  42:src/adc.c     ****     sConfig.OffsetNumber = ADC_OFFSET_NONE;
 264              		.loc 1 42 24 is_stmt 0 view .LVU75
 265 0058 7F22     		movs	r2, #127
 266 005a 0492     		str	r2, [sp, #16]
  43:src/adc.c     ****     sConfig.Offset = 0;
 267              		.loc 1 43 5 is_stmt 1 view .LVU76
  43:src/adc.c     ****     sConfig.Offset = 0;
 268              		.loc 1 43 26 is_stmt 0 view .LVU77
 269 005c 0422     		movs	r2, #4
 270 005e 0592     		str	r2, [sp, #20]
  44:src/adc.c     ****     if (HAL_ADC_ConfigChannel(&ADC_INTERFACE, &sConfig) != HAL_OK)
 271              		.loc 1 44 5 is_stmt 1 view .LVU78
  44:src/adc.c     ****     if (HAL_ADC_ConfigChannel(&ADC_INTERFACE, &sConfig) != HAL_OK)
 272              		.loc 1 44 20 is_stmt 0 view .LVU79
 273 0060 0693     		str	r3, [sp, #24]
  45:src/adc.c     ****     {
 274              		.loc 1 45 5 is_stmt 1 view .LVU80
  45:src/adc.c     ****     {
 275              		.loc 1 45 9 is_stmt 0 view .LVU81
 276 0062 0DEB0201 		add	r1, sp, r2
 277 0066 0648     		ldr	r0, .L24
 278 0068 FFF7FEFF 		bl	HAL_ADC_ConfigChannel
 279              	.LVL12:
  45:src/adc.c     ****     {
 280              		.loc 1 45 8 discriminator 1 view .LVU82
 281 006c 30B9     		cbnz	r0, .L23
  49:src/adc.c     **** 
 282              		.loc 1 49 1 view .LVU83
 283 006e 0DB0     		add	sp, sp, #52
 284              	.LCFI3:
 285              		.cfi_remember_state
 286              		.cfi_def_cfa_offset 4
 287              		@ sp needed
 288 0070 5DF804FB 		ldr	pc, [sp], #4
ARM GAS  /tmp/ccN2ZKKQ.s 			page 9


 289              	.L21:
 290              	.LCFI4:
 291              		.cfi_restore_state
  28:src/adc.c     ****     }
 292              		.loc 1 28 9 is_stmt 1 view .LVU84
 293 0074 FFF7FEFF 		bl	ADC_error
 294              	.LVL13:
 295              	.L22:
  35:src/adc.c     ****     }
 296              		.loc 1 35 9 view .LVU85
 297 0078 FFF7FEFF 		bl	ADC_error
 298              	.LVL14:
 299              	.L23:
  47:src/adc.c     ****     }
 300              		.loc 1 47 9 view .LVU86
 301 007c FFF7FEFF 		bl	ADC_error
 302              	.LVL15:
 303              	.L25:
 304              		.align	2
 305              	.L24:
 306 0080 00000000 		.word	ADC_INTERFACE
 307 0084 00040050 		.word	1342178304
 308 0088 02003004 		.word	70254594
 309              		.cfi_endproc
 310              	.LFE329:
 312              		.section	.text.ADC_read,"ax",%progbits
 313              		.align	1
 314              		.global	ADC_read
 315              		.syntax unified
 316              		.thumb
 317              		.thumb_func
 319              	ADC_read:
 320              	.LFB330:
  51:src/adc.c     ****     uint32_t raw = 0;
 321              		.loc 1 51 25 view -0
 322              		.cfi_startproc
 323              		@ args = 0, pretend = 0, frame = 0
 324              		@ frame_needed = 0, uses_anonymous_args = 0
 325 0000 38B5     		push	{r3, r4, r5, lr}
 326              	.LCFI5:
 327              		.cfi_def_cfa_offset 16
 328              		.cfi_offset 3, -16
 329              		.cfi_offset 4, -12
 330              		.cfi_offset 5, -8
 331              		.cfi_offset 14, -4
  52:src/adc.c     **** 
 332              		.loc 1 52 5 view .LVU88
 333              	.LVL16:
  54:src/adc.c     ****     if (HAL_ADC_PollForConversion(&ADC_INTERFACE, ADC_DELAY) == HAL_OK) { 
 334              		.loc 1 54 5 view .LVU89
 335 0002 0A4C     		ldr	r4, .L32
 336 0004 2046     		mov	r0, r4
 337 0006 FFF7FEFF 		bl	HAL_ADC_Start
 338              	.LVL17:
  55:src/adc.c     ****         raw = HAL_ADC_GetValue(&ADC_INTERFACE);
 339              		.loc 1 55 5 view .LVU90
  55:src/adc.c     ****         raw = HAL_ADC_GetValue(&ADC_INTERFACE);
ARM GAS  /tmp/ccN2ZKKQ.s 			page 10


 340              		.loc 1 55 9 is_stmt 0 view .LVU91
 341 000a 0A21     		movs	r1, #10
 342 000c 2046     		mov	r0, r4
 343 000e FFF7FEFF 		bl	HAL_ADC_PollForConversion
 344              	.LVL18:
  55:src/adc.c     ****         raw = HAL_ADC_GetValue(&ADC_INTERFACE);
 345              		.loc 1 55 8 discriminator 1 view .LVU92
 346 0012 48B9     		cbnz	r0, .L31
  56:src/adc.c     ****     } 
 347              		.loc 1 56 9 is_stmt 1 view .LVU93
  56:src/adc.c     ****     } 
 348              		.loc 1 56 15 is_stmt 0 view .LVU94
 349 0014 054D     		ldr	r5, .L32
 350 0016 2846     		mov	r0, r5
 351 0018 FFF7FEFF 		bl	HAL_ADC_GetValue
 352              	.LVL19:
 353 001c 0446     		mov	r4, r0
 354              	.LVL20:
  61:src/adc.c     ****     return raw;
 355              		.loc 1 61 5 is_stmt 1 view .LVU95
 356 001e 2846     		mov	r0, r5
 357              	.LVL21:
  61:src/adc.c     ****     return raw;
 358              		.loc 1 61 5 is_stmt 0 view .LVU96
 359 0020 FFF7FEFF 		bl	HAL_ADC_Stop
 360              	.LVL22:
  62:src/adc.c     **** }
 361              		.loc 1 62 5 is_stmt 1 view .LVU97
  63:src/adc.c     **** 
 362              		.loc 1 63 1 is_stmt 0 view .LVU98
 363 0024 2046     		mov	r0, r4
 364 0026 38BD     		pop	{r3, r4, r5, pc}
 365              	.LVL23:
 366              	.L31:
  59:src/adc.c     ****     }
 367              		.loc 1 59 9 is_stmt 1 view .LVU99
 368 0028 FFF7FEFF 		bl	ADC_error
 369              	.LVL24:
 370              	.L33:
 371              		.align	2
 372              	.L32:
 373 002c 00000000 		.word	ADC_INTERFACE
 374              		.cfi_endproc
 375              	.LFE330:
 377              		.section	.text.ADC_readCurrent,"ax",%progbits
 378              		.align	1
 379              		.global	ADC_readCurrent
 380              		.syntax unified
 381              		.thumb
 382              		.thumb_func
 384              	ADC_readCurrent:
 385              	.LFB332:
  70:src/adc.c     ****     return ADC_calculateCurrent(ADC_read());
 386              		.loc 1 70 25 view -0
 387              		.cfi_startproc
 388              		@ args = 0, pretend = 0, frame = 0
 389              		@ frame_needed = 0, uses_anonymous_args = 0
ARM GAS  /tmp/ccN2ZKKQ.s 			page 11


 390 0000 08B5     		push	{r3, lr}
 391              	.LCFI6:
 392              		.cfi_def_cfa_offset 8
 393              		.cfi_offset 3, -8
 394              		.cfi_offset 14, -4
  71:src/adc.c     **** }
 395              		.loc 1 71 5 view .LVU101
  71:src/adc.c     **** }
 396              		.loc 1 71 12 is_stmt 0 view .LVU102
 397 0002 FFF7FEFF 		bl	ADC_read
 398              	.LVL25:
  71:src/adc.c     **** }
 399              		.loc 1 71 12 discriminator 1 view .LVU103
 400 0006 FFF7FEFF 		bl	ADC_calculateCurrent
 401              	.LVL26:
  72:src/adc.c     **** 
 402              		.loc 1 72 1 view .LVU104
 403 000a 08BD     		pop	{r3, pc}
 404              		.cfi_endproc
 405              	.LFE332:
 407              		.section	.text.HAL_ADC_MspInit,"ax",%progbits
 408              		.align	1
 409              		.global	HAL_ADC_MspInit
 410              		.syntax unified
 411              		.thumb
 412              		.thumb_func
 414              	HAL_ADC_MspInit:
 415              	.LVL27:
 416              	.LFB333:
  78:src/adc.c     ****     GPIO_InitTypeDef GPIO_InitStruct = {0};
 417              		.loc 1 78 52 is_stmt 1 view -0
 418              		.cfi_startproc
 419              		@ args = 0, pretend = 0, frame = 112
 420              		@ frame_needed = 0, uses_anonymous_args = 0
  78:src/adc.c     ****     GPIO_InitTypeDef GPIO_InitStruct = {0};
 421              		.loc 1 78 52 is_stmt 0 view .LVU106
 422 0000 10B5     		push	{r4, lr}
 423              	.LCFI7:
 424              		.cfi_def_cfa_offset 8
 425              		.cfi_offset 4, -8
 426              		.cfi_offset 14, -4
 427 0002 9CB0     		sub	sp, sp, #112
 428              	.LCFI8:
 429              		.cfi_def_cfa_offset 120
 430 0004 0446     		mov	r4, r0
  79:src/adc.c     ****     RCC_PeriphCLKInitTypeDef PeriphClkInit = {0};
 431              		.loc 1 79 5 is_stmt 1 view .LVU107
  79:src/adc.c     ****     RCC_PeriphCLKInitTypeDef PeriphClkInit = {0};
 432              		.loc 1 79 22 is_stmt 0 view .LVU108
 433 0006 0021     		movs	r1, #0
 434 0008 1791     		str	r1, [sp, #92]
 435 000a 1891     		str	r1, [sp, #96]
 436 000c 1991     		str	r1, [sp, #100]
 437 000e 1A91     		str	r1, [sp, #104]
 438 0010 1B91     		str	r1, [sp, #108]
  80:src/adc.c     **** 
 439              		.loc 1 80 5 is_stmt 1 view .LVU109
ARM GAS  /tmp/ccN2ZKKQ.s 			page 12


  80:src/adc.c     **** 
 440              		.loc 1 80 30 is_stmt 0 view .LVU110
 441 0012 5422     		movs	r2, #84
 442 0014 02A8     		add	r0, sp, #8
 443              	.LVL28:
  80:src/adc.c     **** 
 444              		.loc 1 80 30 view .LVU111
 445 0016 FFF7FEFF 		bl	memset
 446              	.LVL29:
  82:src/adc.c     ****         PeriphClkInit.PeriphClockSelection = RCC_PERIPHCLK_ADC345;
 447              		.loc 1 82 5 is_stmt 1 view .LVU112
  82:src/adc.c     ****         PeriphClkInit.PeriphClockSelection = RCC_PERIPHCLK_ADC345;
 448              		.loc 1 82 17 is_stmt 0 view .LVU113
 449 001a 2268     		ldr	r2, [r4]
  82:src/adc.c     ****         PeriphClkInit.PeriphClockSelection = RCC_PERIPHCLK_ADC345;
 450              		.loc 1 82 7 view .LVU114
 451 001c 174B     		ldr	r3, .L42
 452 001e 9A42     		cmp	r2, r3
 453 0020 01D0     		beq	.L40
 454              	.L36:
  97:src/adc.c     **** 
 455              		.loc 1 97 1 view .LVU115
 456 0022 1CB0     		add	sp, sp, #112
 457              	.LCFI9:
 458              		.cfi_remember_state
 459              		.cfi_def_cfa_offset 8
 460              		@ sp needed
 461 0024 10BD     		pop	{r4, pc}
 462              	.LVL30:
 463              	.L40:
 464              	.LCFI10:
 465              		.cfi_restore_state
  83:src/adc.c     ****         PeriphClkInit.Adc345ClockSelection = RCC_ADC345CLKSOURCE_SYSCLK;
 466              		.loc 1 83 9 is_stmt 1 view .LVU116
  83:src/adc.c     ****         PeriphClkInit.Adc345ClockSelection = RCC_ADC345CLKSOURCE_SYSCLK;
 467              		.loc 1 83 44 is_stmt 0 view .LVU117
 468 0026 4FF48033 		mov	r3, #65536
 469 002a 0293     		str	r3, [sp, #8]
  84:src/adc.c     ****         if (HAL_RCCEx_PeriphCLKConfig(&PeriphClkInit) != HAL_OK)
 470              		.loc 1 84 9 is_stmt 1 view .LVU118
  84:src/adc.c     ****         if (HAL_RCCEx_PeriphCLKConfig(&PeriphClkInit) != HAL_OK)
 471              		.loc 1 84 44 is_stmt 0 view .LVU119
 472 002c 4FF00043 		mov	r3, #-2147483648
 473 0030 1493     		str	r3, [sp, #80]
  85:src/adc.c     ****         {
 474              		.loc 1 85 9 is_stmt 1 view .LVU120
  85:src/adc.c     ****         {
 475              		.loc 1 85 13 is_stmt 0 view .LVU121
 476 0032 02A8     		add	r0, sp, #8
 477 0034 FFF7FEFF 		bl	HAL_RCCEx_PeriphCLKConfig
 478              	.LVL31:
  85:src/adc.c     ****         {
 479              		.loc 1 85 12 discriminator 1 view .LVU122
 480 0038 E8B9     		cbnz	r0, .L41
  90:src/adc.c     ****         __HAL_RCC_GPIOB_CLK_ENABLE();
 481              		.loc 1 90 9 is_stmt 1 view .LVU123
 482              	.LBB2:
ARM GAS  /tmp/ccN2ZKKQ.s 			page 13


  90:src/adc.c     ****         __HAL_RCC_GPIOB_CLK_ENABLE();
 483              		.loc 1 90 9 view .LVU124
  90:src/adc.c     ****         __HAL_RCC_GPIOB_CLK_ENABLE();
 484              		.loc 1 90 9 view .LVU125
 485 003a 114B     		ldr	r3, .L42+4
 486 003c DA6C     		ldr	r2, [r3, #76]
 487 003e 42F48042 		orr	r2, r2, #16384
 488 0042 DA64     		str	r2, [r3, #76]
  90:src/adc.c     ****         __HAL_RCC_GPIOB_CLK_ENABLE();
 489              		.loc 1 90 9 view .LVU126
 490 0044 DA6C     		ldr	r2, [r3, #76]
 491 0046 02F48042 		and	r2, r2, #16384
 492 004a 0092     		str	r2, [sp]
  90:src/adc.c     ****         __HAL_RCC_GPIOB_CLK_ENABLE();
 493              		.loc 1 90 9 view .LVU127
 494 004c 009A     		ldr	r2, [sp]
 495              	.LBE2:
  90:src/adc.c     ****         __HAL_RCC_GPIOB_CLK_ENABLE();
 496              		.loc 1 90 9 view .LVU128
  91:src/adc.c     ****         GPIO_InitStruct.Pin = GPIO_PIN_1;
 497              		.loc 1 91 9 view .LVU129
 498              	.LBB3:
  91:src/adc.c     ****         GPIO_InitStruct.Pin = GPIO_PIN_1;
 499              		.loc 1 91 9 view .LVU130
  91:src/adc.c     ****         GPIO_InitStruct.Pin = GPIO_PIN_1;
 500              		.loc 1 91 9 view .LVU131
 501 004e DA6C     		ldr	r2, [r3, #76]
 502 0050 42F00202 		orr	r2, r2, #2
 503 0054 DA64     		str	r2, [r3, #76]
  91:src/adc.c     ****         GPIO_InitStruct.Pin = GPIO_PIN_1;
 504              		.loc 1 91 9 view .LVU132
 505 0056 DB6C     		ldr	r3, [r3, #76]
 506 0058 03F00203 		and	r3, r3, #2
 507 005c 0193     		str	r3, [sp, #4]
  91:src/adc.c     ****         GPIO_InitStruct.Pin = GPIO_PIN_1;
 508              		.loc 1 91 9 view .LVU133
 509 005e 019B     		ldr	r3, [sp, #4]
 510              	.LBE3:
  91:src/adc.c     ****         GPIO_InitStruct.Pin = GPIO_PIN_1;
 511              		.loc 1 91 9 view .LVU134
  92:src/adc.c     ****         GPIO_InitStruct.Mode = GPIO_MODE_ANALOG;
 512              		.loc 1 92 9 view .LVU135
  92:src/adc.c     ****         GPIO_InitStruct.Mode = GPIO_MODE_ANALOG;
 513              		.loc 1 92 29 is_stmt 0 view .LVU136
 514 0060 0223     		movs	r3, #2
 515 0062 1793     		str	r3, [sp, #92]
  93:src/adc.c     ****         GPIO_InitStruct.Pull = GPIO_NOPULL;
 516              		.loc 1 93 9 is_stmt 1 view .LVU137
  93:src/adc.c     ****         GPIO_InitStruct.Pull = GPIO_NOPULL;
 517              		.loc 1 93 30 is_stmt 0 view .LVU138
 518 0064 0323     		movs	r3, #3
 519 0066 1893     		str	r3, [sp, #96]
  94:src/adc.c     ****         HAL_GPIO_Init(GPIOB, &GPIO_InitStruct);
 520              		.loc 1 94 9 is_stmt 1 view .LVU139
  94:src/adc.c     ****         HAL_GPIO_Init(GPIOB, &GPIO_InitStruct);
 521              		.loc 1 94 30 is_stmt 0 view .LVU140
 522 0068 0023     		movs	r3, #0
ARM GAS  /tmp/ccN2ZKKQ.s 			page 14


 523 006a 1993     		str	r3, [sp, #100]
  95:src/adc.c     ****     }
 524              		.loc 1 95 9 is_stmt 1 view .LVU141
 525 006c 17A9     		add	r1, sp, #92
 526 006e 0548     		ldr	r0, .L42+8
 527 0070 FFF7FEFF 		bl	HAL_GPIO_Init
 528              	.LVL32:
  97:src/adc.c     **** 
 529              		.loc 1 97 1 is_stmt 0 view .LVU142
 530 0074 D5E7     		b	.L36
 531              	.L41:
  87:src/adc.c     ****         }
 532              		.loc 1 87 13 is_stmt 1 view .LVU143
 533 0076 FFF7FEFF 		bl	ADC_error
 534              	.LVL33:
 535              	.L43:
 536 007a 00BF     		.align	2
 537              	.L42:
 538 007c 00040050 		.word	1342178304
 539 0080 00100240 		.word	1073876992
 540 0084 00040048 		.word	1207960576
 541              		.cfi_endproc
 542              	.LFE333:
 544              		.global	ADC_INTERFACE
 545              		.section	.bss.ADC_INTERFACE,"aw",%nobits
 546              		.align	2
 549              	ADC_INTERFACE:
 550 0000 00000000 		.space	108
 550      00000000 
 550      00000000 
 550      00000000 
 550      00000000 
 551              		.text
 552              	.Letext0:
 553              		.file 2 "/usr/arm-none-eabi/include/machine/_default_types.h"
 554              		.file 3 "/usr/arm-none-eabi/include/sys/_stdint.h"
 555              		.file 4 "platform/CMSIS/Device/ST/STM32G4xx/Include/stm32g474xx.h"
 556              		.file 5 "platform/CMSIS/Device/ST/STM32G4xx/Include/stm32g4xx.h"
 557              		.file 6 "platform/HAL/inc/stm32g4xx_hal_def.h"
 558              		.file 7 "platform/HAL/inc/stm32g4xx_hal_rcc_ex.h"
 559              		.file 8 "platform/HAL/inc/stm32g4xx_hal_gpio.h"
 560              		.file 9 "platform/HAL/inc/stm32g4xx_hal_dma.h"
 561              		.file 10 "platform/HAL/inc/stm32g4xx_hal_adc.h"
 562              		.file 11 "platform/HAL/inc/stm32g4xx_hal_adc_ex.h"
 563              		.file 12 "inc/adc.h"
 564              		.file 13 "<built-in>"
ARM GAS  /tmp/ccN2ZKKQ.s 			page 15


DEFINED SYMBOLS
                            *ABS*:00000000 adc.c
     /tmp/ccN2ZKKQ.s:21     .text.ADC_calculateCurrent:00000000 $t
     /tmp/ccN2ZKKQ.s:27     .text.ADC_calculateCurrent:00000000 ADC_calculateCurrent
     /tmp/ccN2ZKKQ.s:71     .text.ADC_calculateCurrent:0000003c $d
     /tmp/ccN2ZKKQ.s:80     .text.HAL_ADC_MspDeInit:00000000 $t
     /tmp/ccN2ZKKQ.s:86     .text.HAL_ADC_MspDeInit:00000000 HAL_ADC_MspDeInit
     /tmp/ccN2ZKKQ.s:129    .text.HAL_ADC_MspDeInit:00000020 $d
     /tmp/ccN2ZKKQ.s:136    .text.ADC_error:00000000 $t
     /tmp/ccN2ZKKQ.s:142    .text.ADC_error:00000000 ADC_error
     /tmp/ccN2ZKKQ.s:158    .text.ADC_init:00000000 $t
     /tmp/ccN2ZKKQ.s:164    .text.ADC_init:00000000 ADC_init
     /tmp/ccN2ZKKQ.s:306    .text.ADC_init:00000080 $d
     /tmp/ccN2ZKKQ.s:549    .bss.ADC_INTERFACE:00000000 ADC_INTERFACE
     /tmp/ccN2ZKKQ.s:313    .text.ADC_read:00000000 $t
     /tmp/ccN2ZKKQ.s:319    .text.ADC_read:00000000 ADC_read
     /tmp/ccN2ZKKQ.s:373    .text.ADC_read:0000002c $d
     /tmp/ccN2ZKKQ.s:378    .text.ADC_readCurrent:00000000 $t
     /tmp/ccN2ZKKQ.s:384    .text.ADC_readCurrent:00000000 ADC_readCurrent
     /tmp/ccN2ZKKQ.s:408    .text.HAL_ADC_MspInit:00000000 $t
     /tmp/ccN2ZKKQ.s:414    .text.HAL_ADC_MspInit:00000000 HAL_ADC_MspInit
     /tmp/ccN2ZKKQ.s:538    .text.HAL_ADC_MspInit:0000007c $d
     /tmp/ccN2ZKKQ.s:546    .bss.ADC_INTERFACE:00000000 $d

UNDEFINED SYMBOLS
HAL_GPIO_DeInit
HAL_ADC_Init
HAL_ADCEx_MultiModeConfigChannel
HAL_ADC_ConfigChannel
HAL_ADC_Start
HAL_ADC_PollForConversion
HAL_ADC_GetValue
HAL_ADC_Stop
memset
HAL_RCCEx_PeriphCLKConfig
HAL_GPIO_Init
