ARM GAS  /tmp/ccu8aQWy.s 			page 1


   1              		.cpu cortex-m4
   2              		.arch armv7e-m
   3              		.fpu fpv4-sp-d16
   4              		.eabi_attribute 27, 1
   5              		.eabi_attribute 28, 1
   6              		.eabi_attribute 20, 1
   7              		.eabi_attribute 21, 1
   8              		.eabi_attribute 23, 3
   9              		.eabi_attribute 24, 1
  10              		.eabi_attribute 25, 1
  11              		.eabi_attribute 26, 1
  12              		.eabi_attribute 30, 1
  13              		.eabi_attribute 34, 1
  14              		.eabi_attribute 18, 4
  15              		.file	"drv8703.c"
  16              		.text
  17              	.Ltext0:
  18              		.cfi_sections	.debug_frame
  19              		.file 1 "src/drv8703.c"
  20              		.section	.text.DRV_write,"ax",%progbits
  21              		.align	1
  22              		.global	DRV_write
  23              		.syntax unified
  24              		.thumb
  25              		.thumb_func
  27              	DRV_write:
  28              	.LVL0:
  29              	.LFB330:
   1:src/drv8703.c **** /**
   2:src/drv8703.c ****  * @file drv8703.c
   3:src/drv8703.c ****  * @brief Source file for DRV8703 driver functions
   4:src/drv8703.c ****  * Handles SPI communication and driver configuration.
   5:src/drv8703.c ****  */
   6:src/drv8703.c **** 
   7:src/drv8703.c **** #include "drv8703.h"
   8:src/drv8703.c **** #include "stm32g4xx_hal_spi.h"
   9:src/drv8703.c **** #include "stm32g4xx_hal_gpio.h"
  10:src/drv8703.c **** 
  11:src/drv8703.c **** SPI_HandleTypeDef DRV_SPI_INTERFACE;
  12:src/drv8703.c **** 
  13:src/drv8703.c **** /**
  14:src/drv8703.c ****  * @brief Initializes the DRV8703 driver.
  15:src/drv8703.c ****  * Configures the SPI interface and initializes required settings.
  16:src/drv8703.c ****  * @return true if initialization is successful, false otherwise.
  17:src/drv8703.c ****  */
  18:src/drv8703.c **** void DRV_init(void) {
  19:src/drv8703.c ****     MX_SPI_init();												//can fail; check return value?
  20:src/drv8703.c ****     MX_GPIO_init();
  21:src/drv8703.c **** 
  22:src/drv8703.c **** 	char pData[6] = {0};
  23:src/drv8703.c **** 	DRV_read(DRV_MAIN, (unsigned char *)pData);                 // dummy read
  24:src/drv8703.c **** 	DRV_modify_set(DRV_MAIN, DRV_MAIN_CLR_FLT_MASK);            // clear lock
  25:src/drv8703.c **** 
  26:src/drv8703.c ****     DRV_write(DRV_IDRIVE_WD, DRV_IDRIVE_WD_IDRIVE_MASK(0b101)); // sets correct IDRIVE current
  27:src/drv8703.c ****     DRV_write(DRV_CONFIG, DRV_CONFIG_GAIN_CS_MASK(0b11));       // gain current
  28:src/drv8703.c **** }
  29:src/drv8703.c **** 
ARM GAS  /tmp/ccu8aQWy.s 			page 2


  30:src/drv8703.c **** /**
  31:src/drv8703.c ****  * @brief Writes data to a specific register in the DRV8703 driver.
  32:src/drv8703.c ****  * @param address 4-bit register address.
  33:src/drv8703.c ****  * @param data 8-bit data to be written.
  34:src/drv8703.c ****  * @return true if write operation is successful, false otherwise.
  35:src/drv8703.c ****  */
  36:src/drv8703.c **** bool DRV_write(uint8_t address, uint8_t data) {
  30              		.loc 1 36 47 view -0
  31              		.cfi_startproc
  32              		@ args = 0, pretend = 0, frame = 8
  33              		@ frame_needed = 0, uses_anonymous_args = 0
  34              		.loc 1 36 47 is_stmt 0 view .LVU1
  35 0000 10B5     		push	{r4, lr}
  36              	.LCFI0:
  37              		.cfi_def_cfa_offset 8
  38              		.cfi_offset 4, -8
  39              		.cfi_offset 14, -4
  40 0002 84B0     		sub	sp, sp, #16
  41              	.LCFI1:
  42              		.cfi_def_cfa_offset 24
  37:src/drv8703.c ****     uint8_t message[2] = {0}, buffer = 0;
  43              		.loc 1 37 5 is_stmt 1 view .LVU2
  44              		.loc 1 37 13 is_stmt 0 view .LVU3
  45 0004 0023     		movs	r3, #0
  46 0006 ADF80C30 		strh	r3, [sp, #12]	@ movhi
  47              		.loc 1 37 31 view .LVU4
  48 000a 8DF80B30 		strb	r3, [sp, #11]
  38:src/drv8703.c ****     bool success = true;
  49              		.loc 1 38 5 is_stmt 1 view .LVU5
  50              	.LVL1:
  39:src/drv8703.c **** 
  40:src/drv8703.c ****     if (address > DRV_REG_MAP_SIZE) success = false;
  51              		.loc 1 40 5 view .LVU6
  52              		.loc 1 40 8 is_stmt 0 view .LVU7
  53 000e 0528     		cmp	r0, #5
  54 0010 03D9     		bls	.L7
  55              		.loc 1 40 45 discriminator 1 view .LVU8
  56 0012 0024     		movs	r4, #0
  57              	.LVL2:
  58              	.L2:
  41:src/drv8703.c ****     else {
  42:src/drv8703.c ****     	message[0] = DRV_ADDR_MASK(address);
  43:src/drv8703.c ****     	message[1] = data;
  44:src/drv8703.c ****         HAL_GPIO_WritePin(GPIOA, GPIO_PIN_4, GPIO_PIN_RESET);
  45:src/drv8703.c ****         if (HAL_SPI_TransmitReceive(&DRV_SPI_INTERFACE, message, &buffer, 2, DRV_SPI_TIMEOUT) != HA
  46:src/drv8703.c ****             success = false;
  47:src/drv8703.c ****         }
  48:src/drv8703.c ****         HAL_GPIO_WritePin(GPIOA, GPIO_PIN_4, GPIO_PIN_SET);
  49:src/drv8703.c ****     }
  50:src/drv8703.c **** 
  51:src/drv8703.c ****     return success;
  59              		.loc 1 51 5 is_stmt 1 view .LVU9
  52:src/drv8703.c **** }
  60              		.loc 1 52 1 is_stmt 0 view .LVU10
  61 0014 2046     		mov	r0, r4
  62 0016 04B0     		add	sp, sp, #16
  63              	.LCFI2:
ARM GAS  /tmp/ccu8aQWy.s 			page 3


  64              		.cfi_remember_state
  65              		.cfi_def_cfa_offset 8
  66              		@ sp needed
  67 0018 10BD     		pop	{r4, pc}
  68              	.LVL3:
  69              	.L7:
  70              	.LCFI3:
  71              		.cfi_restore_state
  42:src/drv8703.c ****     	message[1] = data;
  72              		.loc 1 42 6 is_stmt 1 view .LVU11
  42:src/drv8703.c ****     	message[1] = data;
  73              		.loc 1 42 19 is_stmt 0 view .LVU12
  74 001a C000     		lsls	r0, r0, #3
  75              	.LVL4:
  42:src/drv8703.c ****     	message[1] = data;
  76              		.loc 1 42 19 view .LVU13
  77 001c 00F07800 		and	r0, r0, #120
  42:src/drv8703.c ****     	message[1] = data;
  78              		.loc 1 42 17 view .LVU14
  79 0020 8DF80C00 		strb	r0, [sp, #12]
  43:src/drv8703.c ****         HAL_GPIO_WritePin(GPIOA, GPIO_PIN_4, GPIO_PIN_RESET);
  80              		.loc 1 43 6 is_stmt 1 view .LVU15
  43:src/drv8703.c ****         HAL_GPIO_WritePin(GPIOA, GPIO_PIN_4, GPIO_PIN_RESET);
  81              		.loc 1 43 17 is_stmt 0 view .LVU16
  82 0024 8DF80D10 		strb	r1, [sp, #13]
  44:src/drv8703.c ****         if (HAL_SPI_TransmitReceive(&DRV_SPI_INTERFACE, message, &buffer, 2, DRV_SPI_TIMEOUT) != HA
  83              		.loc 1 44 9 is_stmt 1 view .LVU17
  84 0028 1A46     		mov	r2, r3
  85 002a 1021     		movs	r1, #16
  86              	.LVL5:
  44:src/drv8703.c ****         if (HAL_SPI_TransmitReceive(&DRV_SPI_INTERFACE, message, &buffer, 2, DRV_SPI_TIMEOUT) != HA
  87              		.loc 1 44 9 is_stmt 0 view .LVU18
  88 002c 4FF09040 		mov	r0, #1207959552
  89 0030 FFF7FEFF 		bl	HAL_GPIO_WritePin
  90              	.LVL6:
  45:src/drv8703.c ****             success = false;
  91              		.loc 1 45 9 is_stmt 1 view .LVU19
  45:src/drv8703.c ****             success = false;
  92              		.loc 1 45 13 is_stmt 0 view .LVU20
  93 0034 0A23     		movs	r3, #10
  94 0036 0093     		str	r3, [sp]
  95 0038 0223     		movs	r3, #2
  96 003a 0DF10B02 		add	r2, sp, #11
  97 003e 03A9     		add	r1, sp, #12
  98 0040 0648     		ldr	r0, .L8
  99 0042 FFF7FEFF 		bl	HAL_SPI_TransmitReceive
 100              	.LVL7:
  45:src/drv8703.c ****             success = false;
 101              		.loc 1 45 12 discriminator 1 view .LVU21
 102 0046 38B9     		cbnz	r0, .L5
  38:src/drv8703.c **** 
 103              		.loc 1 38 10 view .LVU22
 104 0048 0124     		movs	r4, #1
 105              	.L3:
 106              	.LVL8:
  48:src/drv8703.c ****     }
 107              		.loc 1 48 9 is_stmt 1 view .LVU23
ARM GAS  /tmp/ccu8aQWy.s 			page 4


 108 004a 0122     		movs	r2, #1
 109 004c 1021     		movs	r1, #16
 110 004e 4FF09040 		mov	r0, #1207959552
 111 0052 FFF7FEFF 		bl	HAL_GPIO_WritePin
 112              	.LVL9:
 113 0056 DDE7     		b	.L2
 114              	.LVL10:
 115              	.L5:
  46:src/drv8703.c ****         }
 116              		.loc 1 46 21 is_stmt 0 view .LVU24
 117 0058 0024     		movs	r4, #0
 118 005a F6E7     		b	.L3
 119              	.L9:
 120              		.align	2
 121              	.L8:
 122 005c 00000000 		.word	DRV_SPI_INTERFACE
 123              		.cfi_endproc
 124              	.LFE330:
 126              		.section	.text.DRV_read,"ax",%progbits
 127              		.align	1
 128              		.global	DRV_read
 129              		.syntax unified
 130              		.thumb
 131              		.thumb_func
 133              	DRV_read:
 134              	.LVL11:
 135              	.LFB331:
  53:src/drv8703.c **** 
  54:src/drv8703.c **** /**
  55:src/drv8703.c ****  * @brief Reads data from a specific register in the DRV8703 driver.
  56:src/drv8703.c ****  * @param address 4-bit register address.
  57:src/drv8703.c ****  * @param data Pointer to store the read 8-bit data.
  58:src/drv8703.c ****  * @return true if read operation is successful, false otherwise.
  59:src/drv8703.c ****  */
  60:src/drv8703.c **** bool DRV_read(uint8_t address, uint8_t* data) {
 136              		.loc 1 60 47 is_stmt 1 view -0
 137              		.cfi_startproc
 138              		@ args = 0, pretend = 0, frame = 8
 139              		@ frame_needed = 0, uses_anonymous_args = 0
 140              		.loc 1 60 47 is_stmt 0 view .LVU26
 141 0000 30B5     		push	{r4, r5, lr}
 142              	.LCFI4:
 143              		.cfi_def_cfa_offset 12
 144              		.cfi_offset 4, -12
 145              		.cfi_offset 5, -8
 146              		.cfi_offset 14, -4
 147 0002 85B0     		sub	sp, sp, #20
 148              	.LCFI5:
 149              		.cfi_def_cfa_offset 32
 150 0004 0C46     		mov	r4, r1
  61:src/drv8703.c **** 		bool success = true;
 151              		.loc 1 61 3 is_stmt 1 view .LVU27
 152              	.LVL12:
  62:src/drv8703.c **** 		uint8_t message = 0, buffer = 0;
 153              		.loc 1 62 3 view .LVU28
 154              		.loc 1 62 11 is_stmt 0 view .LVU29
 155 0006 0023     		movs	r3, #0
ARM GAS  /tmp/ccu8aQWy.s 			page 5


 156 0008 8DF80F30 		strb	r3, [sp, #15]
 157              		.loc 1 62 24 view .LVU30
 158 000c 8DF80E30 		strb	r3, [sp, #14]
  63:src/drv8703.c **** 
  64:src/drv8703.c **** 	    if (address > 0x0F) success = false;
 159              		.loc 1 64 6 is_stmt 1 view .LVU31
 160              		.loc 1 64 9 is_stmt 0 view .LVU32
 161 0010 0F28     		cmp	r0, #15
 162 0012 06D9     		bls	.L16
 163              		.loc 1 64 34 discriminator 1 view .LVU33
 164 0014 0025     		movs	r5, #0
 165              	.LVL13:
 166              	.L11:
  65:src/drv8703.c **** 	    else {
  66:src/drv8703.c **** 	    	message = DRV_READWRITE_MASK | DRV_ADDR_MASK(address);
  67:src/drv8703.c **** 	    	HAL_GPIO_WritePin(GPIOA, GPIO_PIN_4, GPIO_PIN_RESET);
  68:src/drv8703.c **** 	        if (HAL_SPI_TransmitReceive(&DRV_SPI_INTERFACE, &message, &buffer, 2, DRV_SPI_TIMEOUT) != 
  69:src/drv8703.c **** 	            success = false;
  70:src/drv8703.c **** 	        }
  71:src/drv8703.c **** 	        HAL_GPIO_WritePin(GPIOA, GPIO_PIN_4, GPIO_PIN_SET);
  72:src/drv8703.c **** 	    }
  73:src/drv8703.c **** 	    *data = (buffer & 0x00FF);
 167              		.loc 1 73 6 is_stmt 1 view .LVU34
 168              		.loc 1 73 12 is_stmt 0 view .LVU35
 169 0016 9DF80E30 		ldrb	r3, [sp, #14]	@ zero_extendqisi2
 170 001a 2370     		strb	r3, [r4]
  74:src/drv8703.c **** 
  75:src/drv8703.c ****     return success;
 171              		.loc 1 75 5 is_stmt 1 view .LVU36
  76:src/drv8703.c **** }
 172              		.loc 1 76 1 is_stmt 0 view .LVU37
 173 001c 2846     		mov	r0, r5
 174 001e 05B0     		add	sp, sp, #20
 175              	.LCFI6:
 176              		.cfi_remember_state
 177              		.cfi_def_cfa_offset 12
 178              		@ sp needed
 179 0020 30BD     		pop	{r4, r5, pc}
 180              	.LVL14:
 181              	.L16:
 182              	.LCFI7:
 183              		.cfi_restore_state
  66:src/drv8703.c **** 	    	HAL_GPIO_WritePin(GPIOA, GPIO_PIN_4, GPIO_PIN_RESET);
 184              		.loc 1 66 7 is_stmt 1 view .LVU38
  66:src/drv8703.c **** 	    	HAL_GPIO_WritePin(GPIOA, GPIO_PIN_4, GPIO_PIN_RESET);
 185              		.loc 1 66 38 is_stmt 0 view .LVU39
 186 0022 C000     		lsls	r0, r0, #3
 187              	.LVL15:
  66:src/drv8703.c **** 	    	HAL_GPIO_WritePin(GPIOA, GPIO_PIN_4, GPIO_PIN_RESET);
 188              		.loc 1 66 38 view .LVU40
 189 0024 00F07800 		and	r0, r0, #120
  66:src/drv8703.c **** 	    	HAL_GPIO_WritePin(GPIOA, GPIO_PIN_4, GPIO_PIN_RESET);
 190              		.loc 1 66 36 view .LVU41
 191 0028 40F08000 		orr	r0, r0, #128
  66:src/drv8703.c **** 	    	HAL_GPIO_WritePin(GPIOA, GPIO_PIN_4, GPIO_PIN_RESET);
 192              		.loc 1 66 15 view .LVU42
 193 002c 8DF80F00 		strb	r0, [sp, #15]
ARM GAS  /tmp/ccu8aQWy.s 			page 6


  67:src/drv8703.c **** 	        if (HAL_SPI_TransmitReceive(&DRV_SPI_INTERFACE, &message, &buffer, 2, DRV_SPI_TIMEOUT) != 
 194              		.loc 1 67 7 is_stmt 1 view .LVU43
 195 0030 1A46     		mov	r2, r3
 196 0032 1021     		movs	r1, #16
 197              	.LVL16:
  67:src/drv8703.c **** 	        if (HAL_SPI_TransmitReceive(&DRV_SPI_INTERFACE, &message, &buffer, 2, DRV_SPI_TIMEOUT) != 
 198              		.loc 1 67 7 is_stmt 0 view .LVU44
 199 0034 4FF09040 		mov	r0, #1207959552
 200 0038 FFF7FEFF 		bl	HAL_GPIO_WritePin
 201              	.LVL17:
  68:src/drv8703.c **** 	            success = false;
 202              		.loc 1 68 10 is_stmt 1 view .LVU45
  68:src/drv8703.c **** 	            success = false;
 203              		.loc 1 68 14 is_stmt 0 view .LVU46
 204 003c 0A23     		movs	r3, #10
 205 003e 0093     		str	r3, [sp]
 206 0040 0223     		movs	r3, #2
 207 0042 0DF10E02 		add	r2, sp, #14
 208 0046 0DF10F01 		add	r1, sp, #15
 209 004a 0748     		ldr	r0, .L17
 210 004c FFF7FEFF 		bl	HAL_SPI_TransmitReceive
 211              	.LVL18:
  68:src/drv8703.c **** 	            success = false;
 212              		.loc 1 68 13 discriminator 1 view .LVU47
 213 0050 38B9     		cbnz	r0, .L14
  61:src/drv8703.c **** 		uint8_t message = 0, buffer = 0;
 214              		.loc 1 61 8 view .LVU48
 215 0052 0125     		movs	r5, #1
 216              	.L12:
 217              	.LVL19:
  71:src/drv8703.c **** 	    }
 218              		.loc 1 71 10 is_stmt 1 view .LVU49
 219 0054 0122     		movs	r2, #1
 220 0056 1021     		movs	r1, #16
 221 0058 4FF09040 		mov	r0, #1207959552
 222 005c FFF7FEFF 		bl	HAL_GPIO_WritePin
 223              	.LVL20:
 224 0060 D9E7     		b	.L11
 225              	.LVL21:
 226              	.L14:
  69:src/drv8703.c **** 	        }
 227              		.loc 1 69 22 is_stmt 0 view .LVU50
 228 0062 0025     		movs	r5, #0
 229 0064 F6E7     		b	.L12
 230              	.L18:
 231 0066 00BF     		.align	2
 232              	.L17:
 233 0068 00000000 		.word	DRV_SPI_INTERFACE
 234              		.cfi_endproc
 235              	.LFE331:
 237              		.section	.text.DRV_modify_set,"ax",%progbits
 238              		.align	1
 239              		.global	DRV_modify_set
 240              		.syntax unified
 241              		.thumb
 242              		.thumb_func
 244              	DRV_modify_set:
ARM GAS  /tmp/ccu8aQWy.s 			page 7


 245              	.LVL22:
 246              	.LFB332:
  77:src/drv8703.c **** 
  78:src/drv8703.c **** /**
  79:src/drv8703.c ****  * @brief Sets data in specific register in the DRV8703 driver.
  80:src/drv8703.c ****  * @param address 4-bit register address.
  81:src/drv8703.c ****  * @param data to be set, all unmentioned bits will remain unchanged.
  82:src/drv8703.c ****  * @return true if write operation is successful, false otherwise.
  83:src/drv8703.c ****  */
  84:src/drv8703.c **** bool DRV_modify_set(uint8_t address, uint8_t data) {
 247              		.loc 1 84 52 is_stmt 1 view -0
 248              		.cfi_startproc
 249              		@ args = 0, pretend = 0, frame = 8
 250              		@ frame_needed = 0, uses_anonymous_args = 0
 251              		.loc 1 84 52 is_stmt 0 view .LVU52
 252 0000 30B5     		push	{r4, r5, lr}
 253              	.LCFI8:
 254              		.cfi_def_cfa_offset 12
 255              		.cfi_offset 4, -12
 256              		.cfi_offset 5, -8
 257              		.cfi_offset 14, -4
 258 0002 83B0     		sub	sp, sp, #12
 259              	.LCFI9:
 260              		.cfi_def_cfa_offset 24
 261 0004 0546     		mov	r5, r0
 262 0006 0C46     		mov	r4, r1
  85:src/drv8703.c **** 	uint8_t reg = 0;
 263              		.loc 1 85 2 is_stmt 1 view .LVU53
 264              		.loc 1 85 10 is_stmt 0 view .LVU54
 265 0008 0023     		movs	r3, #0
 266 000a 8DF80730 		strb	r3, [sp, #7]
  86:src/drv8703.c ****     bool success = 0;
 267              		.loc 1 86 5 is_stmt 1 view .LVU55
 268              	.LVL23:
  87:src/drv8703.c **** 
  88:src/drv8703.c **** 	success = DRV_read(address, &reg);
 269              		.loc 1 88 2 view .LVU56
 270              		.loc 1 88 12 is_stmt 0 view .LVU57
 271 000e 0DF10701 		add	r1, sp, #7
 272              	.LVL24:
 273              		.loc 1 88 12 view .LVU58
 274 0012 FFF7FEFF 		bl	DRV_read
 275              	.LVL25:
  89:src/drv8703.c ****     if (success) {
 276              		.loc 1 89 5 is_stmt 1 view .LVU59
 277              		.loc 1 89 8 is_stmt 0 view .LVU60
 278 0016 08B9     		cbnz	r0, .L22
 279              	.L20:
 280              	.LVL26:
  90:src/drv8703.c ****         reg |= data;
  91:src/drv8703.c ****         success = DRV_write(address, reg);
  92:src/drv8703.c ****     }
  93:src/drv8703.c ****     return success;
 281              		.loc 1 93 5 is_stmt 1 view .LVU61
  94:src/drv8703.c **** }
 282              		.loc 1 94 1 is_stmt 0 view .LVU62
 283 0018 03B0     		add	sp, sp, #12
ARM GAS  /tmp/ccu8aQWy.s 			page 8


 284              	.LCFI10:
 285              		.cfi_remember_state
 286              		.cfi_def_cfa_offset 12
 287              		@ sp needed
 288 001a 30BD     		pop	{r4, r5, pc}
 289              	.LVL27:
 290              	.L22:
 291              	.LCFI11:
 292              		.cfi_restore_state
  90:src/drv8703.c ****         reg |= data;
 293              		.loc 1 90 9 is_stmt 1 view .LVU63
  90:src/drv8703.c ****         reg |= data;
 294              		.loc 1 90 13 is_stmt 0 view .LVU64
 295 001c 9DF80730 		ldrb	r3, [sp, #7]	@ zero_extendqisi2
 296 0020 44EA0301 		orr	r1, r4, r3
 297 0024 8DF80710 		strb	r1, [sp, #7]
  91:src/drv8703.c ****     }
 298              		.loc 1 91 9 is_stmt 1 view .LVU65
  91:src/drv8703.c ****     }
 299              		.loc 1 91 19 is_stmt 0 view .LVU66
 300 0028 2846     		mov	r0, r5
 301 002a FFF7FEFF 		bl	DRV_write
 302              	.LVL28:
 303 002e F3E7     		b	.L20
 304              		.cfi_endproc
 305              	.LFE332:
 307              		.section	.text.DRV_modify_reset,"ax",%progbits
 308              		.align	1
 309              		.global	DRV_modify_reset
 310              		.syntax unified
 311              		.thumb
 312              		.thumb_func
 314              	DRV_modify_reset:
 315              	.LVL29:
 316              	.LFB333:
  95:src/drv8703.c **** 
  96:src/drv8703.c **** /**
  97:src/drv8703.c ****  * @brief Modifies data in specific register in the DRV8703 driver.
  98:src/drv8703.c ****  * @param address 4-bit register address.
  99:src/drv8703.c ****  * @param data to be reset, all unmentioned bits will remain unchanged.
 100:src/drv8703.c ****  * @return true if write operation is successful, false otherwise.
 101:src/drv8703.c ****  */
 102:src/drv8703.c **** bool DRV_modify_reset(uint8_t address, uint8_t data) {
 317              		.loc 1 102 54 is_stmt 1 view -0
 318              		.cfi_startproc
 319              		@ args = 0, pretend = 0, frame = 8
 320              		@ frame_needed = 0, uses_anonymous_args = 0
 321              		.loc 1 102 54 is_stmt 0 view .LVU68
 322 0000 30B5     		push	{r4, r5, lr}
 323              	.LCFI12:
 324              		.cfi_def_cfa_offset 12
 325              		.cfi_offset 4, -12
 326              		.cfi_offset 5, -8
 327              		.cfi_offset 14, -4
 328 0002 83B0     		sub	sp, sp, #12
 329              	.LCFI13:
 330              		.cfi_def_cfa_offset 24
ARM GAS  /tmp/ccu8aQWy.s 			page 9


 331 0004 0546     		mov	r5, r0
 332 0006 0C46     		mov	r4, r1
 103:src/drv8703.c **** 	uint8_t reg = 0;
 333              		.loc 1 103 2 is_stmt 1 view .LVU69
 334              		.loc 1 103 10 is_stmt 0 view .LVU70
 335 0008 0023     		movs	r3, #0
 336 000a 8DF80730 		strb	r3, [sp, #7]
 104:src/drv8703.c ****     bool success = 0;
 337              		.loc 1 104 5 is_stmt 1 view .LVU71
 338              	.LVL30:
 105:src/drv8703.c **** 
 106:src/drv8703.c **** 	success = DRV_read(address, &reg);
 339              		.loc 1 106 2 view .LVU72
 340              		.loc 1 106 12 is_stmt 0 view .LVU73
 341 000e 0DF10701 		add	r1, sp, #7
 342              	.LVL31:
 343              		.loc 1 106 12 view .LVU74
 344 0012 FFF7FEFF 		bl	DRV_read
 345              	.LVL32:
 107:src/drv8703.c ****     if (success) {
 346              		.loc 1 107 5 is_stmt 1 view .LVU75
 347              		.loc 1 107 8 is_stmt 0 view .LVU76
 348 0016 08B9     		cbnz	r0, .L26
 349              	.LVL33:
 350              	.L24:
 108:src/drv8703.c ****         reg &= ~data;
 109:src/drv8703.c ****         success = DRV_write(address, reg);
 110:src/drv8703.c ****     }
 111:src/drv8703.c ****     return success;
 351              		.loc 1 111 5 is_stmt 1 view .LVU77
 112:src/drv8703.c **** }
 352              		.loc 1 112 1 is_stmt 0 view .LVU78
 353 0018 03B0     		add	sp, sp, #12
 354              	.LCFI14:
 355              		.cfi_remember_state
 356              		.cfi_def_cfa_offset 12
 357              		@ sp needed
 358 001a 30BD     		pop	{r4, r5, pc}
 359              	.LVL34:
 360              	.L26:
 361              	.LCFI15:
 362              		.cfi_restore_state
 108:src/drv8703.c ****         reg &= ~data;
 363              		.loc 1 108 9 is_stmt 1 view .LVU79
 108:src/drv8703.c ****         reg &= ~data;
 364              		.loc 1 108 13 is_stmt 0 view .LVU80
 365 001c E443     		mvns	r4, r4
 366 001e 64B2     		sxtb	r4, r4
 367 0020 9DF80710 		ldrb	r1, [sp, #7]	@ zero_extendqisi2
 368 0024 2140     		ands	r1, r1, r4
 369 0026 8DF80710 		strb	r1, [sp, #7]
 109:src/drv8703.c ****     }
 370              		.loc 1 109 9 is_stmt 1 view .LVU81
 109:src/drv8703.c ****     }
 371              		.loc 1 109 19 is_stmt 0 view .LVU82
 372 002a 2846     		mov	r0, r5
 373 002c FFF7FEFF 		bl	DRV_write
ARM GAS  /tmp/ccu8aQWy.s 			page 10


 374              	.LVL35:
 375 0030 F2E7     		b	.L24
 376              		.cfi_endproc
 377              	.LFE333:
 379              		.section	.text.DRV_writeRegister,"ax",%progbits
 380              		.align	1
 381              		.global	DRV_writeRegister
 382              		.syntax unified
 383              		.thumb
 384              		.thumb_func
 386              	DRV_writeRegister:
 387              	.LVL36:
 388              	.LFB334:
 113:src/drv8703.c **** 
 114:src/drv8703.c **** /**
 115:src/drv8703.c ****  * @brief Writes data to multiple registers in the DRV8703 driver.
 116:src/drv8703.c ****  * @param data Pointer to an array containing data for registers.
 117:src/drv8703.c ****  * @param filter Bit mask to filter out specific registers.
 118:src/drv8703.c ****  * @return true if write operation is successful, false otherwise.
 119:src/drv8703.c ****  */
 120:src/drv8703.c **** bool DRV_writeRegister(uint8_t* data, uint8_t filter) {
 389              		.loc 1 120 55 is_stmt 1 view -0
 390              		.cfi_startproc
 391              		@ args = 0, pretend = 0, frame = 0
 392              		@ frame_needed = 0, uses_anonymous_args = 0
 393              		.loc 1 120 55 is_stmt 0 view .LVU84
 394 0000 70B5     		push	{r4, r5, r6, lr}
 395              	.LCFI16:
 396              		.cfi_def_cfa_offset 16
 397              		.cfi_offset 4, -16
 398              		.cfi_offset 5, -12
 399              		.cfi_offset 6, -8
 400              		.cfi_offset 14, -4
 401 0002 0646     		mov	r6, r0
 402 0004 0D46     		mov	r5, r1
 121:src/drv8703.c ****     bool success = true;
 403              		.loc 1 121 5 is_stmt 1 view .LVU85
 404              	.LVL37:
 122:src/drv8703.c **** 
 123:src/drv8703.c ****     for (int i = 0; i < DRV_REG_MAP_SIZE + 1; i++) {
 405              		.loc 1 123 5 view .LVU86
 406              	.LBB2:
 407              		.loc 1 123 10 view .LVU87
 408              		.loc 1 123 14 is_stmt 0 view .LVU88
 409 0006 0024     		movs	r4, #0
 410              	.LBE2:
 121:src/drv8703.c ****     bool success = true;
 411              		.loc 1 121 10 view .LVU89
 412 0008 0122     		movs	r2, #1
 413              	.LBB3:
 414              		.loc 1 123 5 view .LVU90
 415 000a 00E0     		b	.L28
 416              	.LVL38:
 417              	.L29:
 418              		.loc 1 123 48 is_stmt 1 discriminator 2 view .LVU91
 419 000c 0134     		adds	r4, r4, #1
 420              	.LVL39:
ARM GAS  /tmp/ccu8aQWy.s 			page 11


 421              	.L28:
 422              		.loc 1 123 23 discriminator 1 view .LVU92
 423 000e 052C     		cmp	r4, #5
 424 0010 0FDC     		bgt	.L30
 124:src/drv8703.c ****         if (!(filter & (1<<(DRV_REG_MAP_SIZE-i)))) {
 425              		.loc 1 124 9 view .LVU93
 426              		.loc 1 124 45 is_stmt 0 view .LVU94
 427 0012 C4F10503 		rsb	r3, r4, #5
 428              		.loc 1 124 13 view .LVU95
 429 0016 45FA03F3 		asr	r3, r5, r3
 430              		.loc 1 124 12 view .LVU96
 431 001a 13F0010F 		tst	r3, #1
 432 001e F5D1     		bne	.L29
 125:src/drv8703.c ****             success = DRV_write(DRV_REG_MAP_SIZE-i, data[i]);
 433              		.loc 1 125 13 is_stmt 1 view .LVU97
 434              		.loc 1 125 23 is_stmt 0 view .LVU98
 435 0020 C4F10500 		rsb	r0, r4, #5
 436 0024 315D     		ldrb	r1, [r6, r4]	@ zero_extendqisi2
 437 0026 C0B2     		uxtb	r0, r0
 438 0028 FFF7FEFF 		bl	DRV_write
 439              	.LVL40:
 126:src/drv8703.c ****             if (!success) break;
 440              		.loc 1 126 13 is_stmt 1 view .LVU99
 441              		.loc 1 126 16 is_stmt 0 view .LVU100
 442 002c 0246     		mov	r2, r0
 443 002e 0028     		cmp	r0, #0
 444 0030 ECD1     		bne	.L29
 445              	.LVL41:
 446              	.L30:
 447              		.loc 1 126 16 view .LVU101
 448              	.LBE3:
 127:src/drv8703.c ****         }
 128:src/drv8703.c ****     }
 129:src/drv8703.c **** 
 130:src/drv8703.c ****     return success;
 449              		.loc 1 130 5 is_stmt 1 view .LVU102
 131:src/drv8703.c **** }
 450              		.loc 1 131 1 is_stmt 0 view .LVU103
 451 0032 1046     		mov	r0, r2
 452 0034 70BD     		pop	{r4, r5, r6, pc}
 453              		.loc 1 131 1 view .LVU104
 454              		.cfi_endproc
 455              	.LFE334:
 457              		.section	.text.DRV_readRegister,"ax",%progbits
 458              		.align	1
 459              		.global	DRV_readRegister
 460              		.syntax unified
 461              		.thumb
 462              		.thumb_func
 464              	DRV_readRegister:
 465              	.LVL42:
 466              	.LFB335:
 132:src/drv8703.c **** 
 133:src/drv8703.c **** /**
 134:src/drv8703.c ****  * @brief Reads data from all registers in the DRV8703 driver.
 135:src/drv8703.c ****  * @param data Pointer to an array where register data will be stored.
 136:src/drv8703.c ****  * @param filter Bit mask to filter out specific registers.
ARM GAS  /tmp/ccu8aQWy.s 			page 12


 137:src/drv8703.c ****  * @return true if read operation is successful, false otherwise.
 138:src/drv8703.c ****  */
 139:src/drv8703.c **** bool DRV_readRegister(uint8_t* data, uint8_t filter) {
 467              		.loc 1 139 54 is_stmt 1 view -0
 468              		.cfi_startproc
 469              		@ args = 0, pretend = 0, frame = 0
 470              		@ frame_needed = 0, uses_anonymous_args = 0
 471              		.loc 1 139 54 is_stmt 0 view .LVU106
 472 0000 70B5     		push	{r4, r5, r6, lr}
 473              	.LCFI17:
 474              		.cfi_def_cfa_offset 16
 475              		.cfi_offset 4, -16
 476              		.cfi_offset 5, -12
 477              		.cfi_offset 6, -8
 478              		.cfi_offset 14, -4
 479 0002 0646     		mov	r6, r0
 480 0004 0D46     		mov	r5, r1
 140:src/drv8703.c ****     bool success = true;
 481              		.loc 1 140 5 is_stmt 1 view .LVU107
 482              	.LVL43:
 141:src/drv8703.c ****     uint8_t* pData = data;
 483              		.loc 1 141 5 view .LVU108
 142:src/drv8703.c **** 
 143:src/drv8703.c ****     for (int i = 0; i < DRV_REG_MAP_SIZE; i++) {
 484              		.loc 1 143 5 view .LVU109
 485              	.LBB4:
 486              		.loc 1 143 10 view .LVU110
 487              		.loc 1 143 14 is_stmt 0 view .LVU111
 488 0006 0024     		movs	r4, #0
 489              	.LBE4:
 140:src/drv8703.c ****     uint8_t* pData = data;
 490              		.loc 1 140 10 view .LVU112
 491 0008 0122     		movs	r2, #1
 492              	.LBB5:
 493              		.loc 1 143 5 view .LVU113
 494 000a 00E0     		b	.L34
 495              	.LVL44:
 496              	.L35:
 497              		.loc 1 143 44 is_stmt 1 discriminator 2 view .LVU114
 498 000c 0134     		adds	r4, r4, #1
 499              	.LVL45:
 500              	.L34:
 501              		.loc 1 143 23 discriminator 1 view .LVU115
 502 000e 042C     		cmp	r4, #4
 503 0010 10DC     		bgt	.L36
 144:src/drv8703.c ****         if (!(filter & (1<<(DRV_REG_MAP_SIZE-i)))) {
 504              		.loc 1 144 9 view .LVU116
 505              		.loc 1 144 45 is_stmt 0 view .LVU117
 506 0012 C4F10503 		rsb	r3, r4, #5
 507              		.loc 1 144 13 view .LVU118
 508 0016 45FA03F3 		asr	r3, r5, r3
 509              		.loc 1 144 12 view .LVU119
 510 001a 13F0010F 		tst	r3, #1
 511 001e F5D1     		bne	.L35
 145:src/drv8703.c ****             success = DRV_read(DRV_REG_MAP_SIZE-i, data);
 512              		.loc 1 145 13 is_stmt 1 view .LVU120
 513              		.loc 1 145 23 is_stmt 0 view .LVU121
ARM GAS  /tmp/ccu8aQWy.s 			page 13


 514 0020 C4F10500 		rsb	r0, r4, #5
 515 0024 3146     		mov	r1, r6
 516 0026 C0B2     		uxtb	r0, r0
 517 0028 FFF7FEFF 		bl	DRV_read
 518              	.LVL46:
 146:src/drv8703.c ****             if (!success) break;
 519              		.loc 1 146 13 is_stmt 1 view .LVU122
 520              		.loc 1 146 16 is_stmt 0 view .LVU123
 521 002c 0246     		mov	r2, r0
 522 002e 08B1     		cbz	r0, .L36
 147:src/drv8703.c ****             data++;
 523              		.loc 1 147 13 is_stmt 1 view .LVU124
 524              	.LVL47:
 525              		.loc 1 147 17 is_stmt 0 view .LVU125
 526 0030 0136     		adds	r6, r6, #1
 527              	.LVL48:
 528              		.loc 1 147 17 view .LVU126
 529 0032 EBE7     		b	.L35
 530              	.LVL49:
 531              	.L36:
 532              		.loc 1 147 17 view .LVU127
 533              	.LBE5:
 148:src/drv8703.c ****         }
 149:src/drv8703.c ****     }
 150:src/drv8703.c ****     data = pData;
 534              		.loc 1 150 5 is_stmt 1 view .LVU128
 151:src/drv8703.c **** 
 152:src/drv8703.c ****     return success;
 535              		.loc 1 152 5 view .LVU129
 153:src/drv8703.c **** }
 536              		.loc 1 153 1 is_stmt 0 view .LVU130
 537 0034 1046     		mov	r0, r2
 538 0036 70BD     		pop	{r4, r5, r6, pc}
 539              		.loc 1 153 1 view .LVU131
 540              		.cfi_endproc
 541              	.LFE335:
 543              		.section	.text.MX_SPI_init,"ax",%progbits
 544              		.align	1
 545              		.global	MX_SPI_init
 546              		.syntax unified
 547              		.thumb
 548              		.thumb_func
 550              	MX_SPI_init:
 551              	.LFB336:
 154:src/drv8703.c **** 
 155:src/drv8703.c **** /**
 156:src/drv8703.c **** * @brief THIS IS AUTOGENERATED BY STM32MX, it overides the
 157:src/drv8703.c **** * __weak verions defined in the stm HAL via linker and is
 158:src/drv8703.c **** * used in HAL_SPI_Init used in DRV_init.
 159:src/drv8703.c **** */
 160:src/drv8703.c **** int MX_SPI_init() {
 552              		.loc 1 160 19 is_stmt 1 view -0
 553              		.cfi_startproc
 554              		@ args = 0, pretend = 0, frame = 0
 555              		@ frame_needed = 0, uses_anonymous_args = 0
 556 0000 08B5     		push	{r3, lr}
 557              	.LCFI18:
ARM GAS  /tmp/ccu8aQWy.s 			page 14


 558              		.cfi_def_cfa_offset 8
 559              		.cfi_offset 3, -8
 560              		.cfi_offset 14, -4
 161:src/drv8703.c **** 	bool OK = 0;
 561              		.loc 1 161 2 view .LVU133
 562              	.LVL50:
 162:src/drv8703.c **** 
 163:src/drv8703.c **** 	DRV_SPI_INTERFACE.Instance = SPI3;
 563              		.loc 1 163 2 view .LVU134
 564              		.loc 1 163 29 is_stmt 0 view .LVU135
 565 0002 1048     		ldr	r0, .L43
 566 0004 104B     		ldr	r3, .L43+4
 567 0006 0360     		str	r3, [r0]
 164:src/drv8703.c ****     DRV_SPI_INTERFACE.Init.Mode = SPI_MODE_MASTER;
 568              		.loc 1 164 5 is_stmt 1 view .LVU136
 569              		.loc 1 164 33 is_stmt 0 view .LVU137
 570 0008 4FF48273 		mov	r3, #260
 571 000c 4360     		str	r3, [r0, #4]
 165:src/drv8703.c ****     DRV_SPI_INTERFACE.Init.Direction = SPI_DIRECTION_2LINES;
 572              		.loc 1 165 5 is_stmt 1 view .LVU138
 573              		.loc 1 165 38 is_stmt 0 view .LVU139
 574 000e 0023     		movs	r3, #0
 575 0010 8360     		str	r3, [r0, #8]
 166:src/drv8703.c ****     DRV_SPI_INTERFACE.Init.DataSize = SPI_DATASIZE_8BIT;
 576              		.loc 1 166 5 is_stmt 1 view .LVU140
 577              		.loc 1 166 37 is_stmt 0 view .LVU141
 578 0012 4FF4E062 		mov	r2, #1792
 579 0016 C260     		str	r2, [r0, #12]
 167:src/drv8703.c ****     DRV_SPI_INTERFACE.Init.CLKPolarity = SPI_POLARITY_LOW;
 580              		.loc 1 167 5 is_stmt 1 view .LVU142
 581              		.loc 1 167 40 is_stmt 0 view .LVU143
 582 0018 0361     		str	r3, [r0, #16]
 168:src/drv8703.c ****     DRV_SPI_INTERFACE.Init.CLKPhase = SPI_PHASE_2EDGE;
 583              		.loc 1 168 5 is_stmt 1 view .LVU144
 584              		.loc 1 168 37 is_stmt 0 view .LVU145
 585 001a 0122     		movs	r2, #1
 586 001c 4261     		str	r2, [r0, #20]
 169:src/drv8703.c ****     DRV_SPI_INTERFACE.Init.NSS = SPI_NSS_SOFT;
 587              		.loc 1 169 5 is_stmt 1 view .LVU146
 588              		.loc 1 169 32 is_stmt 0 view .LVU147
 589 001e 4FF40072 		mov	r2, #512
 590 0022 8261     		str	r2, [r0, #24]
 170:src/drv8703.c ****     DRV_SPI_INTERFACE.Init.BaudRatePrescaler = SPI_BAUDRATEPRESCALER_256;
 591              		.loc 1 170 5 is_stmt 1 view .LVU148
 592              		.loc 1 170 46 is_stmt 0 view .LVU149
 593 0024 3822     		movs	r2, #56
 594 0026 C261     		str	r2, [r0, #28]
 171:src/drv8703.c ****     DRV_SPI_INTERFACE.Init.FirstBit = SPI_FIRSTBIT_MSB;
 595              		.loc 1 171 5 is_stmt 1 view .LVU150
 596              		.loc 1 171 37 is_stmt 0 view .LVU151
 597 0028 0362     		str	r3, [r0, #32]
 172:src/drv8703.c ****     DRV_SPI_INTERFACE.Init.TIMode = SPI_TIMODE_DISABLE;
 598              		.loc 1 172 5 is_stmt 1 view .LVU152
 599              		.loc 1 172 35 is_stmt 0 view .LVU153
 600 002a 4362     		str	r3, [r0, #36]
 173:src/drv8703.c ****     DRV_SPI_INTERFACE.Init.CRCCalculation = SPI_CRCCALCULATION_DISABLE;
 601              		.loc 1 173 5 is_stmt 1 view .LVU154
ARM GAS  /tmp/ccu8aQWy.s 			page 15


 602              		.loc 1 173 43 is_stmt 0 view .LVU155
 603 002c 8362     		str	r3, [r0, #40]
 174:src/drv8703.c ****     DRV_SPI_INTERFACE.Init.CRCPolynomial = 7;
 604              		.loc 1 174 5 is_stmt 1 view .LVU156
 605              		.loc 1 174 42 is_stmt 0 view .LVU157
 606 002e 0722     		movs	r2, #7
 607 0030 C262     		str	r2, [r0, #44]
 175:src/drv8703.c ****     DRV_SPI_INTERFACE.Init.CRCLength = SPI_CRC_LENGTH_DATASIZE;
 608              		.loc 1 175 5 is_stmt 1 view .LVU158
 609              		.loc 1 175 38 is_stmt 0 view .LVU159
 610 0032 0363     		str	r3, [r0, #48]
 176:src/drv8703.c ****     DRV_SPI_INTERFACE.Init.NSSPMode = SPI_NSS_PULSE_DISABLE;
 611              		.loc 1 176 5 is_stmt 1 view .LVU160
 612              		.loc 1 176 37 is_stmt 0 view .LVU161
 613 0034 4363     		str	r3, [r0, #52]
 177:src/drv8703.c ****     if (HAL_SPI_Init(&DRV_SPI_INTERFACE) != HAL_OK) OK = 0;
 614              		.loc 1 177 5 is_stmt 1 view .LVU162
 615              		.loc 1 177 9 is_stmt 0 view .LVU163
 616 0036 FFF7FEFF 		bl	HAL_SPI_Init
 617              	.LVL51:
 618              		.loc 1 177 8 discriminator 1 view .LVU164
 619 003a 08B1     		cbz	r0, .L41
 620              		.loc 1 177 56 discriminator 1 view .LVU165
 621 003c 0020     		movs	r0, #0
 622              	.L40:
 623              	.LVL52:
 178:src/drv8703.c ****     else OK = 1;
 179:src/drv8703.c **** 
 180:src/drv8703.c ****     return OK;
 624              		.loc 1 180 5 is_stmt 1 view .LVU166
 181:src/drv8703.c **** 
 182:src/drv8703.c **** }
 625              		.loc 1 182 1 is_stmt 0 view .LVU167
 626 003e 08BD     		pop	{r3, pc}
 627              	.LVL53:
 628              	.L41:
 178:src/drv8703.c ****     else OK = 1;
 629              		.loc 1 178 13 view .LVU168
 630 0040 0120     		movs	r0, #1
 631 0042 FCE7     		b	.L40
 632              	.L44:
 633              		.align	2
 634              	.L43:
 635 0044 00000000 		.word	DRV_SPI_INTERFACE
 636 0048 003C0040 		.word	1073757184
 637              		.cfi_endproc
 638              	.LFE336:
 640              		.section	.text.HAL_SPI_MspInit,"ax",%progbits
 641              		.align	1
 642              		.global	HAL_SPI_MspInit
 643              		.syntax unified
 644              		.thumb
 645              		.thumb_func
 647              	HAL_SPI_MspInit:
 648              	.LVL54:
 649              	.LFB337:
 183:src/drv8703.c **** 
ARM GAS  /tmp/ccu8aQWy.s 			page 16


 184:src/drv8703.c **** void HAL_SPI_MspInit(SPI_HandleTypeDef* spiHandle) {
 650              		.loc 1 184 52 is_stmt 1 view -0
 651              		.cfi_startproc
 652              		@ args = 0, pretend = 0, frame = 32
 653              		@ frame_needed = 0, uses_anonymous_args = 0
 654              		.loc 1 184 52 is_stmt 0 view .LVU170
 655 0000 00B5     		push	{lr}
 656              	.LCFI19:
 657              		.cfi_def_cfa_offset 4
 658              		.cfi_offset 14, -4
 659 0002 89B0     		sub	sp, sp, #36
 660              	.LCFI20:
 661              		.cfi_def_cfa_offset 40
 185:src/drv8703.c ****     GPIO_InitTypeDef GPIO_InitStruct = {0};
 662              		.loc 1 185 5 is_stmt 1 view .LVU171
 663              		.loc 1 185 22 is_stmt 0 view .LVU172
 664 0004 0023     		movs	r3, #0
 665 0006 0393     		str	r3, [sp, #12]
 666 0008 0493     		str	r3, [sp, #16]
 667 000a 0593     		str	r3, [sp, #20]
 668 000c 0693     		str	r3, [sp, #24]
 669 000e 0793     		str	r3, [sp, #28]
 186:src/drv8703.c ****     if(spiHandle->Instance==SPI3) {
 670              		.loc 1 186 5 is_stmt 1 view .LVU173
 671              		.loc 1 186 17 is_stmt 0 view .LVU174
 672 0010 0268     		ldr	r2, [r0]
 673              		.loc 1 186 7 view .LVU175
 674 0012 144B     		ldr	r3, .L49
 675 0014 9A42     		cmp	r2, r3
 676 0016 02D0     		beq	.L48
 677              	.LVL55:
 678              	.L45:
 187:src/drv8703.c ****         __HAL_RCC_SPI3_CLK_ENABLE();
 188:src/drv8703.c **** 
 189:src/drv8703.c ****         __HAL_RCC_GPIOC_CLK_ENABLE();
 190:src/drv8703.c ****         /**SPI3 GPIO Configuration
 191:src/drv8703.c ****         PC10     ------> SPI3_SCK
 192:src/drv8703.c ****         PC11     ------> SPI3_MISO
 193:src/drv8703.c ****         PC12     ------> SPI3_MOSI
 194:src/drv8703.c ****         */
 195:src/drv8703.c ****         GPIO_InitStruct.Pin = GPIO_PIN_10|GPIO_PIN_11|GPIO_PIN_12;
 196:src/drv8703.c ****         GPIO_InitStruct.Mode = GPIO_MODE_AF_PP;
 197:src/drv8703.c ****         GPIO_InitStruct.Pull = GPIO_PULLUP;
 198:src/drv8703.c ****         GPIO_InitStruct.Speed = GPIO_SPEED_FREQ_LOW;
 199:src/drv8703.c ****         GPIO_InitStruct.Alternate = GPIO_AF6_SPI3;
 200:src/drv8703.c ****         HAL_GPIO_Init(GPIOC, &GPIO_InitStruct);
 201:src/drv8703.c ****     }
 202:src/drv8703.c **** }
 679              		.loc 1 202 1 view .LVU176
 680 0018 09B0     		add	sp, sp, #36
 681              	.LCFI21:
 682              		.cfi_remember_state
 683              		.cfi_def_cfa_offset 4
 684              		@ sp needed
 685 001a 5DF804FB 		ldr	pc, [sp], #4
 686              	.LVL56:
 687              	.L48:
ARM GAS  /tmp/ccu8aQWy.s 			page 17


 688              	.LCFI22:
 689              		.cfi_restore_state
 187:src/drv8703.c ****         __HAL_RCC_SPI3_CLK_ENABLE();
 690              		.loc 1 187 9 is_stmt 1 view .LVU177
 691              	.LBB6:
 187:src/drv8703.c ****         __HAL_RCC_SPI3_CLK_ENABLE();
 692              		.loc 1 187 9 view .LVU178
 187:src/drv8703.c ****         __HAL_RCC_SPI3_CLK_ENABLE();
 693              		.loc 1 187 9 view .LVU179
 694 001e 03F5EA33 		add	r3, r3, #119808
 695 0022 9A6D     		ldr	r2, [r3, #88]
 696 0024 42F40042 		orr	r2, r2, #32768
 697 0028 9A65     		str	r2, [r3, #88]
 187:src/drv8703.c ****         __HAL_RCC_SPI3_CLK_ENABLE();
 698              		.loc 1 187 9 view .LVU180
 699 002a 9A6D     		ldr	r2, [r3, #88]
 700 002c 02F40042 		and	r2, r2, #32768
 701 0030 0192     		str	r2, [sp, #4]
 187:src/drv8703.c ****         __HAL_RCC_SPI3_CLK_ENABLE();
 702              		.loc 1 187 9 view .LVU181
 703 0032 019A     		ldr	r2, [sp, #4]
 704              	.LBE6:
 187:src/drv8703.c ****         __HAL_RCC_SPI3_CLK_ENABLE();
 705              		.loc 1 187 9 view .LVU182
 189:src/drv8703.c ****         /**SPI3 GPIO Configuration
 706              		.loc 1 189 9 view .LVU183
 707              	.LBB7:
 189:src/drv8703.c ****         /**SPI3 GPIO Configuration
 708              		.loc 1 189 9 view .LVU184
 189:src/drv8703.c ****         /**SPI3 GPIO Configuration
 709              		.loc 1 189 9 view .LVU185
 710 0034 DA6C     		ldr	r2, [r3, #76]
 711 0036 42F00402 		orr	r2, r2, #4
 712 003a DA64     		str	r2, [r3, #76]
 189:src/drv8703.c ****         /**SPI3 GPIO Configuration
 713              		.loc 1 189 9 view .LVU186
 714 003c DB6C     		ldr	r3, [r3, #76]
 715 003e 03F00403 		and	r3, r3, #4
 716 0042 0293     		str	r3, [sp, #8]
 189:src/drv8703.c ****         /**SPI3 GPIO Configuration
 717              		.loc 1 189 9 view .LVU187
 718 0044 029B     		ldr	r3, [sp, #8]
 719              	.LBE7:
 189:src/drv8703.c ****         /**SPI3 GPIO Configuration
 720              		.loc 1 189 9 view .LVU188
 195:src/drv8703.c ****         GPIO_InitStruct.Mode = GPIO_MODE_AF_PP;
 721              		.loc 1 195 9 view .LVU189
 195:src/drv8703.c ****         GPIO_InitStruct.Mode = GPIO_MODE_AF_PP;
 722              		.loc 1 195 29 is_stmt 0 view .LVU190
 723 0046 4FF4E053 		mov	r3, #7168
 724 004a 0393     		str	r3, [sp, #12]
 196:src/drv8703.c ****         GPIO_InitStruct.Pull = GPIO_PULLUP;
 725              		.loc 1 196 9 is_stmt 1 view .LVU191
 196:src/drv8703.c ****         GPIO_InitStruct.Pull = GPIO_PULLUP;
 726              		.loc 1 196 30 is_stmt 0 view .LVU192
 727 004c 0223     		movs	r3, #2
 728 004e 0493     		str	r3, [sp, #16]
ARM GAS  /tmp/ccu8aQWy.s 			page 18


 197:src/drv8703.c ****         GPIO_InitStruct.Speed = GPIO_SPEED_FREQ_LOW;
 729              		.loc 1 197 9 is_stmt 1 view .LVU193
 197:src/drv8703.c ****         GPIO_InitStruct.Speed = GPIO_SPEED_FREQ_LOW;
 730              		.loc 1 197 30 is_stmt 0 view .LVU194
 731 0050 0123     		movs	r3, #1
 732 0052 0593     		str	r3, [sp, #20]
 198:src/drv8703.c ****         GPIO_InitStruct.Alternate = GPIO_AF6_SPI3;
 733              		.loc 1 198 9 is_stmt 1 view .LVU195
 199:src/drv8703.c ****         HAL_GPIO_Init(GPIOC, &GPIO_InitStruct);
 734              		.loc 1 199 9 view .LVU196
 199:src/drv8703.c ****         HAL_GPIO_Init(GPIOC, &GPIO_InitStruct);
 735              		.loc 1 199 35 is_stmt 0 view .LVU197
 736 0054 0623     		movs	r3, #6
 737 0056 0793     		str	r3, [sp, #28]
 200:src/drv8703.c ****     }
 738              		.loc 1 200 9 is_stmt 1 view .LVU198
 739 0058 03A9     		add	r1, sp, #12
 740 005a 0348     		ldr	r0, .L49+4
 741              	.LVL57:
 200:src/drv8703.c ****     }
 742              		.loc 1 200 9 is_stmt 0 view .LVU199
 743 005c FFF7FEFF 		bl	HAL_GPIO_Init
 744              	.LVL58:
 745              		.loc 1 202 1 view .LVU200
 746 0060 DAE7     		b	.L45
 747              	.L50:
 748 0062 00BF     		.align	2
 749              	.L49:
 750 0064 003C0040 		.word	1073757184
 751 0068 00080048 		.word	1207961600
 752              		.cfi_endproc
 753              	.LFE337:
 755              		.section	.text.HAL_SPI_MspDeInit,"ax",%progbits
 756              		.align	1
 757              		.global	HAL_SPI_MspDeInit
 758              		.syntax unified
 759              		.thumb
 760              		.thumb_func
 762              	HAL_SPI_MspDeInit:
 763              	.LVL59:
 764              	.LFB338:
 203:src/drv8703.c **** 
 204:src/drv8703.c **** void HAL_SPI_MspDeInit(SPI_HandleTypeDef* spiHandle) {
 765              		.loc 1 204 54 is_stmt 1 view -0
 766              		.cfi_startproc
 767              		@ args = 0, pretend = 0, frame = 0
 768              		@ frame_needed = 0, uses_anonymous_args = 0
 769              		.loc 1 204 54 is_stmt 0 view .LVU202
 770 0000 08B5     		push	{r3, lr}
 771              	.LCFI23:
 772              		.cfi_def_cfa_offset 8
 773              		.cfi_offset 3, -8
 774              		.cfi_offset 14, -4
 205:src/drv8703.c ****     if(spiHandle->Instance==SPI3) {
 775              		.loc 1 205 5 is_stmt 1 view .LVU203
 776              		.loc 1 205 17 is_stmt 0 view .LVU204
 777 0002 0268     		ldr	r2, [r0]
ARM GAS  /tmp/ccu8aQWy.s 			page 19


 778              		.loc 1 205 7 view .LVU205
 779 0004 074B     		ldr	r3, .L55
 780 0006 9A42     		cmp	r2, r3
 781 0008 00D0     		beq	.L54
 782              	.LVL60:
 783              	.L51:
 206:src/drv8703.c ****         __HAL_RCC_SPI3_CLK_DISABLE();
 207:src/drv8703.c ****         /**SPI3 GPIO Configuration
 208:src/drv8703.c ****         PC10     ------> SPI3_SCK
 209:src/drv8703.c ****         PC11     ------> SPI3_MISO
 210:src/drv8703.c ****         PC12     ------> SPI3_MOSI
 211:src/drv8703.c ****         */
 212:src/drv8703.c ****         HAL_GPIO_DeInit(GPIOC, GPIO_PIN_10|GPIO_PIN_11|GPIO_PIN_12);
 213:src/drv8703.c ****     }
 214:src/drv8703.c **** }
 784              		.loc 1 214 1 view .LVU206
 785 000a 08BD     		pop	{r3, pc}
 786              	.LVL61:
 787              	.L54:
 206:src/drv8703.c ****         __HAL_RCC_SPI3_CLK_DISABLE();
 788              		.loc 1 206 9 is_stmt 1 view .LVU207
 789 000c 064A     		ldr	r2, .L55+4
 790 000e 936D     		ldr	r3, [r2, #88]
 791 0010 23F40043 		bic	r3, r3, #32768
 792 0014 9365     		str	r3, [r2, #88]
 212:src/drv8703.c ****     }
 793              		.loc 1 212 9 view .LVU208
 794 0016 4FF4E051 		mov	r1, #7168
 795 001a 0448     		ldr	r0, .L55+8
 796              	.LVL62:
 212:src/drv8703.c ****     }
 797              		.loc 1 212 9 is_stmt 0 view .LVU209
 798 001c FFF7FEFF 		bl	HAL_GPIO_DeInit
 799              	.LVL63:
 800              		.loc 1 214 1 view .LVU210
 801 0020 F3E7     		b	.L51
 802              	.L56:
 803 0022 00BF     		.align	2
 804              	.L55:
 805 0024 003C0040 		.word	1073757184
 806 0028 00100240 		.word	1073876992
 807 002c 00080048 		.word	1207961600
 808              		.cfi_endproc
 809              	.LFE338:
 811              		.section	.text.MX_GPIO_init,"ax",%progbits
 812              		.align	1
 813              		.global	MX_GPIO_init
 814              		.syntax unified
 815              		.thumb
 816              		.thumb_func
 818              	MX_GPIO_init:
 819              	.LFB339:
 215:src/drv8703.c **** 
 216:src/drv8703.c **** 
 217:src/drv8703.c **** void MX_GPIO_init() {
 820              		.loc 1 217 21 is_stmt 1 view -0
 821              		.cfi_startproc
ARM GAS  /tmp/ccu8aQWy.s 			page 20


 822              		@ args = 0, pretend = 0, frame = 40
 823              		@ frame_needed = 0, uses_anonymous_args = 0
 824 0000 70B5     		push	{r4, r5, r6, lr}
 825              	.LCFI24:
 826              		.cfi_def_cfa_offset 16
 827              		.cfi_offset 4, -16
 828              		.cfi_offset 5, -12
 829              		.cfi_offset 6, -8
 830              		.cfi_offset 14, -4
 831 0002 8AB0     		sub	sp, sp, #40
 832              	.LCFI25:
 833              		.cfi_def_cfa_offset 56
 218:src/drv8703.c **** 	GPIO_InitTypeDef GPIO_InitStruct = {0};
 834              		.loc 1 218 2 view .LVU212
 835              		.loc 1 218 19 is_stmt 0 view .LVU213
 836 0004 05AD     		add	r5, sp, #20
 837 0006 0024     		movs	r4, #0
 838 0008 0594     		str	r4, [sp, #20]
 839 000a 0694     		str	r4, [sp, #24]
 840 000c 0794     		str	r4, [sp, #28]
 841 000e 0894     		str	r4, [sp, #32]
 842 0010 0994     		str	r4, [sp, #36]
 219:src/drv8703.c **** 
 220:src/drv8703.c **** 	/* GPIO Ports Clock Enable */
 221:src/drv8703.c **** 	__HAL_RCC_GPIOC_CLK_ENABLE();
 843              		.loc 1 221 2 is_stmt 1 view .LVU214
 844              	.LBB8:
 845              		.loc 1 221 2 view .LVU215
 846              		.loc 1 221 2 view .LVU216
 847 0012 214B     		ldr	r3, .L59
 848 0014 DA6C     		ldr	r2, [r3, #76]
 849 0016 42F00402 		orr	r2, r2, #4
 850 001a DA64     		str	r2, [r3, #76]
 851              		.loc 1 221 2 view .LVU217
 852 001c DA6C     		ldr	r2, [r3, #76]
 853 001e 02F00402 		and	r2, r2, #4
 854 0022 0192     		str	r2, [sp, #4]
 855              		.loc 1 221 2 view .LVU218
 856 0024 019A     		ldr	r2, [sp, #4]
 857              	.LBE8:
 858              		.loc 1 221 2 view .LVU219
 222:src/drv8703.c **** 	__HAL_RCC_GPIOF_CLK_ENABLE();
 859              		.loc 1 222 2 view .LVU220
 860              	.LBB9:
 861              		.loc 1 222 2 view .LVU221
 862              		.loc 1 222 2 view .LVU222
 863 0026 DA6C     		ldr	r2, [r3, #76]
 864 0028 42F02002 		orr	r2, r2, #32
 865 002c DA64     		str	r2, [r3, #76]
 866              		.loc 1 222 2 view .LVU223
 867 002e DA6C     		ldr	r2, [r3, #76]
 868 0030 02F02002 		and	r2, r2, #32
 869 0034 0292     		str	r2, [sp, #8]
 870              		.loc 1 222 2 view .LVU224
 871 0036 029A     		ldr	r2, [sp, #8]
 872              	.LBE9:
 873              		.loc 1 222 2 view .LVU225
ARM GAS  /tmp/ccu8aQWy.s 			page 21


 223:src/drv8703.c **** 	__HAL_RCC_GPIOA_CLK_ENABLE();
 874              		.loc 1 223 2 view .LVU226
 875              	.LBB10:
 876              		.loc 1 223 2 view .LVU227
 877              		.loc 1 223 2 view .LVU228
 878 0038 DA6C     		ldr	r2, [r3, #76]
 879 003a 42F00102 		orr	r2, r2, #1
 880 003e DA64     		str	r2, [r3, #76]
 881              		.loc 1 223 2 view .LVU229
 882 0040 DA6C     		ldr	r2, [r3, #76]
 883 0042 02F00102 		and	r2, r2, #1
 884 0046 0392     		str	r2, [sp, #12]
 885              		.loc 1 223 2 view .LVU230
 886 0048 039A     		ldr	r2, [sp, #12]
 887              	.LBE10:
 888              		.loc 1 223 2 view .LVU231
 224:src/drv8703.c **** 	__HAL_RCC_GPIOB_CLK_ENABLE();
 889              		.loc 1 224 2 view .LVU232
 890              	.LBB11:
 891              		.loc 1 224 2 view .LVU233
 892              		.loc 1 224 2 view .LVU234
 893 004a DA6C     		ldr	r2, [r3, #76]
 894 004c 42F00202 		orr	r2, r2, #2
 895 0050 DA64     		str	r2, [r3, #76]
 896              		.loc 1 224 2 view .LVU235
 897 0052 DB6C     		ldr	r3, [r3, #76]
 898 0054 03F00203 		and	r3, r3, #2
 899 0058 0493     		str	r3, [sp, #16]
 900              		.loc 1 224 2 view .LVU236
 901 005a 049B     		ldr	r3, [sp, #16]
 902              	.LBE11:
 903              		.loc 1 224 2 view .LVU237
 225:src/drv8703.c **** 
 226:src/drv8703.c **** 	/*Configure GPIO pin Output Level */
 227:src/drv8703.c **** 	HAL_GPIO_WritePin(GPIOA, GPIO_PIN_1|GPIO_PIN_4, GPIO_PIN_SET);
 904              		.loc 1 227 2 view .LVU238
 905 005c 0122     		movs	r2, #1
 906 005e 1221     		movs	r1, #18
 907 0060 4FF09040 		mov	r0, #1207959552
 908 0064 FFF7FEFF 		bl	HAL_GPIO_WritePin
 909              	.LVL64:
 228:src/drv8703.c **** 
 229:src/drv8703.c **** 	/*Configure GPIO pin : PA1 */
 230:src/drv8703.c **** 	GPIO_InitStruct.Pin = GPIO_PIN_1;
 910              		.loc 1 230 2 view .LVU239
 911              		.loc 1 230 22 is_stmt 0 view .LVU240
 912 0068 0223     		movs	r3, #2
 913 006a 0593     		str	r3, [sp, #20]
 231:src/drv8703.c **** 	GPIO_InitStruct.Mode = GPIO_MODE_OUTPUT_PP;
 914              		.loc 1 231 2 is_stmt 1 view .LVU241
 915              		.loc 1 231 23 is_stmt 0 view .LVU242
 916 006c 0126     		movs	r6, #1
 917 006e 0696     		str	r6, [sp, #24]
 232:src/drv8703.c **** 	GPIO_InitStruct.Pull = GPIO_NOPULL;
 918              		.loc 1 232 2 is_stmt 1 view .LVU243
 919              		.loc 1 232 23 is_stmt 0 view .LVU244
 920 0070 0794     		str	r4, [sp, #28]
ARM GAS  /tmp/ccu8aQWy.s 			page 22


 233:src/drv8703.c **** 	GPIO_InitStruct.Speed = GPIO_SPEED_FREQ_HIGH;
 921              		.loc 1 233 2 is_stmt 1 view .LVU245
 922              		.loc 1 233 24 is_stmt 0 view .LVU246
 923 0072 0893     		str	r3, [sp, #32]
 234:src/drv8703.c **** 	HAL_GPIO_Init(GPIOA, &GPIO_InitStruct);
 924              		.loc 1 234 2 is_stmt 1 view .LVU247
 925 0074 2946     		mov	r1, r5
 926 0076 4FF09040 		mov	r0, #1207959552
 927 007a FFF7FEFF 		bl	HAL_GPIO_Init
 928              	.LVL65:
 235:src/drv8703.c **** 
 236:src/drv8703.c **** 	/*Configure GPIO pin : PA4 */
 237:src/drv8703.c **** 	GPIO_InitStruct.Pin = GPIO_PIN_4;
 929              		.loc 1 237 2 view .LVU248
 930              		.loc 1 237 22 is_stmt 0 view .LVU249
 931 007e 1023     		movs	r3, #16
 932 0080 0593     		str	r3, [sp, #20]
 238:src/drv8703.c **** 	GPIO_InitStruct.Mode = GPIO_MODE_OUTPUT_PP;
 933              		.loc 1 238 2 is_stmt 1 view .LVU250
 934              		.loc 1 238 23 is_stmt 0 view .LVU251
 935 0082 0696     		str	r6, [sp, #24]
 239:src/drv8703.c **** 	GPIO_InitStruct.Pull = GPIO_NOPULL;
 936              		.loc 1 239 2 is_stmt 1 view .LVU252
 937              		.loc 1 239 23 is_stmt 0 view .LVU253
 938 0084 0794     		str	r4, [sp, #28]
 240:src/drv8703.c **** 	GPIO_InitStruct.Speed = GPIO_SPEED_FREQ_VERY_HIGH;
 939              		.loc 1 240 2 is_stmt 1 view .LVU254
 940              		.loc 1 240 24 is_stmt 0 view .LVU255
 941 0086 0323     		movs	r3, #3
 942 0088 0893     		str	r3, [sp, #32]
 241:src/drv8703.c **** 	HAL_GPIO_Init(GPIOA, &GPIO_InitStruct);
 943              		.loc 1 241 2 is_stmt 1 view .LVU256
 944 008a 2946     		mov	r1, r5
 945 008c 4FF09040 		mov	r0, #1207959552
 946 0090 FFF7FEFF 		bl	HAL_GPIO_Init
 947              	.LVL66:
 242:src/drv8703.c **** }
 948              		.loc 1 242 1 is_stmt 0 view .LVU257
 949 0094 0AB0     		add	sp, sp, #40
 950              	.LCFI26:
 951              		.cfi_def_cfa_offset 16
 952              		@ sp needed
 953 0096 70BD     		pop	{r4, r5, r6, pc}
 954              	.L60:
 955              		.align	2
 956              	.L59:
 957 0098 00100240 		.word	1073876992
 958              		.cfi_endproc
 959              	.LFE339:
 961              		.section	.text.DRV_init,"ax",%progbits
 962              		.align	1
 963              		.global	DRV_init
 964              		.syntax unified
 965              		.thumb
 966              		.thumb_func
 968              	DRV_init:
 969              	.LFB329:
ARM GAS  /tmp/ccu8aQWy.s 			page 23


  18:src/drv8703.c ****     MX_SPI_init();												//can fail; check return value?
 970              		.loc 1 18 21 is_stmt 1 view -0
 971              		.cfi_startproc
 972              		@ args = 0, pretend = 0, frame = 8
 973              		@ frame_needed = 0, uses_anonymous_args = 0
 974 0000 00B5     		push	{lr}
 975              	.LCFI27:
 976              		.cfi_def_cfa_offset 4
 977              		.cfi_offset 14, -4
 978 0002 83B0     		sub	sp, sp, #12
 979              	.LCFI28:
 980              		.cfi_def_cfa_offset 16
  19:src/drv8703.c ****     MX_GPIO_init();
 981              		.loc 1 19 5 view .LVU259
 982 0004 FFF7FEFF 		bl	MX_SPI_init
 983              	.LVL67:
  20:src/drv8703.c **** 
 984              		.loc 1 20 5 view .LVU260
 985 0008 FFF7FEFF 		bl	MX_GPIO_init
 986              	.LVL68:
  22:src/drv8703.c **** 	DRV_read(DRV_MAIN, (unsigned char *)pData);                 // dummy read
 987              		.loc 1 22 2 view .LVU261
  22:src/drv8703.c **** 	DRV_read(DRV_MAIN, (unsigned char *)pData);                 // dummy read
 988              		.loc 1 22 7 is_stmt 0 view .LVU262
 989 000c 6946     		mov	r1, sp
 990 000e 0023     		movs	r3, #0
 991 0010 0093     		str	r3, [sp]
 992 0012 ADF80430 		strh	r3, [sp, #4]	@ movhi
  23:src/drv8703.c **** 	DRV_modify_set(DRV_MAIN, DRV_MAIN_CLR_FLT_MASK);            // clear lock
 993              		.loc 1 23 2 is_stmt 1 view .LVU263
 994 0016 0220     		movs	r0, #2
 995 0018 FFF7FEFF 		bl	DRV_read
 996              	.LVL69:
  24:src/drv8703.c **** 
 997              		.loc 1 24 2 view .LVU264
 998 001c 0121     		movs	r1, #1
 999 001e 0220     		movs	r0, #2
 1000 0020 FFF7FEFF 		bl	DRV_modify_set
 1001              	.LVL70:
  26:src/drv8703.c ****     DRV_write(DRV_CONFIG, DRV_CONFIG_GAIN_CS_MASK(0b11));       // gain current
 1002              		.loc 1 26 5 view .LVU265
 1003 0024 0521     		movs	r1, #5
 1004 0026 0320     		movs	r0, #3
 1005 0028 FFF7FEFF 		bl	DRV_write
 1006              	.LVL71:
  27:src/drv8703.c **** }
 1007              		.loc 1 27 5 view .LVU266
 1008 002c 0321     		movs	r1, #3
 1009 002e 0520     		movs	r0, #5
 1010 0030 FFF7FEFF 		bl	DRV_write
 1011              	.LVL72:
  28:src/drv8703.c **** 
 1012              		.loc 1 28 1 is_stmt 0 view .LVU267
 1013 0034 03B0     		add	sp, sp, #12
 1014              	.LCFI29:
 1015              		.cfi_def_cfa_offset 4
 1016              		@ sp needed
ARM GAS  /tmp/ccu8aQWy.s 			page 24


 1017 0036 5DF804FB 		ldr	pc, [sp], #4
 1018              		.cfi_endproc
 1019              	.LFE329:
 1021              		.global	DRV_SPI_INTERFACE
 1022              		.section	.bss.DRV_SPI_INTERFACE,"aw",%nobits
 1023              		.align	2
 1026              	DRV_SPI_INTERFACE:
 1027 0000 00000000 		.space	100
 1027      00000000 
 1027      00000000 
 1027      00000000 
 1027      00000000 
 1028              		.text
 1029              	.Letext0:
 1030              		.file 2 "/usr/arm-none-eabi/include/machine/_default_types.h"
 1031              		.file 3 "/usr/arm-none-eabi/include/sys/_stdint.h"
 1032              		.file 4 "platform/CMSIS/Device/ST/STM32G4xx/Include/stm32g474xx.h"
 1033              		.file 5 "platform/HAL/inc/stm32g4xx_hal_def.h"
 1034              		.file 6 "platform/HAL/inc/stm32g4xx_hal_gpio.h"
 1035              		.file 7 "platform/HAL/inc/stm32g4xx_hal_dma.h"
 1036              		.file 8 "platform/HAL/inc/stm32g4xx_hal_spi.h"
 1037              		.file 9 "inc/drv8703.h"
ARM GAS  /tmp/ccu8aQWy.s 			page 25


DEFINED SYMBOLS
                            *ABS*:00000000 drv8703.c
     /tmp/ccu8aQWy.s:21     .text.DRV_write:00000000 $t
     /tmp/ccu8aQWy.s:27     .text.DRV_write:00000000 DRV_write
     /tmp/ccu8aQWy.s:122    .text.DRV_write:0000005c $d
     /tmp/ccu8aQWy.s:1026   .bss.DRV_SPI_INTERFACE:00000000 DRV_SPI_INTERFACE
     /tmp/ccu8aQWy.s:127    .text.DRV_read:00000000 $t
     /tmp/ccu8aQWy.s:133    .text.DRV_read:00000000 DRV_read
     /tmp/ccu8aQWy.s:233    .text.DRV_read:00000068 $d
     /tmp/ccu8aQWy.s:238    .text.DRV_modify_set:00000000 $t
     /tmp/ccu8aQWy.s:244    .text.DRV_modify_set:00000000 DRV_modify_set
     /tmp/ccu8aQWy.s:308    .text.DRV_modify_reset:00000000 $t
     /tmp/ccu8aQWy.s:314    .text.DRV_modify_reset:00000000 DRV_modify_reset
     /tmp/ccu8aQWy.s:380    .text.DRV_writeRegister:00000000 $t
     /tmp/ccu8aQWy.s:386    .text.DRV_writeRegister:00000000 DRV_writeRegister
     /tmp/ccu8aQWy.s:458    .text.DRV_readRegister:00000000 $t
     /tmp/ccu8aQWy.s:464    .text.DRV_readRegister:00000000 DRV_readRegister
     /tmp/ccu8aQWy.s:544    .text.MX_SPI_init:00000000 $t
     /tmp/ccu8aQWy.s:550    .text.MX_SPI_init:00000000 MX_SPI_init
     /tmp/ccu8aQWy.s:635    .text.MX_SPI_init:00000044 $d
     /tmp/ccu8aQWy.s:641    .text.HAL_SPI_MspInit:00000000 $t
     /tmp/ccu8aQWy.s:647    .text.HAL_SPI_MspInit:00000000 HAL_SPI_MspInit
     /tmp/ccu8aQWy.s:750    .text.HAL_SPI_MspInit:00000064 $d
     /tmp/ccu8aQWy.s:756    .text.HAL_SPI_MspDeInit:00000000 $t
     /tmp/ccu8aQWy.s:762    .text.HAL_SPI_MspDeInit:00000000 HAL_SPI_MspDeInit
     /tmp/ccu8aQWy.s:805    .text.HAL_SPI_MspDeInit:00000024 $d
     /tmp/ccu8aQWy.s:812    .text.MX_GPIO_init:00000000 $t
     /tmp/ccu8aQWy.s:818    .text.MX_GPIO_init:00000000 MX_GPIO_init
     /tmp/ccu8aQWy.s:957    .text.MX_GPIO_init:00000098 $d
     /tmp/ccu8aQWy.s:962    .text.DRV_init:00000000 $t
     /tmp/ccu8aQWy.s:968    .text.DRV_init:00000000 DRV_init
     /tmp/ccu8aQWy.s:1023   .bss.DRV_SPI_INTERFACE:00000000 $d

UNDEFINED SYMBOLS
HAL_GPIO_WritePin
HAL_SPI_TransmitReceive
HAL_SPI_Init
HAL_GPIO_Init
HAL_GPIO_DeInit
