ARM GAS  /tmp/ccGV1Q4M.s 			page 1


   1              		.cpu cortex-m4
   2              		.arch armv7e-m
   3              		.fpu fpv4-sp-d16
   4              		.eabi_attribute 27, 1
   5              		.eabi_attribute 28, 1
   6              		.eabi_attribute 20, 1
   7              		.eabi_attribute 21, 1
   8              		.eabi_attribute 23, 3
   9              		.eabi_attribute 24, 1
  10              		.eabi_attribute 25, 1
  11              		.eabi_attribute 26, 1
  12              		.eabi_attribute 30, 1
  13              		.eabi_attribute 34, 1
  14              		.eabi_attribute 18, 4
  15              		.file	"main.c"
  16              		.text
  17              	.Ltext0:
  18              		.cfi_sections	.debug_frame
  19              		.file 1 "src/main.c"
  20              		.section	.text.Error_Handler,"ax",%progbits
  21              		.align	1
  22              		.global	Error_Handler
  23              		.syntax unified
  24              		.thumb
  25              		.thumb_func
  27              	Error_Handler:
  28              	.LFB334:
   1:src/main.c    **** #include <stdio.h>
   2:src/main.c    **** #include "adc.h"
   3:src/main.c    **** #include "uart.h"
   4:src/main.c    **** 
   5:src/main.c    **** void SystemClock_Config(void);
   6:src/main.c    **** void Error_Handler(void);
   7:src/main.c    **** 
   8:src/main.c    **** int main(void) {
   9:src/main.c    ****     HAL_Init();
  10:src/main.c    ****     SystemClock_Config();
  11:src/main.c    ****     ADC_init();
  12:src/main.c    ****     UART_init();
  13:src/main.c    **** 
  14:src/main.c    ****     while (1) {
  15:src/main.c    ****         float print = ADC_readCurrent();
  16:src/main.c    ****         uint8_t str[64] = "dinc";
  17:src/main.c    ****         sprintf((char*)str, "%f\n\r", print);
  18:src/main.c    **** 
  19:src/main.c    ****         HAL_UART_Transmit(&huart2, str, sizeof(str), HAL_MAX_DELAY);
  20:src/main.c    ****         HAL_Delay(500);
  21:src/main.c    ****     }
  22:src/main.c    **** }
  23:src/main.c    **** 
  24:src/main.c    **** void SystemClock_Config(void) {
  25:src/main.c    ****     RCC_OscInitTypeDef RCC_OscInitStruct = {0};
  26:src/main.c    ****     RCC_ClkInitTypeDef RCC_ClkInitStruct = {0};
  27:src/main.c    **** 
  28:src/main.c    ****     RCC_OscInitStruct.OscillatorType = RCC_OSCILLATORTYPE_HSI;
  29:src/main.c    ****     RCC_OscInitStruct.HSIState = RCC_HSI_ON;
  30:src/main.c    ****     RCC_OscInitStruct.HSICalibrationValue = RCC_HSICALIBRATION_DEFAULT;
ARM GAS  /tmp/ccGV1Q4M.s 			page 2


  31:src/main.c    ****     RCC_OscInitStruct.PLL.PLLState = RCC_PLL_ON;
  32:src/main.c    ****     RCC_OscInitStruct.PLL.PLLSource = RCC_PLLSOURCE_HSI;
  33:src/main.c    ****     RCC_OscInitStruct.PLL.PLLM = RCC_PLLM_DIV1;
  34:src/main.c    ****     RCC_OscInitStruct.PLL.PLLN = 8;
  35:src/main.c    ****     RCC_OscInitStruct.PLL.PLLP = RCC_PLLP_DIV2;
  36:src/main.c    ****     RCC_OscInitStruct.PLL.PLLR = RCC_PLLR_DIV2;
  37:src/main.c    ****     RCC_OscInitStruct.PLL.PLLQ = RCC_PLLQ_DIV2;
  38:src/main.c    ****     if (HAL_RCC_OscConfig(&RCC_OscInitStruct) != HAL_OK) {
  39:src/main.c    ****         Error_Handler();
  40:src/main.c    ****     }
  41:src/main.c    **** 
  42:src/main.c    ****     RCC_ClkInitStruct.ClockType = RCC_CLOCKTYPE_HCLK|RCC_CLOCKTYPE_SYSCLK |
  43:src/main.c    ****                                   RCC_CLOCKTYPE_PCLK1|RCC_CLOCKTYPE_PCLK2;
  44:src/main.c    ****     RCC_ClkInitStruct.SYSCLKSource = RCC_SYSCLKSOURCE_PLLCLK;
  45:src/main.c    ****     RCC_ClkInitStruct.AHBCLKDivider = RCC_SYSCLK_DIV1;
  46:src/main.c    ****     RCC_ClkInitStruct.APB1CLKDivider = RCC_HCLK_DIV1;
  47:src/main.c    ****     RCC_ClkInitStruct.APB2CLKDivider = RCC_HCLK_DIV1;
  48:src/main.c    **** 
  49:src/main.c    ****     if (HAL_RCC_ClockConfig(&RCC_ClkInitStruct, FLASH_LATENCY_2) != HAL_OK) {
  50:src/main.c    ****         Error_Handler();
  51:src/main.c    ****     }
  52:src/main.c    **** }
  53:src/main.c    **** 
  54:src/main.c    **** void Error_Handler() {
  29              		.loc 1 54 22 view -0
  30              		.cfi_startproc
  31              		@ Volatile: function does not return.
  32              		@ args = 0, pretend = 0, frame = 0
  33              		@ frame_needed = 0, uses_anonymous_args = 0
  34              		@ link register save eliminated.
  35              	.L2:
  55:src/main.c    ****     while (1);
  36              		.loc 1 55 5 view .LVU1
  37              		.loc 1 55 11 view .LVU2
  38 0000 FEE7     		b	.L2
  39              		.cfi_endproc
  40              	.LFE334:
  42              		.section	.text.SystemClock_Config,"ax",%progbits
  43              		.align	1
  44              		.global	SystemClock_Config
  45              		.syntax unified
  46              		.thumb
  47              		.thumb_func
  49              	SystemClock_Config:
  50              	.LFB333:
  24:src/main.c    ****     RCC_OscInitTypeDef RCC_OscInitStruct = {0};
  51              		.loc 1 24 31 view -0
  52              		.cfi_startproc
  53              		@ args = 0, pretend = 0, frame = 80
  54              		@ frame_needed = 0, uses_anonymous_args = 0
  55 0000 10B5     		push	{r4, lr}
  56              	.LCFI0:
  57              		.cfi_def_cfa_offset 8
  58              		.cfi_offset 4, -8
  59              		.cfi_offset 14, -4
  60 0002 94B0     		sub	sp, sp, #80
  61              	.LCFI1:
ARM GAS  /tmp/ccGV1Q4M.s 			page 3


  62              		.cfi_def_cfa_offset 88
  25:src/main.c    ****     RCC_ClkInitTypeDef RCC_ClkInitStruct = {0};
  63              		.loc 1 25 5 view .LVU4
  25:src/main.c    ****     RCC_ClkInitTypeDef RCC_ClkInitStruct = {0};
  64              		.loc 1 25 24 is_stmt 0 view .LVU5
  65 0004 06AC     		add	r4, sp, #24
  66 0006 3822     		movs	r2, #56
  67 0008 0021     		movs	r1, #0
  68 000a 2046     		mov	r0, r4
  69 000c FFF7FEFF 		bl	memset
  70              	.LVL0:
  26:src/main.c    **** 
  71              		.loc 1 26 5 is_stmt 1 view .LVU6
  26:src/main.c    **** 
  72              		.loc 1 26 24 is_stmt 0 view .LVU7
  73 0010 0023     		movs	r3, #0
  74 0012 0193     		str	r3, [sp, #4]
  75 0014 0293     		str	r3, [sp, #8]
  76 0016 0393     		str	r3, [sp, #12]
  77 0018 0493     		str	r3, [sp, #16]
  78 001a 0593     		str	r3, [sp, #20]
  28:src/main.c    ****     RCC_OscInitStruct.HSIState = RCC_HSI_ON;
  79              		.loc 1 28 5 is_stmt 1 view .LVU8
  28:src/main.c    ****     RCC_OscInitStruct.HSIState = RCC_HSI_ON;
  80              		.loc 1 28 38 is_stmt 0 view .LVU9
  81 001c 0223     		movs	r3, #2
  82 001e 0693     		str	r3, [sp, #24]
  29:src/main.c    ****     RCC_OscInitStruct.HSICalibrationValue = RCC_HSICALIBRATION_DEFAULT;
  83              		.loc 1 29 5 is_stmt 1 view .LVU10
  29:src/main.c    ****     RCC_OscInitStruct.HSICalibrationValue = RCC_HSICALIBRATION_DEFAULT;
  84              		.loc 1 29 32 is_stmt 0 view .LVU11
  85 0020 4FF48072 		mov	r2, #256
  86 0024 0992     		str	r2, [sp, #36]
  30:src/main.c    ****     RCC_OscInitStruct.PLL.PLLState = RCC_PLL_ON;
  87              		.loc 1 30 5 is_stmt 1 view .LVU12
  30:src/main.c    ****     RCC_OscInitStruct.PLL.PLLState = RCC_PLL_ON;
  88              		.loc 1 30 43 is_stmt 0 view .LVU13
  89 0026 4022     		movs	r2, #64
  90 0028 0A92     		str	r2, [sp, #40]
  31:src/main.c    ****     RCC_OscInitStruct.PLL.PLLSource = RCC_PLLSOURCE_HSI;
  91              		.loc 1 31 5 is_stmt 1 view .LVU14
  31:src/main.c    ****     RCC_OscInitStruct.PLL.PLLSource = RCC_PLLSOURCE_HSI;
  92              		.loc 1 31 36 is_stmt 0 view .LVU15
  93 002a 0D93     		str	r3, [sp, #52]
  32:src/main.c    ****     RCC_OscInitStruct.PLL.PLLM = RCC_PLLM_DIV1;
  94              		.loc 1 32 5 is_stmt 1 view .LVU16
  32:src/main.c    ****     RCC_OscInitStruct.PLL.PLLM = RCC_PLLM_DIV1;
  95              		.loc 1 32 37 is_stmt 0 view .LVU17
  96 002c 0E93     		str	r3, [sp, #56]
  33:src/main.c    ****     RCC_OscInitStruct.PLL.PLLN = 8;
  97              		.loc 1 33 5 is_stmt 1 view .LVU18
  33:src/main.c    ****     RCC_OscInitStruct.PLL.PLLN = 8;
  98              		.loc 1 33 32 is_stmt 0 view .LVU19
  99 002e 0122     		movs	r2, #1
 100 0030 0F92     		str	r2, [sp, #60]
  34:src/main.c    ****     RCC_OscInitStruct.PLL.PLLP = RCC_PLLP_DIV2;
 101              		.loc 1 34 5 is_stmt 1 view .LVU20
ARM GAS  /tmp/ccGV1Q4M.s 			page 4


  34:src/main.c    ****     RCC_OscInitStruct.PLL.PLLP = RCC_PLLP_DIV2;
 102              		.loc 1 34 32 is_stmt 0 view .LVU21
 103 0032 0822     		movs	r2, #8
 104 0034 1092     		str	r2, [sp, #64]
  35:src/main.c    ****     RCC_OscInitStruct.PLL.PLLR = RCC_PLLR_DIV2;
 105              		.loc 1 35 5 is_stmt 1 view .LVU22
  35:src/main.c    ****     RCC_OscInitStruct.PLL.PLLR = RCC_PLLR_DIV2;
 106              		.loc 1 35 32 is_stmt 0 view .LVU23
 107 0036 1193     		str	r3, [sp, #68]
  36:src/main.c    ****     RCC_OscInitStruct.PLL.PLLQ = RCC_PLLQ_DIV2;
 108              		.loc 1 36 5 is_stmt 1 view .LVU24
  36:src/main.c    ****     RCC_OscInitStruct.PLL.PLLQ = RCC_PLLQ_DIV2;
 109              		.loc 1 36 32 is_stmt 0 view .LVU25
 110 0038 1393     		str	r3, [sp, #76]
  37:src/main.c    ****     if (HAL_RCC_OscConfig(&RCC_OscInitStruct) != HAL_OK) {
 111              		.loc 1 37 5 is_stmt 1 view .LVU26
  37:src/main.c    ****     if (HAL_RCC_OscConfig(&RCC_OscInitStruct) != HAL_OK) {
 112              		.loc 1 37 32 is_stmt 0 view .LVU27
 113 003a 1293     		str	r3, [sp, #72]
  38:src/main.c    ****         Error_Handler();
 114              		.loc 1 38 5 is_stmt 1 view .LVU28
  38:src/main.c    ****         Error_Handler();
 115              		.loc 1 38 9 is_stmt 0 view .LVU29
 116 003c 2046     		mov	r0, r4
 117 003e FFF7FEFF 		bl	HAL_RCC_OscConfig
 118              	.LVL1:
  38:src/main.c    ****         Error_Handler();
 119              		.loc 1 38 8 discriminator 1 view .LVU30
 120 0042 70B9     		cbnz	r0, .L7
  42:src/main.c    ****                                   RCC_CLOCKTYPE_PCLK1|RCC_CLOCKTYPE_PCLK2;
 121              		.loc 1 42 5 is_stmt 1 view .LVU31
  42:src/main.c    ****                                   RCC_CLOCKTYPE_PCLK1|RCC_CLOCKTYPE_PCLK2;
 122              		.loc 1 42 33 is_stmt 0 view .LVU32
 123 0044 0F23     		movs	r3, #15
 124 0046 0193     		str	r3, [sp, #4]
  44:src/main.c    ****     RCC_ClkInitStruct.AHBCLKDivider = RCC_SYSCLK_DIV1;
 125              		.loc 1 44 5 is_stmt 1 view .LVU33
  44:src/main.c    ****     RCC_ClkInitStruct.AHBCLKDivider = RCC_SYSCLK_DIV1;
 126              		.loc 1 44 36 is_stmt 0 view .LVU34
 127 0048 0323     		movs	r3, #3
 128 004a 0293     		str	r3, [sp, #8]
  45:src/main.c    ****     RCC_ClkInitStruct.APB1CLKDivider = RCC_HCLK_DIV1;
 129              		.loc 1 45 5 is_stmt 1 view .LVU35
  45:src/main.c    ****     RCC_ClkInitStruct.APB1CLKDivider = RCC_HCLK_DIV1;
 130              		.loc 1 45 37 is_stmt 0 view .LVU36
 131 004c 0023     		movs	r3, #0
 132 004e 0393     		str	r3, [sp, #12]
  46:src/main.c    ****     RCC_ClkInitStruct.APB2CLKDivider = RCC_HCLK_DIV1;
 133              		.loc 1 46 5 is_stmt 1 view .LVU37
  46:src/main.c    ****     RCC_ClkInitStruct.APB2CLKDivider = RCC_HCLK_DIV1;
 134              		.loc 1 46 38 is_stmt 0 view .LVU38
 135 0050 0493     		str	r3, [sp, #16]
  47:src/main.c    **** 
 136              		.loc 1 47 5 is_stmt 1 view .LVU39
  47:src/main.c    **** 
 137              		.loc 1 47 38 is_stmt 0 view .LVU40
 138 0052 0593     		str	r3, [sp, #20]
ARM GAS  /tmp/ccGV1Q4M.s 			page 5


  49:src/main.c    ****         Error_Handler();
 139              		.loc 1 49 5 is_stmt 1 view .LVU41
  49:src/main.c    ****         Error_Handler();
 140              		.loc 1 49 9 is_stmt 0 view .LVU42
 141 0054 0221     		movs	r1, #2
 142 0056 01A8     		add	r0, sp, #4
 143 0058 FFF7FEFF 		bl	HAL_RCC_ClockConfig
 144              	.LVL2:
  49:src/main.c    ****         Error_Handler();
 145              		.loc 1 49 8 discriminator 1 view .LVU43
 146 005c 18B9     		cbnz	r0, .L8
  52:src/main.c    **** 
 147              		.loc 1 52 1 view .LVU44
 148 005e 14B0     		add	sp, sp, #80
 149              	.LCFI2:
 150              		.cfi_remember_state
 151              		.cfi_def_cfa_offset 8
 152              		@ sp needed
 153 0060 10BD     		pop	{r4, pc}
 154              	.L7:
 155              	.LCFI3:
 156              		.cfi_restore_state
  39:src/main.c    ****     }
 157              		.loc 1 39 9 is_stmt 1 view .LVU45
 158 0062 FFF7FEFF 		bl	Error_Handler
 159              	.LVL3:
 160              	.L8:
  50:src/main.c    ****     }
 161              		.loc 1 50 9 view .LVU46
 162 0066 FFF7FEFF 		bl	Error_Handler
 163              	.LVL4:
 164              		.cfi_endproc
 165              	.LFE333:
 167              		.section	.rodata.main.str1.4,"aMS",%progbits,1
 168              		.align	2
 169              	.LC0:
 170 0000 25660A0D 		.ascii	"%f\012\015\000"
 170      00
 171              		.section	.text.main,"ax",%progbits
 172              		.align	1
 173              		.global	main
 174              		.syntax unified
 175              		.thumb
 176              		.thumb_func
 178              	main:
 179              	.LFB332:
   8:src/main.c    ****     HAL_Init();
 180              		.loc 1 8 16 view -0
 181              		.cfi_startproc
 182              		@ args = 0, pretend = 0, frame = 64
 183              		@ frame_needed = 0, uses_anonymous_args = 0
 184 0000 10B5     		push	{r4, lr}
 185              	.LCFI4:
 186              		.cfi_def_cfa_offset 8
 187              		.cfi_offset 4, -8
 188              		.cfi_offset 14, -4
 189 0002 90B0     		sub	sp, sp, #64
ARM GAS  /tmp/ccGV1Q4M.s 			page 6


 190              	.LCFI5:
 191              		.cfi_def_cfa_offset 72
   9:src/main.c    ****     SystemClock_Config();
 192              		.loc 1 9 5 view .LVU48
 193 0004 FFF7FEFF 		bl	HAL_Init
 194              	.LVL5:
  10:src/main.c    ****     ADC_init();
 195              		.loc 1 10 5 view .LVU49
 196 0008 FFF7FEFF 		bl	SystemClock_Config
 197              	.LVL6:
  11:src/main.c    ****     UART_init();
 198              		.loc 1 11 5 view .LVU50
 199 000c FFF7FEFF 		bl	ADC_init
 200              	.LVL7:
  12:src/main.c    **** 
 201              		.loc 1 12 5 view .LVU51
 202 0010 FFF7FEFF 		bl	UART_init
 203              	.LVL8:
 204              	.L10:
  14:src/main.c    ****         float print = ADC_readCurrent();
 205              		.loc 1 14 5 view .LVU52
 206              	.LBB2:
  15:src/main.c    ****         uint8_t str[64] = "dinc";
 207              		.loc 1 15 9 view .LVU53
  15:src/main.c    ****         uint8_t str[64] = "dinc";
 208              		.loc 1 15 23 is_stmt 0 view .LVU54
 209 0014 FFF7FEFF 		bl	ADC_readCurrent
 210              	.LVL9:
 211 0018 10EE104A 		vmov	r4, s0
 212              	.LVL10:
  16:src/main.c    ****         sprintf((char*)str, "%f\n\r", print);
 213              		.loc 1 16 9 is_stmt 1 view .LVU55
  16:src/main.c    ****         sprintf((char*)str, "%f\n\r", print);
 214              		.loc 1 16 17 is_stmt 0 view .LVU56
 215 001c 0D4B     		ldr	r3, .L12
 216 001e 0093     		str	r3, [sp]
 217 0020 3C22     		movs	r2, #60
 218 0022 0021     		movs	r1, #0
 219 0024 01A8     		add	r0, sp, #4
 220 0026 FFF7FEFF 		bl	memset
 221              	.LVL11:
  17:src/main.c    **** 
 222              		.loc 1 17 9 is_stmt 1 view .LVU57
 223 002a 2046     		mov	r0, r4	@ float
 224 002c FFF7FEFF 		bl	__aeabi_f2d
 225              	.LVL12:
 226 0030 0246     		mov	r2, r0
 227 0032 0B46     		mov	r3, r1
 228 0034 0849     		ldr	r1, .L12+4
 229 0036 6846     		mov	r0, sp
 230 0038 FFF7FEFF 		bl	sprintf
 231              	.LVL13:
  19:src/main.c    ****         HAL_Delay(500);
 232              		.loc 1 19 9 view .LVU58
 233 003c 4FF0FF33 		mov	r3, #-1
 234 0040 4022     		movs	r2, #64
 235 0042 6946     		mov	r1, sp
ARM GAS  /tmp/ccGV1Q4M.s 			page 7


 236 0044 0548     		ldr	r0, .L12+8
 237 0046 FFF7FEFF 		bl	HAL_UART_Transmit
 238              	.LVL14:
  20:src/main.c    ****     }
 239              		.loc 1 20 9 view .LVU59
 240 004a 4FF4FA70 		mov	r0, #500
 241 004e FFF7FEFF 		bl	HAL_Delay
 242              	.LVL15:
 243              	.LBE2:
  14:src/main.c    ****         float print = ADC_readCurrent();
 244              		.loc 1 14 11 view .LVU60
 245 0052 DFE7     		b	.L10
 246              	.L13:
 247              		.align	2
 248              	.L12:
 249 0054 64696E63 		.word	1668180324
 250 0058 00000000 		.word	.LC0
 251 005c 00000000 		.word	huart2
 252              		.cfi_endproc
 253              	.LFE332:
 255              		.text
 256              	.Letext0:
 257              		.file 2 "/usr/arm-none-eabi/include/machine/_default_types.h"
 258              		.file 3 "/usr/arm-none-eabi/include/sys/_stdint.h"
 259              		.file 4 "platform/CMSIS/Device/ST/STM32G4xx/Include/stm32g474xx.h"
 260              		.file 5 "platform/HAL/inc/stm32g4xx_hal_def.h"
 261              		.file 6 "platform/HAL/inc/stm32g4xx_hal_rcc.h"
 262              		.file 7 "platform/HAL/inc/stm32g4xx_hal_dma.h"
 263              		.file 8 "platform/HAL/inc/stm32g4xx_hal_uart.h"
 264              		.file 9 "/usr/arm-none-eabi/include/stdio.h"
 265              		.file 10 "inc/uart.h"
 266              		.file 11 "inc/adc.h"
 267              		.file 12 "platform/HAL/inc/stm32g4xx_hal.h"
 268              		.file 13 "<built-in>"
ARM GAS  /tmp/ccGV1Q4M.s 			page 8


DEFINED SYMBOLS
                            *ABS*:00000000 main.c
     /tmp/ccGV1Q4M.s:21     .text.Error_Handler:00000000 $t
     /tmp/ccGV1Q4M.s:27     .text.Error_Handler:00000000 Error_Handler
     /tmp/ccGV1Q4M.s:43     .text.SystemClock_Config:00000000 $t
     /tmp/ccGV1Q4M.s:49     .text.SystemClock_Config:00000000 SystemClock_Config
     /tmp/ccGV1Q4M.s:168    .rodata.main.str1.4:00000000 $d
     /tmp/ccGV1Q4M.s:172    .text.main:00000000 $t
     /tmp/ccGV1Q4M.s:178    .text.main:00000000 main
     /tmp/ccGV1Q4M.s:249    .text.main:00000054 $d

UNDEFINED SYMBOLS
memset
HAL_RCC_OscConfig
HAL_RCC_ClockConfig
HAL_Init
ADC_init
UART_init
ADC_readCurrent
__aeabi_f2d
sprintf
HAL_UART_Transmit
HAL_Delay
huart2
