ARM GAS  /tmp/ccHj76jc.s 			page 1


   1              		.cpu cortex-m4
   2              		.arch armv7e-m
   3              		.fpu fpv4-sp-d16
   4              		.eabi_attribute 27, 1
   5              		.eabi_attribute 28, 1
   6              		.eabi_attribute 20, 1
   7              		.eabi_attribute 21, 1
   8              		.eabi_attribute 23, 3
   9              		.eabi_attribute 24, 1
  10              		.eabi_attribute 25, 1
  11              		.eabi_attribute 26, 1
  12              		.eabi_attribute 30, 1
  13              		.eabi_attribute 34, 1
  14              		.eabi_attribute 18, 4
  15              		.file	"main.c"
  16              		.text
  17              	.Ltext0:
  18              		.cfi_sections	.debug_frame
  19              		.file 1 "src/main.c"
  20              		.section	.text.Error_Handler,"ax",%progbits
  21              		.align	1
  22              		.global	Error_Handler
  23              		.syntax unified
  24              		.thumb
  25              		.thumb_func
  27              	Error_Handler:
  28              	.LFB333:
   1:src/main.c    **** #include "adc.h"
   2:src/main.c    **** #include "tim.h"
   3:src/main.c    **** #include "uart.h"
   4:src/main.c    **** #include "can.h"
   5:src/main.c    **** #include "drv8703.h"
   6:src/main.c    **** #include <stdio.h>
   7:src/main.c    **** 
   8:src/main.c    **** void systemclock_init(void);
   9:src/main.c    **** void Error_Handler(void);
  10:src/main.c    **** 
  11:src/main.c    **** int main(void) {
  12:src/main.c    ****     HAL_Init();
  13:src/main.c    ****     systemclock_init();
  14:src/main.c    **** 
  15:src/main.c    ****     ADC_init();
  16:src/main.c    ****     DRV_init();
  17:src/main.c    ****     UART_init();
  18:src/main.c    ****     TIM_init();
  19:src/main.c    ****     // TMP_init();
  20:src/main.c    **** 
  21:src/main.c    ****     while (1) {
  22:src/main.c    ****         if (TIM_interuptflag) {
  23:src/main.c    ****             uint32_t bruh = ADC_read();
  24:src/main.c    ****             float nah = ADC_calculateCurrent(bruh);
  25:src/main.c    ****             uint8_t str[8] = {0};
  26:src/main.c    **** 
  27:src/main.c    ****             if (nah > 1) {
  28:src/main.c    ****                 snprintf((char*)str, sizeof(str), "%.1f", nah);
  29:src/main.c    ****                 HAL_UART_Transmit(&huart2, "Current: ", 11, HAL_MAX_DELAY);
  30:src/main.c    ****                 HAL_UART_Transmit(&huart2, str, sizeof(str), HAL_MAX_DELAY);
ARM GAS  /tmp/ccHj76jc.s 			page 2


  31:src/main.c    ****                 HAL_UART_Transmit(&huart2, "A      ", 3, HAL_MAX_DELAY);
  32:src/main.c    **** 
  33:src/main.c    ****                 snprintf((char*)str, sizeof(str), "%d", bruh);
  34:src/main.c    ****                 HAL_UART_Transmit(&huart2, "Raw: ", 7, HAL_MAX_DELAY);
  35:src/main.c    ****                 HAL_UART_Transmit(&huart2, str, sizeof(str), HAL_MAX_DELAY);
  36:src/main.c    ****                 HAL_UART_Transmit(&huart2, "\n\r", 3, HAL_MAX_DELAY);
  37:src/main.c    **** 
  38:src/main.c    ****                 TIM_interuptflag = 0;
  39:src/main.c    ****             }
  40:src/main.c    ****         }
  41:src/main.c    ****     }
  42:src/main.c    **** }
  43:src/main.c    **** 
  44:src/main.c    **** void Error_Handler() {
  29              		.loc 1 44 22 view -0
  30              		.cfi_startproc
  31              		@ Volatile: function does not return.
  32              		@ args = 0, pretend = 0, frame = 0
  33              		@ frame_needed = 0, uses_anonymous_args = 0
  34              		@ link register save eliminated.
  35              	.L2:
  45:src/main.c    ****     while (1);
  36              		.loc 1 45 5 view .LVU1
  37              		.loc 1 45 11 view .LVU2
  38 0000 FEE7     		b	.L2
  39              		.cfi_endproc
  40              	.LFE333:
  42              		.section	.text.systemclock_init,"ax",%progbits
  43              		.align	1
  44              		.global	systemclock_init
  45              		.syntax unified
  46              		.thumb
  47              		.thumb_func
  49              	systemclock_init:
  50              	.LFB334:
  46:src/main.c    **** }
  47:src/main.c    **** 
  48:src/main.c    **** /**
  49:src/main.c    ****  * @file    main.c
  50:src/main.c    ****  * @brief   main loop of the steering box
  51:src/main.c    ****  *
  52:src/main.c    ****  * The main file initialises the modules and then loops wait for an event to occur.
  53:src/main.c    ****  * 1: The angle sensor send data to CAN 2 
  54:src/main.c    ****  * 2: The car's main can bus has send data to CAN 1 
  55:src/main.c    ****  * 3: event 1 hasn't occured for X amount of time
  56:src/main.c    ****  *
  57:src/main.c    ****  * Event 1 means data is ready so it gathers all other data and sends it over CAN 1 to the rest of 
  58:src/main.c    ****  * Event 2 means that a command has been send from the car's CAN bus, once this happens this comman
  59:src/main.c    ****  * Event 3 means that the angle sensor is unresponsive, so it sends a error message (and shut the s
  60:src/main.c    ****  */
  61:src/main.c    **** // #include "drv8703.h"
  62:src/main.c    **** // #include "can.h"
  63:src/main.c    **** // #include "tmp112.h"
  64:src/main.c    **** // #include "adc.h"
  65:src/main.c    **** // #include "tim.h"
  66:src/main.c    **** //
  67:src/main.c    **** // #define MESSAGE_BUFFER 64
ARM GAS  /tmp/ccHj76jc.s 			page 3


  68:src/main.c    **** // void systemclock_init(void);
  69:src/main.c    **** //
  70:src/main.c    **** // int main () {
  71:src/main.c    **** //     /**
  72:src/main.c    **** //      * @note Might wanna add initialisation checks.
  73:src/main.c    **** //      */
  74:src/main.c    **** //     HAL_Init();
  75:src/main.c    **** //     systemClock_init();
  76:src/main.c    **** //     ADC_init();
  77:src/main.c    **** //     DRV_init();
  78:src/main.c    **** //     TMP_init();
  79:src/main.c    **** //     TIM_init();
  80:src/main.c    **** //     CAN_init();
  81:src/main.c    **** //
  82:src/main.c    **** //     while (1) {
  83:src/main.c    **** //         if (CAN_ANGLE_SENSOR_FLAG) {
  84:src/main.c    **** //             uint8_t CAN_message[MESSAGE_BUFFER] = {0};
  85:src/main.c    **** //             uint8_t DRV_message = 0;
  86:src/main.c    **** //
  87:src/main.c    **** //             DRV_read(DRV_FAULT_STATUS_GDF_MASK, &DRV_message);
  88:src/main.c    **** //             DRV_message &= DRV_FAULT_STATUS_GDF_MASK;
  89:src/main.c    **** //
  90:src/main.c    **** //             int16_t angle = CAN_getAngle();
  91:src/main.c    **** //             uint16_t angle_speed = CAN_getAngleSpeed();
  92:src/main.c    **** //             int16_t temperature = TMP_getTemperature(); 
  93:src/main.c    **** //             int16_t current     = ADC_readCurrent();
  94:src/main.c    **** //             
  95:src/main.c    **** //             uint8_t id = CAN_format(CAN_message, angle, angle_speed, temperature, current);
  96:src/main.c    **** //             CAN_write(&CAN_MAIN_BUS, CAN_message, id);
  97:src/main.c    **** //
  98:src/main.c    **** //             __HAL_TIM_SET_COUNTER(&TIM_TIMER_INTERFACE, 0);
  99:src/main.c    **** //             CAN_BUS_FLAG &= ~(CAN_ANGLE_SENSOR_FLAG);
 100:src/main.c    **** //         }
 101:src/main.c    **** //         if (CAN_MAIN_BUS_FLAG) {
 102:src/main.c    **** //             /*
 103:src/main.c    **** //              *@warning random size for data
 104:src/main.c    **** //             */
 105:src/main.c    **** //             uint8_t data[8] = {0};
 106:src/main.c    **** //             CAN_read(&CAN_MAIN_BUS, data, sizeof(data));
 107:src/main.c    **** //             /*
 108:src/main.c    **** //              *@warning this is undefined it should receive commands from main bus and process ho
 109:src/main.c    **** //             */
 110:src/main.c    **** //             CAN_process();
 111:src/main.c    **** //             CAN_BUS_FLAG &= ~(CAN_MAIN_BUS_FLAG);
 112:src/main.c    **** //         }
 113:src/main.c    **** //         if (TIM_interuptflag) {
 114:src/main.c    **** //             TIM_interuptflag = 0;
 115:src/main.c    **** //             CAN_error();
 116:src/main.c    **** //             /**
 117:src/main.c    **** //              * @warning I believe the error should be send to a central processor which should d
 118:src/main.c    **** //             */
 119:src/main.c    **** //             break;
 120:src/main.c    **** //         }
 121:src/main.c    **** //     }
 122:src/main.c    **** //
 123:src/main.c    **** //     return 0;
 124:src/main.c    **** // }
ARM GAS  /tmp/ccHj76jc.s 			page 4


 125:src/main.c    **** 
 126:src/main.c    **** /**
 127:src/main.c    ****  * @brief sets up nucleo clock to 170MHZ 
 128:src/main.c    ****  * @warning currently 64MHZ. change it.
 129:src/main.c    ****  */
 130:src/main.c    **** void systemclock_init(void) {
  51              		.loc 1 130 29 view -0
  52              		.cfi_startproc
  53              		@ args = 0, pretend = 0, frame = 80
  54              		@ frame_needed = 0, uses_anonymous_args = 0
  55 0000 10B5     		push	{r4, lr}
  56              	.LCFI0:
  57              		.cfi_def_cfa_offset 8
  58              		.cfi_offset 4, -8
  59              		.cfi_offset 14, -4
  60 0002 94B0     		sub	sp, sp, #80
  61              	.LCFI1:
  62              		.cfi_def_cfa_offset 88
 131:src/main.c    ****     RCC_OscInitTypeDef RCC_OscInitStruct = {0};
  63              		.loc 1 131 5 view .LVU4
  64              		.loc 1 131 24 is_stmt 0 view .LVU5
  65 0004 06AC     		add	r4, sp, #24
  66 0006 3822     		movs	r2, #56
  67 0008 0021     		movs	r1, #0
  68 000a 2046     		mov	r0, r4
  69 000c FFF7FEFF 		bl	memset
  70              	.LVL0:
 132:src/main.c    ****     RCC_ClkInitTypeDef RCC_ClkInitStruct = {0};
  71              		.loc 1 132 5 is_stmt 1 view .LVU6
  72              		.loc 1 132 24 is_stmt 0 view .LVU7
  73 0010 0023     		movs	r3, #0
  74 0012 0193     		str	r3, [sp, #4]
  75 0014 0293     		str	r3, [sp, #8]
  76 0016 0393     		str	r3, [sp, #12]
  77 0018 0493     		str	r3, [sp, #16]
  78 001a 0593     		str	r3, [sp, #20]
 133:src/main.c    **** 
 134:src/main.c    ****     RCC_OscInitStruct.OscillatorType = RCC_OSCILLATORTYPE_HSI;
  79              		.loc 1 134 5 is_stmt 1 view .LVU8
  80              		.loc 1 134 38 is_stmt 0 view .LVU9
  81 001c 0223     		movs	r3, #2
  82 001e 0693     		str	r3, [sp, #24]
 135:src/main.c    ****     RCC_OscInitStruct.HSIState = RCC_HSI_ON;
  83              		.loc 1 135 5 is_stmt 1 view .LVU10
  84              		.loc 1 135 32 is_stmt 0 view .LVU11
  85 0020 4FF48072 		mov	r2, #256
  86 0024 0992     		str	r2, [sp, #36]
 136:src/main.c    ****     RCC_OscInitStruct.HSICalibrationValue = RCC_HSICALIBRATION_DEFAULT;
  87              		.loc 1 136 5 is_stmt 1 view .LVU12
  88              		.loc 1 136 43 is_stmt 0 view .LVU13
  89 0026 4022     		movs	r2, #64
  90 0028 0A92     		str	r2, [sp, #40]
 137:src/main.c    ****     RCC_OscInitStruct.PLL.PLLState = RCC_PLL_ON;
  91              		.loc 1 137 5 is_stmt 1 view .LVU14
  92              		.loc 1 137 36 is_stmt 0 view .LVU15
  93 002a 0D93     		str	r3, [sp, #52]
 138:src/main.c    ****     RCC_OscInitStruct.PLL.PLLSource = RCC_PLLSOURCE_HSI;
ARM GAS  /tmp/ccHj76jc.s 			page 5


  94              		.loc 1 138 5 is_stmt 1 view .LVU16
  95              		.loc 1 138 37 is_stmt 0 view .LVU17
  96 002c 0E93     		str	r3, [sp, #56]
 139:src/main.c    ****     RCC_OscInitStruct.PLL.PLLM = RCC_PLLM_DIV1;
  97              		.loc 1 139 5 is_stmt 1 view .LVU18
  98              		.loc 1 139 32 is_stmt 0 view .LVU19
  99 002e 0122     		movs	r2, #1
 100 0030 0F92     		str	r2, [sp, #60]
 140:src/main.c    ****     RCC_OscInitStruct.PLL.PLLN = 8;
 101              		.loc 1 140 5 is_stmt 1 view .LVU20
 102              		.loc 1 140 32 is_stmt 0 view .LVU21
 103 0032 0822     		movs	r2, #8
 104 0034 1092     		str	r2, [sp, #64]
 141:src/main.c    ****     RCC_OscInitStruct.PLL.PLLP = RCC_PLLP_DIV2;
 105              		.loc 1 141 5 is_stmt 1 view .LVU22
 106              		.loc 1 141 32 is_stmt 0 view .LVU23
 107 0036 1193     		str	r3, [sp, #68]
 142:src/main.c    ****     RCC_OscInitStruct.PLL.PLLR = RCC_PLLR_DIV2;
 108              		.loc 1 142 5 is_stmt 1 view .LVU24
 109              		.loc 1 142 32 is_stmt 0 view .LVU25
 110 0038 1393     		str	r3, [sp, #76]
 143:src/main.c    ****     RCC_OscInitStruct.PLL.PLLQ = RCC_PLLQ_DIV2;
 111              		.loc 1 143 5 is_stmt 1 view .LVU26
 112              		.loc 1 143 32 is_stmt 0 view .LVU27
 113 003a 1293     		str	r3, [sp, #72]
 144:src/main.c    ****     if (HAL_RCC_OscConfig(&RCC_OscInitStruct) != HAL_OK) {
 114              		.loc 1 144 5 is_stmt 1 view .LVU28
 115              		.loc 1 144 9 is_stmt 0 view .LVU29
 116 003c 2046     		mov	r0, r4
 117 003e FFF7FEFF 		bl	HAL_RCC_OscConfig
 118              	.LVL1:
 119              		.loc 1 144 8 discriminator 1 view .LVU30
 120 0042 70B9     		cbnz	r0, .L7
 121              	.L4:
 145:src/main.c    ****         CAN_error();
 146:src/main.c    ****     }
 147:src/main.c    **** 
 148:src/main.c    ****     RCC_ClkInitStruct.ClockType = RCC_CLOCKTYPE_HCLK|RCC_CLOCKTYPE_SYSCLK |
 122              		.loc 1 148 5 is_stmt 1 view .LVU31
 123              		.loc 1 148 33 is_stmt 0 view .LVU32
 124 0044 0F23     		movs	r3, #15
 125 0046 0193     		str	r3, [sp, #4]
 149:src/main.c    ****                                   RCC_CLOCKTYPE_PCLK1|RCC_CLOCKTYPE_PCLK2;
 150:src/main.c    ****     RCC_ClkInitStruct.SYSCLKSource = RCC_SYSCLKSOURCE_PLLCLK;
 126              		.loc 1 150 5 is_stmt 1 view .LVU33
 127              		.loc 1 150 36 is_stmt 0 view .LVU34
 128 0048 0323     		movs	r3, #3
 129 004a 0293     		str	r3, [sp, #8]
 151:src/main.c    ****     RCC_ClkInitStruct.AHBCLKDivider = RCC_SYSCLK_DIV1;
 130              		.loc 1 151 5 is_stmt 1 view .LVU35
 131              		.loc 1 151 37 is_stmt 0 view .LVU36
 132 004c 0023     		movs	r3, #0
 133 004e 0393     		str	r3, [sp, #12]
 152:src/main.c    ****     RCC_ClkInitStruct.APB1CLKDivider = RCC_HCLK_DIV1;
 134              		.loc 1 152 5 is_stmt 1 view .LVU37
 135              		.loc 1 152 38 is_stmt 0 view .LVU38
 136 0050 0493     		str	r3, [sp, #16]
ARM GAS  /tmp/ccHj76jc.s 			page 6


 153:src/main.c    ****     RCC_ClkInitStruct.APB2CLKDivider = RCC_HCLK_DIV1;
 137              		.loc 1 153 5 is_stmt 1 view .LVU39
 138              		.loc 1 153 38 is_stmt 0 view .LVU40
 139 0052 0593     		str	r3, [sp, #20]
 154:src/main.c    **** 
 155:src/main.c    ****     if (HAL_RCC_ClockConfig(&RCC_ClkInitStruct, FLASH_LATENCY_2) != HAL_OK) {
 140              		.loc 1 155 5 is_stmt 1 view .LVU41
 141              		.loc 1 155 9 is_stmt 0 view .LVU42
 142 0054 0221     		movs	r1, #2
 143 0056 01A8     		add	r0, sp, #4
 144 0058 FFF7FEFF 		bl	HAL_RCC_ClockConfig
 145              	.LVL2:
 146              		.loc 1 155 8 discriminator 1 view .LVU43
 147 005c 20B9     		cbnz	r0, .L8
 148              	.L3:
 156:src/main.c    ****         CAN_error();
 157:src/main.c    ****     }
 158:src/main.c    **** }
 149              		.loc 1 158 1 view .LVU44
 150 005e 14B0     		add	sp, sp, #80
 151              	.LCFI2:
 152              		.cfi_remember_state
 153              		.cfi_def_cfa_offset 8
 154              		@ sp needed
 155 0060 10BD     		pop	{r4, pc}
 156              	.L7:
 157              	.LCFI3:
 158              		.cfi_restore_state
 145:src/main.c    ****     }
 159              		.loc 1 145 9 is_stmt 1 view .LVU45
 160 0062 FFF7FEFF 		bl	CAN_error
 161              	.LVL3:
 162 0066 EDE7     		b	.L4
 163              	.L8:
 156:src/main.c    ****         CAN_error();
 164              		.loc 1 156 9 view .LVU46
 165 0068 FFF7FEFF 		bl	CAN_error
 166              	.LVL4:
 167              		.loc 1 158 1 is_stmt 0 view .LVU47
 168 006c F7E7     		b	.L3
 169              		.cfi_endproc
 170              	.LFE334:
 172              		.section	.rodata.main.str1.4,"aMS",%progbits,1
 173              		.align	2
 174              	.LC0:
 175 0000 252E3166 		.ascii	"%.1f\000"
 175      00
 176 0005 000000   		.align	2
 177              	.LC1:
 178 0008 43757272 		.ascii	"Current: \000"
 178      656E743A 
 178      2000
 179 0012 0000     		.align	2
 180              	.LC2:
 181 0014 41202020 		.ascii	"A      \000"
 181      20202000 
 182              		.align	2
ARM GAS  /tmp/ccHj76jc.s 			page 7


 183              	.LC3:
 184 001c 256400   		.ascii	"%d\000"
 185 001f 00       		.align	2
 186              	.LC4:
 187 0020 5261773A 		.ascii	"Raw: \000"
 187      2000
 188 0026 0000     		.align	2
 189              	.LC5:
 190 0028 0A0D00   		.ascii	"\012\015\000"
 191              		.section	.text.main,"ax",%progbits
 192              		.align	1
 193              		.global	main
 194              		.syntax unified
 195              		.thumb
 196              		.thumb_func
 198              	main:
 199              	.LFB332:
  11:src/main.c    ****     HAL_Init();
 200              		.loc 1 11 16 is_stmt 1 view -0
 201              		.cfi_startproc
 202              		@ args = 0, pretend = 0, frame = 8
 203              		@ frame_needed = 0, uses_anonymous_args = 0
 204 0000 70B5     		push	{r4, r5, r6, lr}
 205              	.LCFI4:
 206              		.cfi_def_cfa_offset 16
 207              		.cfi_offset 4, -16
 208              		.cfi_offset 5, -12
 209              		.cfi_offset 6, -8
 210              		.cfi_offset 14, -4
 211 0002 84B0     		sub	sp, sp, #16
 212              	.LCFI5:
 213              		.cfi_def_cfa_offset 32
  12:src/main.c    ****     systemclock_init();
 214              		.loc 1 12 5 view .LVU49
 215 0004 FFF7FEFF 		bl	HAL_Init
 216              	.LVL5:
  13:src/main.c    **** 
 217              		.loc 1 13 5 view .LVU50
 218 0008 FFF7FEFF 		bl	systemclock_init
 219              	.LVL6:
  15:src/main.c    ****     DRV_init();
 220              		.loc 1 15 5 view .LVU51
 221 000c FFF7FEFF 		bl	ADC_init
 222              	.LVL7:
  16:src/main.c    ****     UART_init();
 223              		.loc 1 16 5 view .LVU52
 224 0010 FFF7FEFF 		bl	DRV_init
 225              	.LVL8:
  17:src/main.c    ****     TIM_init();
 226              		.loc 1 17 5 view .LVU53
 227 0014 FFF7FEFF 		bl	UART_init
 228              	.LVL9:
  18:src/main.c    ****     // TMP_init();
 229              		.loc 1 18 5 view .LVU54
 230 0018 FFF7FEFF 		bl	TIM_init
 231              	.LVL10:
 232              	.L10:
ARM GAS  /tmp/ccHj76jc.s 			page 8


  21:src/main.c    ****         if (TIM_interuptflag) {
 233              		.loc 1 21 5 view .LVU55
  22:src/main.c    ****             uint32_t bruh = ADC_read();
 234              		.loc 1 22 9 view .LVU56
  22:src/main.c    ****             uint32_t bruh = ADC_read();
 235              		.loc 1 22 13 is_stmt 0 view .LVU57
 236 001c 2A4B     		ldr	r3, .L16
 237 001e 1B78     		ldrb	r3, [r3]	@ zero_extendqisi2
  22:src/main.c    ****             uint32_t bruh = ADC_read();
 238              		.loc 1 22 12 view .LVU58
 239 0020 002B     		cmp	r3, #0
 240 0022 FBD0     		beq	.L10
 241              	.LBB2:
  23:src/main.c    ****             float nah = ADC_calculateCurrent(bruh);
 242              		.loc 1 23 13 is_stmt 1 view .LVU59
  23:src/main.c    ****             float nah = ADC_calculateCurrent(bruh);
 243              		.loc 1 23 29 is_stmt 0 view .LVU60
 244 0024 FFF7FEFF 		bl	ADC_read
 245              	.LVL11:
 246 0028 0546     		mov	r5, r0
 247              	.LVL12:
  24:src/main.c    ****             uint8_t str[8] = {0};
 248              		.loc 1 24 13 is_stmt 1 view .LVU61
  24:src/main.c    ****             uint8_t str[8] = {0};
 249              		.loc 1 24 25 is_stmt 0 view .LVU62
 250 002a FFF7FEFF 		bl	ADC_calculateCurrent
 251              	.LVL13:
  25:src/main.c    **** 
 252              		.loc 1 25 13 is_stmt 1 view .LVU63
  25:src/main.c    **** 
 253              		.loc 1 25 21 is_stmt 0 view .LVU64
 254 002e 0023     		movs	r3, #0
 255 0030 0293     		str	r3, [sp, #8]
 256 0032 02AA     		add	r2, sp, #8
 257 0034 0393     		str	r3, [sp, #12]
  27:src/main.c    ****                 snprintf((char*)str, sizeof(str), "%.1f", nah);
 258              		.loc 1 27 13 is_stmt 1 view .LVU65
  27:src/main.c    ****                 snprintf((char*)str, sizeof(str), "%.1f", nah);
 259              		.loc 1 27 16 is_stmt 0 view .LVU66
 260 0036 F7EE007A 		vmov.f32	s15, #1.0e+0
 261 003a B4EEE70A 		vcmpe.f32	s0, s15
 262 003e F1EE10FA 		vmrs	APSR_nzcv, FPSCR
 263 0042 EBDD     		ble	.L10
  28:src/main.c    ****                 HAL_UART_Transmit(&huart2, "Current: ", 11, HAL_MAX_DELAY);
 264              		.loc 1 28 17 is_stmt 1 view .LVU67
 265 0044 1646     		mov	r6, r2
 266 0046 10EE100A 		vmov	r0, s0
 267 004a FFF7FEFF 		bl	__aeabi_f2d
 268              	.LVL14:
  28:src/main.c    ****                 HAL_UART_Transmit(&huart2, "Current: ", 11, HAL_MAX_DELAY);
 269              		.loc 1 28 17 is_stmt 0 view .LVU68
 270 004e CDE90001 		strd	r0, [sp]
 271 0052 1E4A     		ldr	r2, .L16+4
 272 0054 0821     		movs	r1, #8
 273 0056 3046     		mov	r0, r6
 274 0058 FFF7FEFF 		bl	snprintf
 275              	.LVL15:
ARM GAS  /tmp/ccHj76jc.s 			page 9


  29:src/main.c    ****                 HAL_UART_Transmit(&huart2, str, sizeof(str), HAL_MAX_DELAY);
 276              		.loc 1 29 17 is_stmt 1 view .LVU69
 277 005c 1C4C     		ldr	r4, .L16+8
 278 005e 4FF0FF33 		mov	r3, #-1
 279 0062 0B22     		movs	r2, #11
 280 0064 1B49     		ldr	r1, .L16+12
 281 0066 2046     		mov	r0, r4
 282 0068 FFF7FEFF 		bl	HAL_UART_Transmit
 283              	.LVL16:
  30:src/main.c    ****                 HAL_UART_Transmit(&huart2, "A      ", 3, HAL_MAX_DELAY);
 284              		.loc 1 30 17 view .LVU70
 285 006c 4FF0FF33 		mov	r3, #-1
 286 0070 0822     		movs	r2, #8
 287 0072 3146     		mov	r1, r6
 288 0074 2046     		mov	r0, r4
 289 0076 FFF7FEFF 		bl	HAL_UART_Transmit
 290              	.LVL17:
  31:src/main.c    **** 
 291              		.loc 1 31 17 view .LVU71
 292 007a 4FF0FF33 		mov	r3, #-1
 293 007e 0322     		movs	r2, #3
 294 0080 1549     		ldr	r1, .L16+16
 295 0082 2046     		mov	r0, r4
 296 0084 FFF7FEFF 		bl	HAL_UART_Transmit
 297              	.LVL18:
  33:src/main.c    ****                 HAL_UART_Transmit(&huart2, "Raw: ", 7, HAL_MAX_DELAY);
 298              		.loc 1 33 17 view .LVU72
 299 0088 2B46     		mov	r3, r5
 300 008a 144A     		ldr	r2, .L16+20
 301 008c 0821     		movs	r1, #8
 302 008e 3046     		mov	r0, r6
 303 0090 FFF7FEFF 		bl	snprintf
 304              	.LVL19:
  34:src/main.c    ****                 HAL_UART_Transmit(&huart2, str, sizeof(str), HAL_MAX_DELAY);
 305              		.loc 1 34 17 view .LVU73
 306 0094 4FF0FF33 		mov	r3, #-1
 307 0098 0722     		movs	r2, #7
 308 009a 1149     		ldr	r1, .L16+24
 309 009c 2046     		mov	r0, r4
 310 009e FFF7FEFF 		bl	HAL_UART_Transmit
 311              	.LVL20:
  35:src/main.c    ****                 HAL_UART_Transmit(&huart2, "\n\r", 3, HAL_MAX_DELAY);
 312              		.loc 1 35 17 view .LVU74
 313 00a2 4FF0FF33 		mov	r3, #-1
 314 00a6 0822     		movs	r2, #8
 315 00a8 3146     		mov	r1, r6
 316 00aa 2046     		mov	r0, r4
 317 00ac FFF7FEFF 		bl	HAL_UART_Transmit
 318              	.LVL21:
  36:src/main.c    **** 
 319              		.loc 1 36 17 view .LVU75
 320 00b0 4FF0FF33 		mov	r3, #-1
 321 00b4 0322     		movs	r2, #3
 322 00b6 0B49     		ldr	r1, .L16+28
 323 00b8 2046     		mov	r0, r4
 324 00ba FFF7FEFF 		bl	HAL_UART_Transmit
 325              	.LVL22:
ARM GAS  /tmp/ccHj76jc.s 			page 10


  38:src/main.c    ****             }
 326              		.loc 1 38 17 view .LVU76
  38:src/main.c    ****             }
 327              		.loc 1 38 34 is_stmt 0 view .LVU77
 328 00be 024B     		ldr	r3, .L16
 329 00c0 0022     		movs	r2, #0
 330 00c2 1A70     		strb	r2, [r3]
 331 00c4 AAE7     		b	.L10
 332              	.L17:
 333 00c6 00BF     		.align	2
 334              	.L16:
 335 00c8 00000000 		.word	TIM_interuptflag
 336 00cc 00000000 		.word	.LC0
 337 00d0 00000000 		.word	huart2
 338 00d4 08000000 		.word	.LC1
 339 00d8 14000000 		.word	.LC2
 340 00dc 1C000000 		.word	.LC3
 341 00e0 20000000 		.word	.LC4
 342 00e4 28000000 		.word	.LC5
 343              	.LBE2:
 344              		.cfi_endproc
 345              	.LFE332:
 347              		.text
 348              	.Letext0:
 349              		.file 2 "/usr/arm-none-eabi/include/machine/_default_types.h"
 350              		.file 3 "/usr/arm-none-eabi/include/sys/_stdint.h"
 351              		.file 4 "platform/CMSIS/Device/ST/STM32G4xx/Include/stm32g474xx.h"
 352              		.file 5 "platform/HAL/inc/stm32g4xx_hal_def.h"
 353              		.file 6 "platform/HAL/inc/stm32g4xx_hal_rcc.h"
 354              		.file 7 "platform/HAL/inc/stm32g4xx_hal_dma.h"
 355              		.file 8 "platform/HAL/inc/stm32g4xx_hal_uart.h"
 356              		.file 9 "inc/tim.h"
 357              		.file 10 "inc/uart.h"
 358              		.file 11 "/usr/arm-none-eabi/include/stdio.h"
 359              		.file 12 "inc/adc.h"
 360              		.file 13 "inc/can.h"
 361              		.file 14 "inc/drv8703.h"
 362              		.file 15 "platform/HAL/inc/stm32g4xx_hal.h"
 363              		.file 16 "<built-in>"
ARM GAS  /tmp/ccHj76jc.s 			page 11


DEFINED SYMBOLS
                            *ABS*:00000000 main.c
     /tmp/ccHj76jc.s:21     .text.Error_Handler:00000000 $t
     /tmp/ccHj76jc.s:27     .text.Error_Handler:00000000 Error_Handler
     /tmp/ccHj76jc.s:43     .text.systemclock_init:00000000 $t
     /tmp/ccHj76jc.s:49     .text.systemclock_init:00000000 systemclock_init
     /tmp/ccHj76jc.s:173    .rodata.main.str1.4:00000000 $d
     /tmp/ccHj76jc.s:192    .text.main:00000000 $t
     /tmp/ccHj76jc.s:198    .text.main:00000000 main
     /tmp/ccHj76jc.s:335    .text.main:000000c8 $d

UNDEFINED SYMBOLS
memset
HAL_RCC_OscConfig
HAL_RCC_ClockConfig
CAN_error
HAL_Init
ADC_init
DRV_init
UART_init
TIM_init
ADC_read
ADC_calculateCurrent
__aeabi_f2d
snprintf
HAL_UART_Transmit
TIM_interuptflag
huart2
