ARM GAS  /tmp/cc1ekbAr.s 			page 1


   1              		.cpu cortex-m4
   2              		.arch armv7e-m
   3              		.fpu fpv4-sp-d16
   4              		.eabi_attribute 27, 1
   5              		.eabi_attribute 28, 1
   6              		.eabi_attribute 20, 1
   7              		.eabi_attribute 21, 1
   8              		.eabi_attribute 23, 3
   9              		.eabi_attribute 24, 1
  10              		.eabi_attribute 25, 1
  11              		.eabi_attribute 26, 1
  12              		.eabi_attribute 30, 1
  13              		.eabi_attribute 34, 1
  14              		.eabi_attribute 18, 4
  15              		.file	"stm32g4xx_hal_msp_template.c"
  16              		.text
  17              	.Ltext0:
  18              		.cfi_sections	.debug_frame
  19              		.file 1 "platform/HAL/src/stm32g4xx_hal_msp_template.c"
  20              		.section	.text.HAL_MspInit,"ax",%progbits
  21              		.align	1
  22              		.global	HAL_MspInit
  23              		.syntax unified
  24              		.thumb
  25              		.thumb_func
  27              	HAL_MspInit:
  28              	.LFB132:
   1:platform/HAL/src/stm32g4xx_hal_msp_template.c **** /**
   2:platform/HAL/src/stm32g4xx_hal_msp_template.c ****   ******************************************************************************
   3:platform/HAL/src/stm32g4xx_hal_msp_template.c ****   * @file    stm32g4xx_hal_msp_template.c
   4:platform/HAL/src/stm32g4xx_hal_msp_template.c ****   * @author  MCD Application Team
   5:platform/HAL/src/stm32g4xx_hal_msp_template.c ****   * @brief   HAL MSP module.
   6:platform/HAL/src/stm32g4xx_hal_msp_template.c ****   *          This file template is located in the HAL folder and should be copied
   7:platform/HAL/src/stm32g4xx_hal_msp_template.c ****   *          to the user folder.
   8:platform/HAL/src/stm32g4xx_hal_msp_template.c ****   ******************************************************************************
   9:platform/HAL/src/stm32g4xx_hal_msp_template.c ****   * @attention
  10:platform/HAL/src/stm32g4xx_hal_msp_template.c ****   *
  11:platform/HAL/src/stm32g4xx_hal_msp_template.c ****   * Copyright (c) 2019 STMicroelectronics.
  12:platform/HAL/src/stm32g4xx_hal_msp_template.c ****   * All rights reserved.
  13:platform/HAL/src/stm32g4xx_hal_msp_template.c ****   *
  14:platform/HAL/src/stm32g4xx_hal_msp_template.c ****   * This software is licensed under terms that can be found in the LICENSE file
  15:platform/HAL/src/stm32g4xx_hal_msp_template.c ****   * in the root directory of this software component.
  16:platform/HAL/src/stm32g4xx_hal_msp_template.c ****   * If no LICENSE file comes with this software, it is provided AS-IS.
  17:platform/HAL/src/stm32g4xx_hal_msp_template.c ****   *
  18:platform/HAL/src/stm32g4xx_hal_msp_template.c ****   ******************************************************************************
  19:platform/HAL/src/stm32g4xx_hal_msp_template.c ****   */
  20:platform/HAL/src/stm32g4xx_hal_msp_template.c **** 
  21:platform/HAL/src/stm32g4xx_hal_msp_template.c **** /* Includes ------------------------------------------------------------------*/
  22:platform/HAL/src/stm32g4xx_hal_msp_template.c **** #include "stm32g4xx_hal.h"
  23:platform/HAL/src/stm32g4xx_hal_msp_template.c **** 
  24:platform/HAL/src/stm32g4xx_hal_msp_template.c **** /** @addtogroup STM32G4xx_HAL_Driver
  25:platform/HAL/src/stm32g4xx_hal_msp_template.c ****   * @{
  26:platform/HAL/src/stm32g4xx_hal_msp_template.c ****   */
  27:platform/HAL/src/stm32g4xx_hal_msp_template.c **** 
  28:platform/HAL/src/stm32g4xx_hal_msp_template.c **** /** @defgroup HAL_MSP HAL MSP module driver
  29:platform/HAL/src/stm32g4xx_hal_msp_template.c ****   * @brief HAL MSP module.
  30:platform/HAL/src/stm32g4xx_hal_msp_template.c ****   * @{
ARM GAS  /tmp/cc1ekbAr.s 			page 2


  31:platform/HAL/src/stm32g4xx_hal_msp_template.c ****   */
  32:platform/HAL/src/stm32g4xx_hal_msp_template.c **** 
  33:platform/HAL/src/stm32g4xx_hal_msp_template.c **** /* Private typedef -----------------------------------------------------------*/
  34:platform/HAL/src/stm32g4xx_hal_msp_template.c **** /* Private define ------------------------------------------------------------*/
  35:platform/HAL/src/stm32g4xx_hal_msp_template.c **** /* Private macro -------------------------------------------------------------*/
  36:platform/HAL/src/stm32g4xx_hal_msp_template.c **** /* Private variables ---------------------------------------------------------*/
  37:platform/HAL/src/stm32g4xx_hal_msp_template.c **** /* Private function prototypes -----------------------------------------------*/
  38:platform/HAL/src/stm32g4xx_hal_msp_template.c **** /* Private functions ---------------------------------------------------------*/
  39:platform/HAL/src/stm32g4xx_hal_msp_template.c **** 
  40:platform/HAL/src/stm32g4xx_hal_msp_template.c **** /** @defgroup HAL_MSP_Private_Functions
  41:platform/HAL/src/stm32g4xx_hal_msp_template.c ****   * @{
  42:platform/HAL/src/stm32g4xx_hal_msp_template.c ****   */
  43:platform/HAL/src/stm32g4xx_hal_msp_template.c **** 
  44:platform/HAL/src/stm32g4xx_hal_msp_template.c **** /**
  45:platform/HAL/src/stm32g4xx_hal_msp_template.c ****   * @brief  Initialize the Global MSP.
  46:platform/HAL/src/stm32g4xx_hal_msp_template.c ****   * @param  None
  47:platform/HAL/src/stm32g4xx_hal_msp_template.c ****   * @retval None
  48:platform/HAL/src/stm32g4xx_hal_msp_template.c ****   */
  49:platform/HAL/src/stm32g4xx_hal_msp_template.c **** void HAL_MspInit(void)
  50:platform/HAL/src/stm32g4xx_hal_msp_template.c **** {
  29              		.loc 1 50 1 view -0
  30              		.cfi_startproc
  31              		@ args = 0, pretend = 0, frame = 0
  32              		@ frame_needed = 0, uses_anonymous_args = 0
  33              		@ link register save eliminated.
  51:platform/HAL/src/stm32g4xx_hal_msp_template.c ****   /* NOTE : This function is generated automatically by STM32CubeMX and eventually
  52:platform/HAL/src/stm32g4xx_hal_msp_template.c ****             modified by the user
  53:platform/HAL/src/stm32g4xx_hal_msp_template.c ****    */
  54:platform/HAL/src/stm32g4xx_hal_msp_template.c **** }
  34              		.loc 1 54 1 view .LVU1
  35 0000 7047     		bx	lr
  36              		.cfi_endproc
  37              	.LFE132:
  39              		.section	.text.HAL_MspDeInit,"ax",%progbits
  40              		.align	1
  41              		.global	HAL_MspDeInit
  42              		.syntax unified
  43              		.thumb
  44              		.thumb_func
  46              	HAL_MspDeInit:
  47              	.LFB133:
  55:platform/HAL/src/stm32g4xx_hal_msp_template.c **** 
  56:platform/HAL/src/stm32g4xx_hal_msp_template.c **** /**
  57:platform/HAL/src/stm32g4xx_hal_msp_template.c ****   * @brief  DeInitialize the Global MSP.
  58:platform/HAL/src/stm32g4xx_hal_msp_template.c ****   * @param  None
  59:platform/HAL/src/stm32g4xx_hal_msp_template.c ****   * @retval None
  60:platform/HAL/src/stm32g4xx_hal_msp_template.c ****   */
  61:platform/HAL/src/stm32g4xx_hal_msp_template.c **** void HAL_MspDeInit(void)
  62:platform/HAL/src/stm32g4xx_hal_msp_template.c **** {
  48              		.loc 1 62 1 view -0
  49              		.cfi_startproc
  50              		@ args = 0, pretend = 0, frame = 0
  51              		@ frame_needed = 0, uses_anonymous_args = 0
  52              		@ link register save eliminated.
  63:platform/HAL/src/stm32g4xx_hal_msp_template.c ****   /* NOTE : This function is generated automatically by STM32CubeMX and eventually
  64:platform/HAL/src/stm32g4xx_hal_msp_template.c ****             modified by the user
  65:platform/HAL/src/stm32g4xx_hal_msp_template.c ****    */
ARM GAS  /tmp/cc1ekbAr.s 			page 3


  66:platform/HAL/src/stm32g4xx_hal_msp_template.c **** }
  53              		.loc 1 66 1 view .LVU3
  54 0000 7047     		bx	lr
  55              		.cfi_endproc
  56              	.LFE133:
  58              		.section	.text.HAL_PPP_MspInit,"ax",%progbits
  59              		.align	1
  60              		.global	HAL_PPP_MspInit
  61              		.syntax unified
  62              		.thumb
  63              		.thumb_func
  65              	HAL_PPP_MspInit:
  66              	.LFB134:
  67:platform/HAL/src/stm32g4xx_hal_msp_template.c **** 
  68:platform/HAL/src/stm32g4xx_hal_msp_template.c **** /**
  69:platform/HAL/src/stm32g4xx_hal_msp_template.c ****   * @brief  Initialize the PPP MSP.
  70:platform/HAL/src/stm32g4xx_hal_msp_template.c ****   * @param  None
  71:platform/HAL/src/stm32g4xx_hal_msp_template.c ****   * @retval None
  72:platform/HAL/src/stm32g4xx_hal_msp_template.c ****   */
  73:platform/HAL/src/stm32g4xx_hal_msp_template.c **** void HAL_PPP_MspInit(void)
  74:platform/HAL/src/stm32g4xx_hal_msp_template.c **** {
  67              		.loc 1 74 1 view -0
  68              		.cfi_startproc
  69              		@ args = 0, pretend = 0, frame = 0
  70              		@ frame_needed = 0, uses_anonymous_args = 0
  71              		@ link register save eliminated.
  75:platform/HAL/src/stm32g4xx_hal_msp_template.c ****   /* NOTE : This function is generated automatically by STM32CubeMX and eventually
  76:platform/HAL/src/stm32g4xx_hal_msp_template.c ****             modified by the user
  77:platform/HAL/src/stm32g4xx_hal_msp_template.c ****    */
  78:platform/HAL/src/stm32g4xx_hal_msp_template.c **** }
  72              		.loc 1 78 1 view .LVU5
  73 0000 7047     		bx	lr
  74              		.cfi_endproc
  75              	.LFE134:
  77              		.section	.text.HAL_PPP_MspDeInit,"ax",%progbits
  78              		.align	1
  79              		.global	HAL_PPP_MspDeInit
  80              		.syntax unified
  81              		.thumb
  82              		.thumb_func
  84              	HAL_PPP_MspDeInit:
  85              	.LFB135:
  79:platform/HAL/src/stm32g4xx_hal_msp_template.c **** 
  80:platform/HAL/src/stm32g4xx_hal_msp_template.c **** /**
  81:platform/HAL/src/stm32g4xx_hal_msp_template.c ****   * @brief  DeInitialize the PPP MSP.
  82:platform/HAL/src/stm32g4xx_hal_msp_template.c ****   * @param  None
  83:platform/HAL/src/stm32g4xx_hal_msp_template.c ****   * @retval None
  84:platform/HAL/src/stm32g4xx_hal_msp_template.c ****   */
  85:platform/HAL/src/stm32g4xx_hal_msp_template.c **** void HAL_PPP_MspDeInit(void)
  86:platform/HAL/src/stm32g4xx_hal_msp_template.c **** {
  86              		.loc 1 86 1 view -0
  87              		.cfi_startproc
  88              		@ args = 0, pretend = 0, frame = 0
  89              		@ frame_needed = 0, uses_anonymous_args = 0
  90              		@ link register save eliminated.
  87:platform/HAL/src/stm32g4xx_hal_msp_template.c ****   /* NOTE : This function is generated automatically by STM32CubeMX and eventually
  88:platform/HAL/src/stm32g4xx_hal_msp_template.c ****             modified by the user
ARM GAS  /tmp/cc1ekbAr.s 			page 4


  89:platform/HAL/src/stm32g4xx_hal_msp_template.c ****    */
  90:platform/HAL/src/stm32g4xx_hal_msp_template.c **** }
  91              		.loc 1 90 1 view .LVU7
  92 0000 7047     		bx	lr
  93              		.cfi_endproc
  94              	.LFE135:
  96              		.text
  97              	.Letext0:
ARM GAS  /tmp/cc1ekbAr.s 			page 5


DEFINED SYMBOLS
                            *ABS*:00000000 stm32g4xx_hal_msp_template.c
     /tmp/cc1ekbAr.s:21     .text.HAL_MspInit:00000000 $t
     /tmp/cc1ekbAr.s:27     .text.HAL_MspInit:00000000 HAL_MspInit
     /tmp/cc1ekbAr.s:40     .text.HAL_MspDeInit:00000000 $t
     /tmp/cc1ekbAr.s:46     .text.HAL_MspDeInit:00000000 HAL_MspDeInit
     /tmp/cc1ekbAr.s:59     .text.HAL_PPP_MspInit:00000000 $t
     /tmp/cc1ekbAr.s:65     .text.HAL_PPP_MspInit:00000000 HAL_PPP_MspInit
     /tmp/cc1ekbAr.s:78     .text.HAL_PPP_MspDeInit:00000000 $t
     /tmp/cc1ekbAr.s:84     .text.HAL_PPP_MspDeInit:00000000 HAL_PPP_MspDeInit

NO UNDEFINED SYMBOLS
