Archive member included to satisfy reference by file (symbol)

/usr/lib/gcc/arm-none-eabi/14.2.0/../../../../arm-none-eabi/lib/thumb/v7e-m+fp/hard/libc.a(libc_a-atexit.o)
                              /usr/lib/gcc/arm-none-eabi/14.2.0/../../../../arm-none-eabi/lib/thumb/v7e-m+fp/hard/crt0.o (atexit)
/usr/lib/gcc/arm-none-eabi/14.2.0/../../../../arm-none-eabi/lib/thumb/v7e-m+fp/hard/libc.a(libc_a-exit.o)
                              /usr/lib/gcc/arm-none-eabi/14.2.0/../../../../arm-none-eabi/lib/thumb/v7e-m+fp/hard/crt0.o (exit)
/usr/lib/gcc/arm-none-eabi/14.2.0/../../../../arm-none-eabi/lib/thumb/v7e-m+fp/hard/libc.a(libc_a-findfp.o)
                              /usr/lib/gcc/arm-none-eabi/14.2.0/../../../../arm-none-eabi/lib/thumb/v7e-m+fp/hard/libc.a(libc_a-exit.o) (__stdio_exit_handler)
/usr/lib/gcc/arm-none-eabi/14.2.0/../../../../arm-none-eabi/lib/thumb/v7e-m+fp/hard/libc.a(libc_a-fwalk.o)
                              /usr/lib/gcc/arm-none-eabi/14.2.0/../../../../arm-none-eabi/lib/thumb/v7e-m+fp/hard/libc.a(libc_a-findfp.o) (_fwalk_sglue)
/usr/lib/gcc/arm-none-eabi/14.2.0/../../../../arm-none-eabi/lib/thumb/v7e-m+fp/hard/libc.a(libc_a-sprintf.o)
                              output/main.o (sprintf)
/usr/lib/gcc/arm-none-eabi/14.2.0/../../../../arm-none-eabi/lib/thumb/v7e-m+fp/hard/libc.a(libc_a-stdio.o)
                              /usr/lib/gcc/arm-none-eabi/14.2.0/../../../../arm-none-eabi/lib/thumb/v7e-m+fp/hard/libc.a(libc_a-findfp.o) (__sread)
/usr/lib/gcc/arm-none-eabi/14.2.0/../../../../arm-none-eabi/lib/thumb/v7e-m+fp/hard/libc.a(libc_a-memset.o)
                              /usr/lib/gcc/arm-none-eabi/14.2.0/../../../../arm-none-eabi/lib/thumb/v7e-m+fp/hard/crt0.o (memset)
/usr/lib/gcc/arm-none-eabi/14.2.0/../../../../arm-none-eabi/lib/thumb/v7e-m+fp/hard/libc.a(libc_a-closer.o)
                              /usr/lib/gcc/arm-none-eabi/14.2.0/../../../../arm-none-eabi/lib/thumb/v7e-m+fp/hard/libc.a(libc_a-stdio.o) (_close_r)
/usr/lib/gcc/arm-none-eabi/14.2.0/../../../../arm-none-eabi/lib/thumb/v7e-m+fp/hard/libc.a(libc_a-reent.o)
                              /usr/lib/gcc/arm-none-eabi/14.2.0/../../../../arm-none-eabi/lib/thumb/v7e-m+fp/hard/libc.a(libc_a-closer.o) (errno)
/usr/lib/gcc/arm-none-eabi/14.2.0/../../../../arm-none-eabi/lib/thumb/v7e-m+fp/hard/libc.a(libc_a-impure.o)
                              /usr/lib/gcc/arm-none-eabi/14.2.0/../../../../arm-none-eabi/lib/thumb/v7e-m+fp/hard/libc.a(libc_a-sprintf.o) (_impure_ptr)
/usr/lib/gcc/arm-none-eabi/14.2.0/../../../../arm-none-eabi/lib/thumb/v7e-m+fp/hard/libc.a(libc_a-lseekr.o)
                              /usr/lib/gcc/arm-none-eabi/14.2.0/../../../../arm-none-eabi/lib/thumb/v7e-m+fp/hard/libc.a(libc_a-stdio.o) (_lseek_r)
/usr/lib/gcc/arm-none-eabi/14.2.0/../../../../arm-none-eabi/lib/thumb/v7e-m+fp/hard/libc.a(libc_a-readr.o)
                              /usr/lib/gcc/arm-none-eabi/14.2.0/../../../../arm-none-eabi/lib/thumb/v7e-m+fp/hard/libc.a(libc_a-stdio.o) (_read_r)
/usr/lib/gcc/arm-none-eabi/14.2.0/../../../../arm-none-eabi/lib/thumb/v7e-m+fp/hard/libc.a(libc_a-writer.o)
                              /usr/lib/gcc/arm-none-eabi/14.2.0/../../../../arm-none-eabi/lib/thumb/v7e-m+fp/hard/libc.a(libc_a-stdio.o) (_write_r)
/usr/lib/gcc/arm-none-eabi/14.2.0/../../../../arm-none-eabi/lib/thumb/v7e-m+fp/hard/libc.a(libc_a-errno.o)
                              output/syscalls.o (__errno)
/usr/lib/gcc/arm-none-eabi/14.2.0/../../../../arm-none-eabi/lib/thumb/v7e-m+fp/hard/libc.a(libc_a-init.o)
                              /usr/lib/gcc/arm-none-eabi/14.2.0/../../../../arm-none-eabi/lib/thumb/v7e-m+fp/hard/crt0.o (__libc_init_array)
/usr/lib/gcc/arm-none-eabi/14.2.0/../../../../arm-none-eabi/lib/thumb/v7e-m+fp/hard/libc.a(libc_a-fini.o)
                              /usr/lib/gcc/arm-none-eabi/14.2.0/../../../../arm-none-eabi/lib/thumb/v7e-m+fp/hard/crt0.o (__libc_fini_array)
/usr/lib/gcc/arm-none-eabi/14.2.0/../../../../arm-none-eabi/lib/thumb/v7e-m+fp/hard/libc.a(libc_a-lock.o)
                              /usr/lib/gcc/arm-none-eabi/14.2.0/../../../../arm-none-eabi/lib/thumb/v7e-m+fp/hard/libc.a(libc_a-findfp.o) (__retarget_lock_init_recursive)
/usr/lib/gcc/arm-none-eabi/14.2.0/../../../../arm-none-eabi/lib/thumb/v7e-m+fp/hard/libc.a(libc_a-__atexit.o)
                              /usr/lib/gcc/arm-none-eabi/14.2.0/../../../../arm-none-eabi/lib/thumb/v7e-m+fp/hard/libc.a(libc_a-atexit.o) (__register_exitproc)
/usr/lib/gcc/arm-none-eabi/14.2.0/../../../../arm-none-eabi/lib/thumb/v7e-m+fp/hard/libc.a(libc_a-__call_atexit.o)
                              /usr/lib/gcc/arm-none-eabi/14.2.0/../../../../arm-none-eabi/lib/thumb/v7e-m+fp/hard/libc.a(libc_a-exit.o) (__call_exitprocs)
/usr/lib/gcc/arm-none-eabi/14.2.0/../../../../arm-none-eabi/lib/thumb/v7e-m+fp/hard/libc.a(libc_a-freer.o)
                              /usr/lib/gcc/arm-none-eabi/14.2.0/../../../../arm-none-eabi/lib/thumb/v7e-m+fp/hard/libc.a(libc_a-reent.o) (_free_r)
[...]
Memory Configuration

Name             Origin             Length             Attributes
RAM              0x20000000         0x00020000         xrw
FLASH            0x08000000         0x00080000         xr
*default*        0x00000000         0xffffffff

Linker script and memory map

LOAD /usr/lib/gcc/arm-none-eabi/14.2.0/thumb/v7e-m+fp/hard/crti.o
LOAD /usr/lib/gcc/arm-none-eabi/14.2.0/thumb/v7e-m+fp/hard/crtbegin.o
LOAD /usr/lib/gcc/arm-none-eabi/14.2.0/../../../../arm-none-eabi/lib/thumb/v7e-m+fp/hard/crt0.o
LOAD output/adc.o
LOAD output/drv8703.o
LOAD output/main.o
LOAD output/tmp112.o
LOAD output/uart.o
LOAD output/stm32g4xx_it.o
LOAD output/syscalls.o
LOAD output/sysmem.o
LOAD output/system_stm32g4xx.o
LOAD output/stm32g4xx_hal_adc.o
LOAD output/stm32g4xx_hal_adc_ex.o
LOAD output/stm32g4xx_hal.o
LOAD output/stm32g4xx_hal_comp.o
LOAD output/stm32g4xx_hal_cordic.o
LOAD output/stm32g4xx_hal_cortex.o
LOAD output/stm32g4xx_hal_crc.o
LOAD output/stm32g4xx_hal_crc_ex.o
LOAD output/stm32g4xx_hal_cryp.o
LOAD output/stm32g4xx_hal_cryp_ex.o
LOAD output/stm32g4xx_hal_dac.o
LOAD output/stm32g4xx_hal_dac_ex.o
LOAD output/stm32g4xx_hal_dma.o
LOAD output/stm32g4xx_hal_dma_ex.o
LOAD output/stm32g4xx_hal_exti.o
LOAD output/stm32g4xx_hal_fdcan.o
LOAD output/stm32g4xx_hal_flash.o
LOAD output/stm32g4xx_hal_flash_ex.o
LOAD output/stm32g4xx_hal_flash_ramfunc.o
LOAD output/stm32g4xx_hal_fmac.o
LOAD output/stm32g4xx_hal_gpio.o
LOAD output/stm32g4xx_hal_hrtim.o
LOAD output/stm32g4xx_hal_i2c.o
LOAD output/stm32g4xx_hal_i2c_ex.o
LOAD output/stm32g4xx_hal_i2s.o
LOAD output/stm32g4xx_hal_irda.o
LOAD output/stm32g4xx_hal_iwdg.o
LOAD output/stm32g4xx_hal_lptim.o
LOAD output/stm32g4xx_hal_msp.o
LOAD output/stm32g4xx_hal_nand.o
LOAD output/stm32g4xx_hal_nor.o
LOAD output/stm32g4xx_hal_opamp.o
LOAD output/stm32g4xx_hal_opamp_ex.o
LOAD output/stm32g4xx_hal_pcd.o
LOAD output/stm32g4xx_hal_pcd_ex.o
LOAD output/stm32g4xx_hal_pwr.o
LOAD output/stm32g4xx_hal_pwr_ex.o
LOAD output/stm32g4xx_hal_qspi.o
LOAD output/stm32g4xx_hal_rcc.o
LOAD output/stm32g4xx_hal_rcc_ex.o
LOAD output/stm32g4xx_hal_rng.o
LOAD output/stm32g4xx_hal_rtc.o
LOAD output/stm32g4xx_hal_rtc_ex.o
LOAD output/stm32g4xx_hal_sai.o
LOAD output/stm32g4xx_hal_sai_ex.o
LOAD output/stm32g4xx_hal_smartcard.o
LOAD output/stm32g4xx_hal_smartcard_ex.o
LOAD output/stm32g4xx_hal_smbus.o
LOAD output/stm32g4xx_hal_smbus_ex.o
LOAD output/stm32g4xx_hal_spi.o
LOAD output/stm32g4xx_hal_spi_ex.o
LOAD output/stm32g4xx_hal_sram.o
LOAD output/stm32g4xx_hal_tim.o
LOAD output/stm32g4xx_hal_tim_ex.o
LOAD output/stm32g4xx_hal_uart.o
LOAD output/stm32g4xx_hal_uart_ex.o
LOAD output/stm32g4xx_hal_usart.o
LOAD output/stm32g4xx_hal_usart_ex.o
LOAD output/stm32g4xx_hal_wwdg.o
LOAD output/stm32g4xx_ll_adc.o
LOAD output/stm32g4xx_ll_comp.o
LOAD output/stm32g4xx_ll_cordic.o
LOAD output/stm32g4xx_ll_crc.o
LOAD output/stm32g4xx_ll_crs.o
LOAD output/stm32g4xx_ll_dac.o
LOAD output/stm32g4xx_ll_dma.o
LOAD output/stm32g4xx_ll_exti.o
LOAD output/stm32g4xx_ll_fmac.o
LOAD output/stm32g4xx_ll_fmc.o
LOAD output/stm32g4xx_ll_gpio.o
LOAD output/stm32g4xx_ll_hrtim.o
LOAD output/stm32g4xx_ll_i2c.o
LOAD output/stm32g4xx_ll_lptim.o
LOAD output/stm32g4xx_ll_lpuart.o
LOAD output/stm32g4xx_ll_opamp.o
LOAD output/stm32g4xx_ll_pwr.o
LOAD output/stm32g4xx_ll_rcc.o
LOAD output/stm32g4xx_ll_rng.o
LOAD output/stm32g4xx_ll_rtc.o
LOAD output/stm32g4xx_ll_spi.o
LOAD output/stm32g4xx_ll_tim.o
LOAD output/stm32g4xx_ll_ucpd.o
LOAD output/stm32g4xx_ll_usart.o
LOAD output/stm32g4xx_ll_usb.o
LOAD output/stm32g4xx_ll_utils.o
LOAD output/stm32g4xx_nucleo.o
LOAD output/startup_stm32g474xx.o
LOAD /usr/lib/gcc/arm-none-eabi/14.2.0/../../../../arm-none-eabi/lib/thumb/v7e-m+fp/hard/libc.a
LOAD /usr/lib/gcc/arm-none-eabi/14.2.0/../../../../arm-none-eabi/lib/thumb/v7e-m+fp/hard/libm.a
LOAD /usr/lib/gcc/arm-none-eabi/14.2.0/../../../../arm-none-eabi/lib/thumb/v7e-m+fp/hard/libnosys.a
START GROUP
LOAD /usr/lib/gcc/arm-none-eabi/14.2.0/thumb/v7e-m+fp/hard/libgcc.a
LOAD /usr/lib/gcc/arm-none-eabi/14.2.0/../../../../arm-none-eabi/lib/thumb/v7e-m+fp/hard/libc.a
END GROUP
START GROUP
LOAD /usr/lib/gcc/arm-none-eabi/14.2.0/thumb/v7e-m+fp/hard/libgcc.a
LOAD /usr/lib/gcc/arm-none-eabi/14.2.0/../../../../arm-none-eabi/lib/thumb/v7e-m+fp/hard/libc.a
LOAD /usr/lib/gcc/arm-none-eabi/14.2.0/../../../../arm-none-eabi/lib/thumb/v7e-m+fp/hard/libnosys.a
END GROUP
LOAD /usr/lib/gcc/arm-none-eabi/14.2.0/thumb/v7e-m+fp/hard/crtend.o
LOAD /usr/lib/gcc/arm-none-eabi/14.2.0/thumb/v7e-m+fp/hard/crtn.o
                0x20020000                        _estack = (ORIGIN (RAM) + LENGTH (RAM))
                0x00000200                        _Min_Heap_Size = 0x200
                0x00000400                        _Min_Stack_Size = 0x400

.isr_vector     0x08000000      0x1d8
                0x08000000                        . = ALIGN (0x4)
 *(.isr_vector)
 .isr_vector    0x08000000      0x1d8 output/startup_stm32g474xx.o
                0x08000000                g_pfnVectors
                0x080001d8                        . = ALIGN (0x4)

.text           0x08000200     0xa0d0
                0x08000200                        . = ALIGN (0x4)
 *(.text)
 .text          0x08000200       0xa0 /usr/lib/gcc/arm-none-eabi/14.2.0/../../../../arm-none-eabi/lib/thumb/v7e-m+fp/hard/libc.a(libc_a-memchr.o)
                0x08000200                memchr
 *fill*         0x080002a0       0x20 
 .text          0x080002c0       0xd8 /usr/lib/gcc/arm-none-eabi/14.2.0/../../../../arm-none-eabi/lib/thumb/v7e-m+fp/hard/libc.a(libc_a-strlen.o)
                0x080002c0                strlen
 .text          0x08000398      0x134 /usr/lib/gcc/arm-none-eabi/14.2.0/../../../../arm-none-eabi/lib/thumb/v7e-m+fp/hard/libc.a(libc_a-memcpy.o)
                0x08000398                memcpy
 .text          0x080004cc      0x378 /usr/lib/gcc/arm-none-eabi/14.2.0/thumb/v7e-m+fp/hard/libgcc.a(_arm_addsubdf3.o)
                0x080004cc                __aeabi_drsub
                0x080004d4                __aeabi_dsub
                0x080004d4                __subdf3
                0x080004d8                __adddf3
                0x080004d8                __aeabi_dadd
                0x08000750                __aeabi_ui2d
                0x08000750                __floatunsidf
                0x08000770                __floatsidf
                0x08000770                __aeabi_i2d
                0x08000794                __extendsfdf2
                0x08000794                __aeabi_f2d
                0x080007d8                __aeabi_ul2d
                0x080007d8                __floatundidf
                0x080007e8                __floatdidf
                0x080007e8                __aeabi_l2d
 .text          0x08000844      0x424 /usr/lib/gcc/arm-none-eabi/14.2.0/thumb/v7e-m+fp/hard/libgcc.a(_arm_muldivdf3.o)
                0x08000844                __aeabi_dmul
                0x08000844                __muldf3
                0x08000a98                __aeabi_ddiv
                0x08000a98                __divdf3
 .text          0x08000c68      0x110 /usr/lib/gcc/arm-none-eabi/14.2.0/thumb/v7e-m+fp/hard/libgcc.a(_arm_cmpdf2.o)
                0x08000c68                __gtdf2
                0x08000c68                __gedf2
                0x08000c70                __ltdf2
                0x08000c70                __ledf2
                0x08000c78                __cmpdf2
                0x08000c78                __eqdf2
                0x08000c78                __nedf2
                0x08000cf4                __aeabi_cdrcmple
                0x08000d04                __aeabi_cdcmple
                0x08000d04                __aeabi_cdcmpeq
                0x08000d14                __aeabi_dcmpeq
                0x08000d28                __aeabi_dcmplt
                0x08000d3c                __aeabi_dcmple
                0x08000d50                __aeabi_dcmpge
                0x08000d64                __aeabi_dcmpgt
 .text          0x08000d78       0x2c /usr/lib/gcc/arm-none-eabi/14.2.0/thumb/v7e-m+fp/hard/libgcc.a(_arm_unorddf2.o)
                0x08000d78                __aeabi_dcmpun
                0x08000d78                __unorddf2
 .text          0x08000da4       0x50 /usr/lib/gcc/arm-none-eabi/14.2.0/thumb/v7e-m+fp/hard/libgcc.a(_arm_fixdfsi.o)
                0x08000da4                __fixdfsi
                0x08000da4                __aeabi_d2iz
 .text          0x08000df4       0xa0 /usr/lib/gcc/arm-none-eabi/14.2.0/thumb/v7e-m+fp/hard/libgcc.a(_arm_truncdfsf2.o)
                0x08000df4                __aeabi_d2f
                0x08000df4                __truncdfsf2
 .text          0x08000e94       0x30 /usr/lib/gcc/arm-none-eabi/14.2.0/thumb/v7e-m+fp/hard/libgcc.a(_aeabi_uldivmod.o)
                0x08000e94                __aeabi_uldivmod
 .text          0x08000ec4        0x4 /usr/lib/gcc/arm-none-eabi/14.2.0/thumb/v7e-m+fp/hard/libgcc.a(_dvmd_tls.o)
                0x08000ec4                __aeabi_ldiv0
                0x08000ec4                __aeabi_idiv0
 *(.text*)
 .text.__do_global_dtors_aux
                0x08000ec8       0x24 /usr/lib/gcc/arm-none-eabi/14.2.0/thumb/v7e-m+fp/hard/crtbegin.o
 .text.frame_dummy
                0x08000eec       0x1c /usr/lib/gcc/arm-none-eabi/14.2.0/thumb/v7e-m+fp/hard/crtbegin.o
 .text.ADC_error
                0x08000f08        0x2 output/adc.o
                0x08000f08                ADC_error
 *fill*         0x08000f0a        0x2 
 .text.ADC_init
                0x08000f0c       0x8c output/adc.o
                0x08000f0c                ADC_init
 .text.ADC_readCurrent
                0x08000f98       0x84 output/adc.o
                0x08000f98                ADC_readCurrent
 .text.HAL_ADC_MspInit
                0x0800101c       0x88 output/adc.o
                0x0800101c                HAL_ADC_MspInit
 .text.Error_Handler
                0x080010a4        0x2 output/main.o
                0x080010a4                Error_Handler
 .text.SystemClock_Config
                0x080010a6       0x6a output/main.o
                0x080010a6                SystemClock_Config
 .text.main     0x08001110       0x60 output/main.o
                0x08001110                main
 .text.UART_init
                0x08001170       0x7c output/uart.o
                0x08001170                UART_init
 .text.NMI_Handler
                0x080011ec        0x2 output/stm32g4xx_it.o
                0x080011ec                NMI_Handler
 .text.HardFault_Handler
                0x080011ee        0x2 output/stm32g4xx_it.o
                0x080011ee                HardFault_Handler
 .text.MemManage_Handler
                0x080011f0        0x2 output/stm32g4xx_it.o
                0x080011f0                MemManage_Handler
 .text.BusFault_Handler
                0x080011f2        0x2 output/stm32g4xx_it.o
                0x080011f2                BusFault_Handler
 .text.UsageFault_Handler
                0x080011f4        0x2 output/stm32g4xx_it.o
                0x080011f4                UsageFault_Handler
 .text.SVC_Handler
                0x080011f6        0x2 output/stm32g4xx_it.o
                0x080011f6                SVC_Handler
 .text.DebugMon_Handler
                0x080011f8        0x2 output/stm32g4xx_it.o
                0x080011f8                DebugMon_Handler
 .text.PendSV_Handler
                0x080011fa        0x2 output/stm32g4xx_it.o
                0x080011fa                PendSV_Handler
 .text.SysTick_Handler
                0x080011fc        0x8 output/stm32g4xx_it.o
                0x080011fc                SysTick_Handler
 .text.EXTI15_10_IRQHandler
                0x08001204        0xa output/stm32g4xx_it.o
                0x08001204                EXTI15_10_IRQHandler
 .text._getpid  0x0800120e        0x4 output/syscalls.o
                0x0800120e                _getpid
 .text._kill    0x08001212       0x10 output/syscalls.o
                0x08001212                _kill
 .text._exit    0x08001222        0xc output/syscalls.o
                0x08001222                _exit
 .text._read    0x0800122e       0x20 output/syscalls.o
                0x0800122e                _read
 .text._write   0x0800124e       0x1c output/syscalls.o
                0x0800124e                _write
 .text._close   0x0800126a        0x6 output/syscalls.o
                0x0800126a                _close
 .text._fstat   0x08001270        0xa output/syscalls.o
                0x08001270                _fstat
 .text._isatty  0x0800127a        0x4 output/syscalls.o
                0x0800127a                _isatty
 .text._lseek   0x0800127e        0x4 output/syscalls.o
                0x0800127e                _lseek
 *fill*         0x08001282        0x2 
 .text._sbrk    0x08001284       0x48 output/sysmem.o
                0x08001284                _sbrk
 .text.SystemInit
                0x080012cc       0x14 output/system_stm32g4xx.o
                0x080012cc                SystemInit
 .text.LL_ADC_REG_SetSequencerRanks
                0x080012e0       0x30 output/stm32g4xx_hal_adc.o
 .text.LL_ADC_SetChannelSamplingTime
                0x08001310       0x2c output/stm32g4xx_hal_adc.o
 .text.HAL_ADC_Init
                0x0800133c      0x288 output/stm32g4xx_hal_adc.o
                0x0800133c                HAL_ADC_Init
 .text.HAL_ADC_PollForConversion
                0x080015c4      0x158 output/stm32g4xx_hal_adc.o
                0x080015c4                HAL_ADC_PollForConversion
 .text.HAL_ADC_GetValue
                0x0800171c        0x6 output/stm32g4xx_hal_adc.o
                0x0800171c                HAL_ADC_GetValue
 *fill*         0x08001722        0x2 
 .text.HAL_ADC_ConfigChannel
                0x08001724      0x4b4 output/stm32g4xx_hal_adc.o
                0x08001724                HAL_ADC_ConfigChannel
 .text.ADC_ConversionStop
                0x08001bd8      0x104 output/stm32g4xx_hal_adc.o
                0x08001bd8                ADC_ConversionStop
 .text.ADC_Enable
                0x08001cdc       0xf8 output/stm32g4xx_hal_adc.o
                0x08001cdc                ADC_Enable
 .text.HAL_ADC_Start
                0x08001dd4      0x134 output/stm32g4xx_hal_adc.o
                0x08001dd4                HAL_ADC_Start
 .text.ADC_Disable
                0x08001f08       0x94 output/stm32g4xx_hal_adc.o
                0x08001f08                ADC_Disable
 .text.HAL_ADC_Stop
                0x08001f9c       0x42 output/stm32g4xx_hal_adc.o
                0x08001f9c                HAL_ADC_Stop
 *fill*         0x08001fde        0x2 
 .text.HAL_ADCEx_MultiModeConfigChannel
                0x08001fe0      0x1c8 output/stm32g4xx_hal_adc_ex.o
                0x08001fe0                HAL_ADCEx_MultiModeConfigChannel
 .text.HAL_InitTick
                0x080021a8       0x50 output/stm32g4xx_hal.o
                0x080021a8                HAL_InitTick
 .text.HAL_Init
                0x080021f8       0x1e output/stm32g4xx_hal.o
                0x080021f8                HAL_Init
 *fill*         0x08002216        0x2 
 .text.HAL_IncTick
                0x08002218       0x18 output/stm32g4xx_hal.o
                0x08002218                HAL_IncTick
 .text.HAL_GetTick
                0x08002230        0xc output/stm32g4xx_hal.o
                0x08002230                HAL_GetTick
 .text.HAL_Delay
                0x0800223c       0x28 output/stm32g4xx_hal.o
                0x0800223c                HAL_Delay
 .text.__NVIC_SetPriority
                0x08002264       0x28 output/stm32g4xx_hal_cortex.o
 .text.NVIC_EncodePriority
                0x0800228c       0x3e output/stm32g4xx_hal_cortex.o
 *fill*         0x080022ca        0x2 
 .text.HAL_NVIC_SetPriorityGrouping
                0x080022cc       0x24 output/stm32g4xx_hal_cortex.o
                0x080022cc                HAL_NVIC_SetPriorityGrouping
 .text.HAL_NVIC_SetPriority
                0x080022f0       0x20 output/stm32g4xx_hal_cortex.o
                0x080022f0                HAL_NVIC_SetPriority
 .text.HAL_SYSTICK_Config
                0x08002310       0x28 output/stm32g4xx_hal_cortex.o
                0x08002310                HAL_SYSTICK_Config
 .text.HAL_EXTI_IRQHandler
                0x08002338       0x28 output/stm32g4xx_hal_exti.o
                0x08002338                HAL_EXTI_IRQHandler
 .text.HAL_GPIO_Init
                0x08002360      0x1e0 output/stm32g4xx_hal_gpio.o
                0x08002360                HAL_GPIO_Init
 .text.HAL_MspInit
                0x08002540       0x38 output/stm32g4xx_hal_msp.o
                0x08002540                HAL_MspInit
 .text.HAL_PWREx_DisableUCPDDeadBattery
                0x08002578       0x10 output/stm32g4xx_hal_pwr_ex.o
                0x08002578                HAL_PWREx_DisableUCPDDeadBattery
 .text.RCC_GetSysClockFreqFromPLLSource
                0x08002588       0x58 output/stm32g4xx_hal_rcc.o
 .text.HAL_RCC_OscConfig
                0x080025e0      0x4e4 output/stm32g4xx_hal_rcc.o
                0x080025e0                HAL_RCC_OscConfig
 .text.HAL_RCC_GetSysClockFreq
                0x08002ac4       0x88 output/stm32g4xx_hal_rcc.o
                0x08002ac4                HAL_RCC_GetSysClockFreq
 .text.HAL_RCC_ClockConfig
                0x08002b4c      0x1f8 output/stm32g4xx_hal_rcc.o
                0x08002b4c                HAL_RCC_ClockConfig
 .text.HAL_RCC_GetHCLKFreq
                0x08002d44        0xc output/stm32g4xx_hal_rcc.o
                0x08002d44                HAL_RCC_GetHCLKFreq
 .text.HAL_RCC_GetPCLK1Freq
                0x08002d50       0x24 output/stm32g4xx_hal_rcc.o
                0x08002d50                HAL_RCC_GetPCLK1Freq
 .text.HAL_RCC_GetPCLK2Freq
                0x08002d74       0x24 output/stm32g4xx_hal_rcc.o
                0x08002d74                HAL_RCC_GetPCLK2Freq
 .text.HAL_RCCEx_PeriphCLKConfig
                0x08002d98      0x378 output/stm32g4xx_hal_rcc_ex.o
                0x08002d98                HAL_RCCEx_PeriphCLKConfig
 .text.UART_EndRxTransfer
                0x08003110       0x56 output/stm32g4xx_hal_uart.o
 .text.HAL_UART_MspInit
                0x08003166        0x2 output/stm32g4xx_hal_uart.o
                0x08003166                HAL_UART_MspInit
 .text.UART_SetConfig
                0x08003168      0x380 output/stm32g4xx_hal_uart.o
                0x08003168                UART_SetConfig
 .text.UART_AdvFeatureConfig
                0x080034e8       0xca output/stm32g4xx_hal_uart.o
                0x080034e8                UART_AdvFeatureConfig
 .text.UART_WaitOnFlagUntilTimeout
                0x080035b2       0x9e output/stm32g4xx_hal_uart.o
                0x080035b2                UART_WaitOnFlagUntilTimeout
 .text.HAL_UART_Transmit
                0x08003650       0xd2 output/stm32g4xx_hal_uart.o
                0x08003650                HAL_UART_Transmit
 .text.UART_CheckIdleState
                0x08003722       0xca output/stm32g4xx_hal_uart.o
                0x08003722                UART_CheckIdleState
 .text.HAL_UART_Init
                0x080037ec       0x66 output/stm32g4xx_hal_uart.o
                0x080037ec                HAL_UART_Init
 *fill*         0x08003852        0x2 
 .text.BSP_PB_IRQHandler
                0x08003854       0x14 output/stm32g4xx_nucleo.o
                0x08003854                BSP_PB_IRQHandler
 .text.__io_putchar
                0x08003868       0x30 output/stm32g4xx_nucleo.o
                0x08003868                __io_putchar
 .text.Reset_Handler
                0x08003898       0x50 output/startup_stm32g474xx.o
                0x08003898                Reset_Handler
 .text.Default_Handler
                0x080038e8        0x2 output/startup_stm32g474xx.o
                0x080038e8                RTC_Alarm_IRQHandler
                0x080038e8                EXTI2_IRQHandler
                0x080038e8                TIM8_TRG_COM_IRQHandler
                0x080038e8                TIM8_CC_IRQHandler
                0x080038e8                HRTIM1_Master_IRQHandler
                0x080038e8                SPI4_IRQHandler
                0x080038e8                FDCAN3_IT0_IRQHandler
                0x080038e8                TIM1_CC_IRQHandler
                0x080038e8                HRTIM1_FLT_IRQHandler
                0x080038e8                HRTIM1_TIMF_IRQHandler
                0x080038e8                USB_HP_IRQHandler
                0x080038e8                CORDIC_IRQHandler
                0x080038e8                HRTIM1_TIMD_IRQHandler
                0x080038e8                DMA2_Channel8_IRQHandler
                0x080038e8                EXTI3_IRQHandler
                0x080038e8                I2C3_ER_IRQHandler
                0x080038e8                EXTI0_IRQHandler
                0x080038e8                I2C2_EV_IRQHandler
                0x080038e8                FPU_IRQHandler
                0x080038e8                FDCAN1_IT1_IRQHandler
                0x080038e8                TIM1_UP_TIM16_IRQHandler
                0x080038e8                ADC1_2_IRQHandler
                0x080038e8                HRTIM1_TIME_IRQHandler
                0x080038e8                SPI1_IRQHandler
                0x080038e8                TIM6_DAC_IRQHandler
                0x080038e8                HRTIM1_TIMC_IRQHandler
                0x080038e8                TIM8_UP_IRQHandler
                0x080038e8                DMA2_Channel2_IRQHandler
                0x080038e8                DMA1_Channel4_IRQHandler
                0x080038e8                TIM20_TRG_COM_IRQHandler
                0x080038e8                USART3_IRQHandler
                0x080038e8                DMA1_Channel7_IRQHandler
                0x080038e8                UART5_IRQHandler
                0x080038e8                ADC3_IRQHandler
                0x080038e8                TIM4_IRQHandler
                0x080038e8                DMA2_Channel1_IRQHandler
                0x080038e8                QUADSPI_IRQHandler
                0x080038e8                I2C1_EV_IRQHandler
                0x080038e8                DMA1_Channel6_IRQHandler
                0x080038e8                UART4_IRQHandler
                0x080038e8                DMA2_Channel4_IRQHandler
                0x080038e8                TIM3_IRQHandler
                0x080038e8                RCC_IRQHandler
                0x080038e8                TIM20_UP_IRQHandler
                0x080038e8                DMA1_Channel1_IRQHandler
                0x080038e8                Default_Handler
                0x080038e8                DMA2_Channel7_IRQHandler
                0x080038e8                RTC_TAMP_LSECSS_IRQHandler
                0x080038e8                FMAC_IRQHandler
                0x080038e8                DMA1_Channel8_IRQHandler
                0x080038e8                HRTIM1_TIMA_IRQHandler
                0x080038e8                TIM7_DAC_IRQHandler
                0x080038e8                FDCAN3_IT1_IRQHandler
                0x080038e8                TIM5_IRQHandler
                0x080038e8                UCPD1_IRQHandler
                0x080038e8                I2C3_EV_IRQHandler
                0x080038e8                EXTI9_5_IRQHandler
                0x080038e8                RTC_WKUP_IRQHandler
                0x080038e8                PVD_PVM_IRQHandler
                0x080038e8                SPI2_IRQHandler
                0x080038e8                ADC5_IRQHandler
                0x080038e8                DMA2_Channel5_IRQHandler
                0x080038e8                CRS_IRQHandler
                0x080038e8                DMA1_Channel5_IRQHandler
                0x080038e8                USB_LP_IRQHandler
                0x080038e8                EXTI4_IRQHandler
                0x080038e8                RNG_IRQHandler
                0x080038e8                HRTIM1_TIMB_IRQHandler
                0x080038e8                TIM1_TRG_COM_TIM17_IRQHandler
                0x080038e8                FDCAN2_IT1_IRQHandler
                0x080038e8                DMA1_Channel3_IRQHandler
                0x080038e8                ADC4_IRQHandler
                0x080038e8                WWDG_IRQHandler
                0x080038e8                I2C4_EV_IRQHandler
                0x080038e8                FDCAN2_IT0_IRQHandler
                0x080038e8                LPUART1_IRQHandler
                0x080038e8                DMA2_Channel6_IRQHandler
                0x080038e8                FDCAN1_IT0_IRQHandler
                0x080038e8                TIM2_IRQHandler
                0x080038e8                COMP7_IRQHandler
                0x080038e8                COMP1_2_3_IRQHandler
                0x080038e8                EXTI1_IRQHandler
                0x080038e8                USART2_IRQHandler
                0x080038e8                COMP4_5_6_IRQHandler
                0x080038e8                TIM20_BRK_IRQHandler
                0x080038e8                I2C2_ER_IRQHandler
                0x080038e8                DMA1_Channel2_IRQHandler
                0x080038e8                TIM8_BRK_IRQHandler
                0x080038e8                FLASH_IRQHandler
                0x080038e8                TIM20_CC_IRQHandler
                0x080038e8                USART1_IRQHandler
                0x080038e8                SPI3_IRQHandler
                0x080038e8                I2C1_ER_IRQHandler
                0x080038e8                FMC_IRQHandler
                0x080038e8                LPTIM1_IRQHandler
                0x080038e8                DMAMUX_OVR_IRQHandler
                0x080038e8                I2C4_ER_IRQHandler
                0x080038e8                USBWakeUp_IRQHandler
                0x080038e8                SAI1_IRQHandler
                0x080038e8                DMA2_Channel3_IRQHandler
                0x080038e8                TIM1_BRK_TIM15_IRQHandler
 *fill*         0x080038ea        0x2 
 .text.atexit   0x080038ec        0xc /usr/lib/gcc/arm-none-eabi/14.2.0/../../../../arm-none-eabi/lib/thumb/v7e-m+fp/hard/libc.a(libc_a-atexit.o)
                0x080038ec                atexit
 .text.stdio_exit_handler
                0x080038f8       0x18 /usr/lib/gcc/arm-none-eabi/14.2.0/../../../../arm-none-eabi/lib/thumb/v7e-m+fp/hard/libc.a(libc_a-findfp.o)
 .text.cleanup_stdio
                0x08003910       0x40 /usr/lib/gcc/arm-none-eabi/14.2.0/../../../../arm-none-eabi/lib/thumb/v7e-m+fp/hard/libc.a(libc_a-findfp.o)
 .text.global_stdio_init.part.0
                0x08003950       0xf0 /usr/lib/gcc/arm-none-eabi/14.2.0/../../../../arm-none-eabi/lib/thumb/v7e-m+fp/hard/libc.a(libc_a-findfp.o)
 .text.__sinit  0x08003a40       0x3c /usr/lib/gcc/arm-none-eabi/14.2.0/../../../../arm-none-eabi/lib/thumb/v7e-m+fp/hard/libc.a(libc_a-findfp.o)
                0x08003a40                __sinit
 .text.__sfp_lock_acquire
                0x08003a7c        0xc /usr/lib/gcc/arm-none-eabi/14.2.0/../../../../arm-none-eabi/lib/thumb/v7e-m+fp/hard/libc.a(libc_a-findfp.o)
                0x08003a7c                __sfp_lock_acquire
 .text.__sfp_lock_release
                0x08003a88        0xc /usr/lib/gcc/arm-none-eabi/14.2.0/../../../../arm-none-eabi/lib/thumb/v7e-m+fp/hard/libc.a(libc_a-findfp.o)
                0x08003a88                __sfp_lock_release
 .text._fwalk_sglue
                0x08003a94       0x44 /usr/lib/gcc/arm-none-eabi/14.2.0/../../../../arm-none-eabi/lib/thumb/v7e-m+fp/hard/libc.a(libc_a-fwalk.o)
                0x08003a94                _fwalk_sglue
 .text.sprintf  0x08003ad8       0x44 /usr/lib/gcc/arm-none-eabi/14.2.0/../../../../arm-none-eabi/lib/thumb/v7e-m+fp/hard/libc.a(libc_a-sprintf.o)
                0x08003ad8                sprintf
 .text.__sread  0x08003b1c       0x24 /usr/lib/gcc/arm-none-eabi/14.2.0/../../../../arm-none-eabi/lib/thumb/v7e-m+fp/hard/libc.a(libc_a-stdio.o)
                0x08003b1c                __sread
 .text.__swrite
                0x08003b40       0x40 /usr/lib/gcc/arm-none-eabi/14.2.0/../../../../arm-none-eabi/lib/thumb/v7e-m+fp/hard/libc.a(libc_a-stdio.o)
                0x08003b40                __swrite
 .text.__sseek  0x08003b80       0x24 /usr/lib/gcc/arm-none-eabi/14.2.0/../../../../arm-none-eabi/lib/thumb/v7e-m+fp/hard/libc.a(libc_a-stdio.o)
                0x08003b80                __sseek
 .text.__sclose
                0x08003ba4        0x8 /usr/lib/gcc/arm-none-eabi/14.2.0/../../../../arm-none-eabi/lib/thumb/v7e-m+fp/hard/libc.a(libc_a-stdio.o)
                0x08003ba4                __sclose
 .text.memset   0x08003bac       0x9c /usr/lib/gcc/arm-none-eabi/14.2.0/../../../../arm-none-eabi/lib/thumb/v7e-m+fp/hard/libc.a(libc_a-memset.o)
                0x08003bac                memset
 .text._close_r
                0x08003c48       0x24 /usr/lib/gcc/arm-none-eabi/14.2.0/../../../../arm-none-eabi/lib/thumb/v7e-m+fp/hard/libc.a(libc_a-closer.o)
                0x08003c48                _close_r
 .text._lseek_r
                0x08003c6c       0x2c /usr/lib/gcc/arm-none-eabi/14.2.0/../../../../arm-none-eabi/lib/thumb/v7e-m+fp/hard/libc.a(libc_a-lseekr.o)
                0x08003c6c                _lseek_r
 .text._read_r  0x08003c98       0x2c /usr/lib/gcc/arm-none-eabi/14.2.0/../../../../arm-none-eabi/lib/thumb/v7e-m+fp/hard/libc.a(libc_a-readr.o)
                0x08003c98                _read_r
 .text._write_r
                0x08003cc4       0x2c /usr/lib/gcc/arm-none-eabi/14.2.0/../../../../arm-none-eabi/lib/thumb/v7e-m+fp/hard/libc.a(libc_a-writer.o)
                0x08003cc4                _write_r
 .text.__errno  0x08003cf0        0xc /usr/lib/gcc/arm-none-eabi/14.2.0/../../../../arm-none-eabi/lib/thumb/v7e-m+fp/hard/libc.a(libc_a-errno.o)
                0x08003cf0                __errno
 .text.__libc_init_array
                0x08003cfc       0x50 /usr/lib/gcc/arm-none-eabi/14.2.0/../../../../arm-none-eabi/lib/thumb/v7e-m+fp/hard/libc.a(libc_a-init.o)
                0x08003cfc                __libc_init_array
 .text.__libc_fini_array
                0x08003d4c       0x28 /usr/lib/gcc/arm-none-eabi/14.2.0/../../../../arm-none-eabi/lib/thumb/v7e-m+fp/hard/libc.a(libc_a-fini.o)
                0x08003d4c                __libc_fini_array
 .text.__retarget_lock_init_recursive
                0x08003d74        0x4 /usr/lib/gcc/arm-none-eabi/14.2.0/../../../../arm-none-eabi/lib/thumb/v7e-m+fp/hard/libc.a(libc_a-lock.o)
                0x08003d74                __retarget_lock_init_recursive
 .text.__retarget_lock_close_recursive
                0x08003d78        0x4 /usr/lib/gcc/arm-none-eabi/14.2.0/../../../../arm-none-eabi/lib/thumb/v7e-m+fp/hard/libc.a(libc_a-lock.o)
                0x08003d78                __retarget_lock_close_recursive
 .text.__retarget_lock_acquire_recursive
                0x08003d7c        0x4 /usr/lib/gcc/arm-none-eabi/14.2.0/../../../../arm-none-eabi/lib/thumb/v7e-m+fp/hard/libc.a(libc_a-lock.o)
                0x08003d7c                __retarget_lock_acquire_recursive
 .text.__retarget_lock_release_recursive
                0x08003d80        0x4 /usr/lib/gcc/arm-none-eabi/14.2.0/../../../../arm-none-eabi/lib/thumb/v7e-m+fp/hard/libc.a(libc_a-lock.o)
                0x08003d80                __retarget_lock_release_recursive
 .text.__register_exitproc
                0x08003d84       0x80 /usr/lib/gcc/arm-none-eabi/14.2.0/../../../../arm-none-eabi/lib/thumb/v7e-m+fp/hard/libc.a(libc_a-__atexit.o)
                0x08003d84                __register_exitproc
 .text.startup.register_fini
                0x08003e04       0x14 /usr/lib/gcc/arm-none-eabi/14.2.0/../../../../arm-none-eabi/lib/thumb/v7e-m+fp/hard/libc.a(libc_a-__call_atexit.o)
 .text._malloc_trim_r
                0x08003e18       0xb8 /usr/lib/gcc/arm-none-eabi/14.2.0/../../../../arm-none-eabi/lib/thumb/v7e-m+fp/hard/libc.a(libc_a-freer.o)
                0x08003e18                _malloc_trim_r
 .text._free_r  0x08003ed0      0x1f0 /usr/lib/gcc/arm-none-eabi/14.2.0/../../../../arm-none-eabi/lib/thumb/v7e-m+fp/hard/libc.a(libc_a-freer.o)
                0x08003ed0                _free_r
 .text._malloc_r
                0x080040c0      0x598 /usr/lib/gcc/arm-none-eabi/14.2.0/../../../../arm-none-eabi/lib/thumb/v7e-m+fp/hard/libc.a(libc_a-mallocr.o)
                0x080040c0                _malloc_r
 .text.__malloc_lock
                0x08004658        0xc /usr/lib/gcc/arm-none-eabi/14.2.0/../../../../arm-none-eabi/lib/thumb/v7e-m+fp/hard/libc.a(libc_a-mlock.o)
                0x08004658                __malloc_lock
 .text.__malloc_unlock
                0x08004664        0xc /usr/lib/gcc/arm-none-eabi/14.2.0/../../../../arm-none-eabi/lib/thumb/v7e-m+fp/hard/libc.a(libc_a-mlock.o)
                0x08004664                __malloc_unlock
 .text._svfprintf_r
                0x08004670     0x2074 /usr/lib/gcc/arm-none-eabi/14.2.0/../../../../arm-none-eabi/lib/thumb/v7e-m+fp/hard/libc.a(libc_a-svfprintf.o)
                0x08004670                _svfprintf_r
 .text.__ssprint_r
                0x080066e4       0x58 /usr/lib/gcc/arm-none-eabi/14.2.0/../../../../arm-none-eabi/lib/thumb/v7e-m+fp/hard/libc.a(libc_a-ssprint_r.o)
                0x080066e4                __ssprint_r
 .text._fclose_r
                0x0800673c       0xc0 /usr/lib/gcc/arm-none-eabi/14.2.0/../../../../arm-none-eabi/lib/thumb/v7e-m+fp/hard/libc.a(libc_a-fclose.o)
                0x0800673c                _fclose_r
 .text.__sflush_r
                0x080067fc      0x134 /usr/lib/gcc/arm-none-eabi/14.2.0/../../../../arm-none-eabi/lib/thumb/v7e-m+fp/hard/libc.a(libc_a-fflush.o)
                0x080067fc                __sflush_r
 .text._fflush_r
                0x08006930       0x54 /usr/lib/gcc/arm-none-eabi/14.2.0/../../../../arm-none-eabi/lib/thumb/v7e-m+fp/hard/libc.a(libc_a-fflush.o)
                0x08006930                _fflush_r
 .text.strncpy  0x08006984       0x68 /usr/lib/gcc/arm-none-eabi/14.2.0/../../../../arm-none-eabi/lib/thumb/v7e-m+fp/hard/libc.a(libc_a-strncpy.o)
                0x08006984                strncpy
 .text._localeconv_r
                0x080069ec        0x8 /usr/lib/gcc/arm-none-eabi/14.2.0/../../../../arm-none-eabi/lib/thumb/v7e-m+fp/hard/libc.a(libc_a-localeconv.o)
                0x080069ec                _localeconv_r
 .text._sbrk_r  0x080069f4       0x24 /usr/lib/gcc/arm-none-eabi/14.2.0/../../../../arm-none-eabi/lib/thumb/v7e-m+fp/hard/libc.a(libc_a-sbrkr.o)
                0x080069f4                _sbrk_r
 .text.sysconf  0x08006a18       0x1c /usr/lib/gcc/arm-none-eabi/14.2.0/../../../../arm-none-eabi/lib/thumb/v7e-m+fp/hard/libc.a(libc_a-sysconf.o)
                0x08006a18                sysconf
 .text.frexp    0x08006a34       0x64 /usr/lib/gcc/arm-none-eabi/14.2.0/../../../../arm-none-eabi/lib/thumb/v7e-m+fp/hard/libc.a(libm_a-s_frexp.o)
                0x08006a34                frexp
 .text.quorem   0x08006a98      0x12c /usr/lib/gcc/arm-none-eabi/14.2.0/../../../../arm-none-eabi/lib/thumb/v7e-m+fp/hard/libc.a(libc_a-dtoa.o)
 *fill*         0x08006bc4        0x4 
 .text._dtoa_r  0x08006bc8     0x1034 /usr/lib/gcc/arm-none-eabi/14.2.0/../../../../arm-none-eabi/lib/thumb/v7e-m+fp/hard/libc.a(libc_a-dtoa.o)
                0x08006bc8                _dtoa_r
 .text._Balloc  0x08007bfc       0x4c /usr/lib/gcc/arm-none-eabi/14.2.0/../../../../arm-none-eabi/lib/thumb/v7e-m+fp/hard/libc.a(libc_a-mprec.o)
                0x08007bfc                _Balloc
 .text._Bfree   0x08007c48       0x14 /usr/lib/gcc/arm-none-eabi/14.2.0/../../../../arm-none-eabi/lib/thumb/v7e-m+fp/hard/libc.a(libc_a-mprec.o)
                0x08007c48                _Bfree
 .text.__multadd
                0x08007c5c       0xa0 /usr/lib/gcc/arm-none-eabi/14.2.0/../../../../arm-none-eabi/lib/thumb/v7e-m+fp/hard/libc.a(libc_a-mprec.o)
                0x08007c5c                __multadd
 .text.__hi0bits
                0x08007cfc       0x54 /usr/lib/gcc/arm-none-eabi/14.2.0/../../../../arm-none-eabi/lib/thumb/v7e-m+fp/hard/libc.a(libc_a-mprec.o)
                0x08007cfc                __hi0bits
 .text.__lo0bits
                0x08007d50       0x80 /usr/lib/gcc/arm-none-eabi/14.2.0/../../../../arm-none-eabi/lib/thumb/v7e-m+fp/hard/libc.a(libc_a-mprec.o)
                0x08007d50                __lo0bits
 .text.__i2b    0x08007dd0       0x5c /usr/lib/gcc/arm-none-eabi/14.2.0/../../../../arm-none-eabi/lib/thumb/v7e-m+fp/hard/libc.a(libc_a-mprec.o)
                0x08007dd0                __i2b
 .text.__multiply
                0x08007e2c      0x16c /usr/lib/gcc/arm-none-eabi/14.2.0/../../../../arm-none-eabi/lib/thumb/v7e-m+fp/hard/libc.a(libc_a-mprec.o)
                0x08007e2c                __multiply
 .text.__pow5mult
                0x08007f98       0xc0 /usr/lib/gcc/arm-none-eabi/14.2.0/../../../../arm-none-eabi/lib/thumb/v7e-m+fp/hard/libc.a(libc_a-mprec.o)
                0x08007f98                __pow5mult
 .text.__lshift
                0x08008058       0xe8 /usr/lib/gcc/arm-none-eabi/14.2.0/../../../../arm-none-eabi/lib/thumb/v7e-m+fp/hard/libc.a(libc_a-mprec.o)
                0x08008058                __lshift
 .text.__mcmp   0x08008140       0x44 /usr/lib/gcc/arm-none-eabi/14.2.0/../../../../arm-none-eabi/lib/thumb/v7e-m+fp/hard/libc.a(libc_a-mprec.o)
                0x08008140                __mcmp
 .text.__mdiff  0x08008184      0x174 /usr/lib/gcc/arm-none-eabi/14.2.0/../../../../arm-none-eabi/lib/thumb/v7e-m+fp/hard/libc.a(libc_a-mprec.o)
                0x08008184                __mdiff
 .text.__d2b    0x080082f8       0xbc /usr/lib/gcc/arm-none-eabi/14.2.0/../../../../arm-none-eabi/lib/thumb/v7e-m+fp/hard/libc.a(libc_a-mprec.o)
                0x080082f8                __d2b
 .text.__ssputs_r
                0x080083b4       0xc0 /usr/lib/gcc/arm-none-eabi/14.2.0/../../../../arm-none-eabi/lib/thumb/v7e-m+fp/hard/libc.a(libc_a-ssputs_r.o)
                0x080083b4                __ssputs_r
 .text.memmove  0x08008474       0xf8 /usr/lib/gcc/arm-none-eabi/14.2.0/../../../../arm-none-eabi/lib/thumb/v7e-m+fp/hard/libc.a(libc_a-memmove.o)
                0x08008474                memmove
 .text.__assert_func
                0x0800856c       0x40 /usr/lib/gcc/arm-none-eabi/14.2.0/../../../../arm-none-eabi/lib/thumb/v7e-m+fp/hard/libc.a(libc_a-assert.o)
                0x0800856c                __assert_func
 .text._calloc_r
                0x080085ac       0x6c /usr/lib/gcc/arm-none-eabi/14.2.0/../../../../arm-none-eabi/lib/thumb/v7e-m+fp/hard/libc.a(libc_a-callocr.o)
                0x080085ac                _calloc_r
 .text.__ascii_mbtowc
                0x08008618       0x2c /usr/lib/gcc/arm-none-eabi/14.2.0/../../../../arm-none-eabi/lib/thumb/v7e-m+fp/hard/libc.a(libc_a-mbtowc_r.o)
                0x08008618                __ascii_mbtowc
 .text._realloc_r
                0x08008644      0x348 /usr/lib/gcc/arm-none-eabi/14.2.0/../../../../arm-none-eabi/lib/thumb/v7e-m+fp/hard/libc.a(libc_a-reallocr.o)
                0x08008644                _realloc_r
 .text.__ascii_wctomb
                0x0800898c       0x1c /usr/lib/gcc/arm-none-eabi/14.2.0/../../../../arm-none-eabi/lib/thumb/v7e-m+fp/hard/libc.a(libc_a-wctomb_r.o)
                0x0800898c                __ascii_wctomb
 .text.fiprintf
                0x080089a8       0x28 /usr/lib/gcc/arm-none-eabi/14.2.0/../../../../arm-none-eabi/lib/thumb/v7e-m+fp/hard/libc.a(libc_a-fiprintf.o)
                0x080089a8                fiprintf
 .text._vfiprintf_r
                0x080089d0      0xff8 /usr/lib/gcc/arm-none-eabi/14.2.0/../../../../arm-none-eabi/lib/thumb/v7e-m+fp/hard/libc.a(libc_a-vfiprintf.o)
                0x080089d0                _vfiprintf_r
 .text.__sbprintf
                0x080099c8       0x84 /usr/lib/gcc/arm-none-eabi/14.2.0/../../../../arm-none-eabi/lib/thumb/v7e-m+fp/hard/libc.a(libc_a-vfiprintf.o)
 .text.__sprint_r
                0x08009a4c       0x20 /usr/lib/gcc/arm-none-eabi/14.2.0/../../../../arm-none-eabi/lib/thumb/v7e-m+fp/hard/libc.a(libc_a-sprint_r.o)
                0x08009a4c                __sprint_r
 .text.__sfvwrite_r
                0x08009a6c      0x2e4 /usr/lib/gcc/arm-none-eabi/14.2.0/../../../../arm-none-eabi/lib/thumb/v7e-m+fp/hard/libc.a(libc_a-fvwrite.o)
                0x08009a6c                __sfvwrite_r
 .text.__swsetup_r
                0x08009d50       0xf4 /usr/lib/gcc/arm-none-eabi/14.2.0/../../../../arm-none-eabi/lib/thumb/v7e-m+fp/hard/libc.a(libc_a-wsetup.o)
                0x08009d50                __swsetup_r
 .text.abort    0x08009e44       0x10 /usr/lib/gcc/arm-none-eabi/14.2.0/../../../../arm-none-eabi/lib/thumb/v7e-m+fp/hard/libc.a(libc_a-abort.o)
                0x08009e44                abort
 .text.__smakebuf_r
                0x08009e54       0xd0 /usr/lib/gcc/arm-none-eabi/14.2.0/../../../../arm-none-eabi/lib/thumb/v7e-m+fp/hard/libc.a(libc_a-makebuf.o)
                0x08009e54                __smakebuf_r
 .text.raise    0x08009f24       0x58 /usr/lib/gcc/arm-none-eabi/14.2.0/../../../../arm-none-eabi/lib/thumb/v7e-m+fp/hard/libc.a(libc_a-signal.o)
                0x08009f24                raise
 .text._fstat_r
                0x08009f7c       0x2c /usr/lib/gcc/arm-none-eabi/14.2.0/../../../../arm-none-eabi/lib/thumb/v7e-m+fp/hard/libc.a(libc_a-fstatr.o)
                0x08009f7c                _fstat_r
 .text._isatty_r
                0x08009fa8       0x24 /usr/lib/gcc/arm-none-eabi/14.2.0/../../../../arm-none-eabi/lib/thumb/v7e-m+fp/hard/libc.a(libc_a-isattyr.o)
                0x08009fa8                _isatty_r
 .text._kill_r  0x08009fcc       0x2c /usr/lib/gcc/arm-none-eabi/14.2.0/../../../../arm-none-eabi/lib/thumb/v7e-m+fp/hard/libc.a(libc_a-signalr.o)
                0x08009fcc                _kill_r
 .text._getpid_r
                0x08009ff8        0x4 /usr/lib/gcc/arm-none-eabi/14.2.0/../../../../arm-none-eabi/lib/thumb/v7e-m+fp/hard/libc.a(libc_a-signalr.o)
                0x08009ff8                _getpid_r
 .text.__udivmoddi4
                0x08009ffc      0x2bc /usr/lib/gcc/arm-none-eabi/14.2.0/thumb/v7e-m+fp/hard/libgcc.a(_udivmoddi4.o)
                0x08009ffc                __udivmoddi4
 *(.glue_7)
 .glue_7        0x0800a2b8        0x0 linker stubs
 *(.glue_7t)
 .glue_7t       0x0800a2b8        0x0 linker stubs
 *(.eh_frame)
 .eh_frame      0x0800a2b8        0x0 /usr/lib/gcc/arm-none-eabi/14.2.0/thumb/v7e-m+fp/hard/crtbegin.o
 *(.init)
 .init          0x0800a2b8        0x4 /usr/lib/gcc/arm-none-eabi/14.2.0/thumb/v7e-m+fp/hard/crti.o
                0x0800a2b8                _init
 .init          0x0800a2bc        0x8 /usr/lib/gcc/arm-none-eabi/14.2.0/thumb/v7e-m+fp/hard/crtn.o
 *(.fini)
 .fini          0x0800a2c4        0x4 /usr/lib/gcc/arm-none-eabi/14.2.0/thumb/v7e-m+fp/hard/crti.o
                0x0800a2c4                _fini
 .fini          0x0800a2c8        0x8 /usr/lib/gcc/arm-none-eabi/14.2.0/thumb/v7e-m+fp/hard/crtn.o
                0x0800a2d0                        . = ALIGN (0x4)
                0x0800a2d0                        _etext = .

.vfp11_veneer   0x0800a2d0        0x0
 .vfp11_veneer  0x0800a2d0        0x0 linker stubs

.v4_bx          0x0800a2d0        0x0
 .v4_bx         0x0800a2d0        0x0 linker stubs

.iplt           0x0800a2d0        0x0
 .iplt          0x0800a2d0        0x0 /usr/lib/gcc/arm-none-eabi/14.2.0/thumb/v7e-m+fp/hard/crtbegin.o

.rodata         0x0800a2d0      0x3bc
                0x0800a2d0                        . = ALIGN (0x4)
 *(.rodata)
 *(.rodata*)
 .rodata.main.str1.4
                0x0800a2d0      0x147 output/main.o
                                  0x5 (size before relaxing)
 *fill*         0x0800a417        0x1 
 .rodata.APBPrescTable
                0x0800a418        0x8 output/system_stm32g4xx.o
                0x0800a418                APBPrescTable
 .rodata.AHBPrescTable
                0x0800a420       0x10 output/system_stm32g4xx.o
                0x0800a420                AHBPrescTable
 .rodata.UARTPrescTable
                0x0800a430       0x18 output/stm32g4xx_hal_uart.o
                0x0800a430                UARTPrescTable
 .rodata._svfprintf_r.str1.4
                0x0800a448       0x42 /usr/lib/gcc/arm-none-eabi/14.2.0/../../../../arm-none-eabi/lib/thumb/v7e-m+fp/hard/libc.a(libc_a-svfprintf.o)
 .rodata.zeroes.0
                0x0800a448       0x10 /usr/lib/gcc/arm-none-eabi/14.2.0/../../../../arm-none-eabi/lib/thumb/v7e-m+fp/hard/libc.a(libc_a-svfprintf.o)
 .rodata.blanks.1
                0x0800a458       0x10 /usr/lib/gcc/arm-none-eabi/14.2.0/../../../../arm-none-eabi/lib/thumb/v7e-m+fp/hard/libc.a(libc_a-svfprintf.o)
 .rodata._dtoa_r.str1.4
                0x0800a468       0x6a /usr/lib/gcc/arm-none-eabi/14.2.0/../../../../arm-none-eabi/lib/thumb/v7e-m+fp/hard/libc.a(libc_a-dtoa.o)
 .rodata.__multadd.str1.4
                0x0800a468       0x57 /usr/lib/gcc/arm-none-eabi/14.2.0/../../../../arm-none-eabi/lib/thumb/v7e-m+fp/hard/libc.a(libc_a-mprec.o)
 .rodata.p05.0  0x0800a468        0xc /usr/lib/gcc/arm-none-eabi/14.2.0/../../../../arm-none-eabi/lib/thumb/v7e-m+fp/hard/libc.a(libc_a-mprec.o)
 *fill*         0x0800a474        0x4 
 .rodata.__mprec_bigtens
                0x0800a478       0x28 /usr/lib/gcc/arm-none-eabi/14.2.0/../../../../arm-none-eabi/lib/thumb/v7e-m+fp/hard/libc.a(libc_a-mprec.o)
                0x0800a478                __mprec_bigtens
 .rodata.__mprec_tens
                0x0800a4a0       0xc8 /usr/lib/gcc/arm-none-eabi/14.2.0/../../../../arm-none-eabi/lib/thumb/v7e-m+fp/hard/libc.a(libc_a-mprec.o)
                0x0800a4a0                __mprec_tens
 .rodata._setlocale_r.str1.4
                0x0800a568        0xd /usr/lib/gcc/arm-none-eabi/14.2.0/../../../../arm-none-eabi/lib/thumb/v7e-m+fp/hard/libc.a(libc_a-locale.o)
 .rodata.str1.4
                0x0800a568        0x2 /usr/lib/gcc/arm-none-eabi/14.2.0/../../../../arm-none-eabi/lib/thumb/v7e-m+fp/hard/libc.a(libc_a-locale.o)
 .rodata.__assert_func.str1.4
                0x0800a568       0x43 /usr/lib/gcc/arm-none-eabi/14.2.0/../../../../arm-none-eabi/lib/thumb/v7e-m+fp/hard/libc.a(libc_a-assert.o)
 .rodata._ctype_
                0x0800a568      0x101 /usr/lib/gcc/arm-none-eabi/14.2.0/../../../../arm-none-eabi/lib/thumb/v7e-m+fp/hard/libc.a(libc_a-ctype_.o)
                0x0800a568                _ctype_
 .rodata._vfiprintf_r.str1.4
                0x0800a669       0x2f /usr/lib/gcc/arm-none-eabi/14.2.0/../../../../arm-none-eabi/lib/thumb/v7e-m+fp/hard/libc.a(libc_a-vfiprintf.o)
 *fill*         0x0800a669        0x3 
 .rodata.zeroes.0
                0x0800a66c       0x10 /usr/lib/gcc/arm-none-eabi/14.2.0/../../../../arm-none-eabi/lib/thumb/v7e-m+fp/hard/libc.a(libc_a-vfiprintf.o)
 .rodata.blanks.1
                0x0800a67c       0x10 /usr/lib/gcc/arm-none-eabi/14.2.0/../../../../arm-none-eabi/lib/thumb/v7e-m+fp/hard/libc.a(libc_a-vfiprintf.o)
                0x0800a68c                        . = ALIGN (0x4)

.ARM.extab      0x0800a68c        0x0
                0x0800a68c                        . = ALIGN (0x4)
 *(.ARM.extab* .gnu.linkonce.armextab.*)
                0x0800a68c                        . = ALIGN (0x4)

.ARM            0x0800a68c        0x8
                0x0800a68c                        . = ALIGN (0x4)
                0x0800a68c                        __exidx_start = .
 *(.ARM.exidx*)
 .ARM.exidx     0x0800a68c        0x8 /usr/lib/gcc/arm-none-eabi/14.2.0/../../../../arm-none-eabi/lib/thumb/v7e-m+fp/hard/libc.a(libc_a-memchr.o)
 .ARM.exidx     0x0800a694        0x0 /usr/lib/gcc/arm-none-eabi/14.2.0/../../../../arm-none-eabi/lib/thumb/v7e-m+fp/hard/libc.a(libc_a-strlen.o)
                                  0x8 (size before relaxing)
 .ARM.exidx     0x0800a694        0x0 /usr/lib/gcc/arm-none-eabi/14.2.0/../../../../arm-none-eabi/lib/thumb/v7e-m+fp/hard/libc.a(libc_a-memcpy.o)
                                  0x8 (size before relaxing)
 .ARM.exidx.text.__udivmoddi4
                0x0800a694        0x0 /usr/lib/gcc/arm-none-eabi/14.2.0/thumb/v7e-m+fp/hard/libgcc.a(_udivmoddi4.o)
                                  0x8 (size before relaxing)
                0x0800a694                        __exidx_end = .
                0x0800a694                        . = ALIGN (0x4)

.preinit_array  0x0800a694        0x0
                0x0800a694                        . = ALIGN (0x4)
                0x0800a694                        PROVIDE (__preinit_array_start = .)
 *(.preinit_array*)
                0x0800a694                        PROVIDE (__preinit_array_end = .)
                0x0800a694                        . = ALIGN (0x4)

.init_array     0x0800a694        0x8
                0x0800a694                        . = ALIGN (0x4)
                0x0800a694                        PROVIDE (__init_array_start = .)
 *(SORT_BY_NAME(.init_array.*))
 .init_array.00000
                0x0800a694        0x4 /usr/lib/gcc/arm-none-eabi/14.2.0/../../../../arm-none-eabi/lib/thumb/v7e-m+fp/hard/libc.a(libc_a-__call_atexit.o)
 *(.init_array*)
 .init_array    0x0800a698        0x4 /usr/lib/gcc/arm-none-eabi/14.2.0/thumb/v7e-m+fp/hard/crtbegin.o
                0x0800a69c                        PROVIDE (__init_array_end = .)
                0x0800a69c                        . = ALIGN (0x4)

.fini_array     0x0800a69c        0x4
                0x0800a69c                        . = ALIGN (0x4)
                0x0800a69c                        PROVIDE (__fini_array_start = .)
 *(SORT_BY_NAME(.fini_array.*))
 *(.fini_array*)
 .fini_array    0x0800a69c        0x4 /usr/lib/gcc/arm-none-eabi/14.2.0/thumb/v7e-m+fp/hard/crtbegin.o
                0x0800a6a0                        PROVIDE (__fini_array_end = .)
                0x0800a6a0                        . = ALIGN (0x4)
                0x0800a6a0                        _sidata = LOADADDR (.data)

.rel.dyn        0x0800a6a0        0x0
 .rel.iplt      0x0800a6a0        0x0 /usr/lib/gcc/arm-none-eabi/14.2.0/thumb/v7e-m+fp/hard/crtbegin.o

.data           0x20000000      0x6e4 load address 0x0800a6a0
                0x20000000                        . = ALIGN (0x4)
                0x20000000                        _sdata = .
 *(.data)
 *(.data*)
 .data.SystemCoreClock
                0x20000000        0x4 output/system_stm32g4xx.o
                0x20000000                SystemCoreClock
 .data.uwTickFreq
                0x20000004        0x4 output/stm32g4xx_hal.o
                0x20000004                uwTickFreq
 .data.uwTickPrio
                0x20000008        0x4 output/stm32g4xx_hal.o
                0x20000008                uwTickPrio
 .data.__sglue  0x2000000c        0xc /usr/lib/gcc/arm-none-eabi/14.2.0/../../../../arm-none-eabi/lib/thumb/v7e-m+fp/hard/libc.a(libc_a-findfp.o)
                0x2000000c                __sglue
 .data._impure_ptr
                0x20000018        0x4 /usr/lib/gcc/arm-none-eabi/14.2.0/../../../../arm-none-eabi/lib/thumb/v7e-m+fp/hard/libc.a(libc_a-impure.o)
                0x20000018                _impure_ptr
 *fill*         0x2000001c        0x4 
 .data._impure_data
                0x20000020      0x140 /usr/lib/gcc/arm-none-eabi/14.2.0/../../../../arm-none-eabi/lib/thumb/v7e-m+fp/hard/libc.a(libc_a-impure.o)
                0x20000020                _impure_data
 .data.__atexit_recursive_mutex
                0x20000160        0x4 /usr/lib/gcc/arm-none-eabi/14.2.0/../../../../arm-none-eabi/lib/thumb/v7e-m+fp/hard/libc.a(libc_a-__call_atexit.o)
                0x20000160                __atexit_recursive_mutex
 .data.__malloc_sbrk_base
                0x20000164        0x4 /usr/lib/gcc/arm-none-eabi/14.2.0/../../../../arm-none-eabi/lib/thumb/v7e-m+fp/hard/libc.a(libc_a-mallocr.o)
                0x20000164                __malloc_sbrk_base
 .data.__malloc_trim_threshold
                0x20000168        0x4 /usr/lib/gcc/arm-none-eabi/14.2.0/../../../../arm-none-eabi/lib/thumb/v7e-m+fp/hard/libc.a(libc_a-mallocr.o)
                0x20000168                __malloc_trim_threshold
 *fill*         0x2000016c        0x4 
 .data.__malloc_av_
                0x20000170      0x408 /usr/lib/gcc/arm-none-eabi/14.2.0/../../../../arm-none-eabi/lib/thumb/v7e-m+fp/hard/libc.a(libc_a-mallocr.o)
                0x20000170                __malloc_av_
 .data.__global_locale
                0x20000578      0x16c /usr/lib/gcc/arm-none-eabi/14.2.0/../../../../arm-none-eabi/lib/thumb/v7e-m+fp/hard/libc.a(libc_a-locale.o)
                0x20000578                __global_locale
 *(.RamFunc)
 *(.RamFunc*)
                0x200006e4                        . = ALIGN (0x4)
                0x200006e4                        _edata = .

.igot.plt       0x200006e4        0x0 load address 0x0800ad84
 .igot.plt      0x200006e4        0x0 /usr/lib/gcc/arm-none-eabi/14.2.0/thumb/v7e-m+fp/hard/crtbegin.o
                0x200006e4                        . = ALIGN (0x4)

.bss            0x200006e4      0x4d8 load address 0x0800ad84
                0x200006e4                        _sbss = .
                0x200006e4                        __bss_start__ = _sbss
 *(.bss)
 *(.bss*)
 .bss.completed.1
                0x200006e4        0x1 /usr/lib/gcc/arm-none-eabi/14.2.0/thumb/v7e-m+fp/hard/crtbegin.o
 *fill*         0x200006e5        0x3 
 .bss.object.0  0x200006e8       0x18 /usr/lib/gcc/arm-none-eabi/14.2.0/thumb/v7e-m+fp/hard/crtbegin.o
 .bss.ADC_INTERFACE
                0x20000700       0x6c output/adc.o
                0x20000700                ADC_INTERFACE
 .bss.huart2    0x2000076c       0x94 output/uart.o
                0x2000076c                huart2
 .bss.__sbrk_heap_end
                0x20000800        0x4 output/sysmem.o
 .bss.uwTick    0x20000804        0x4 output/stm32g4xx_hal.o
                0x20000804                uwTick
 .bss.COM_ActiveLogPort
                0x20000808        0x1 output/stm32g4xx_nucleo.o
 *fill*         0x20000809        0x3 
 .bss.hcom_uart
                0x2000080c       0x94 output/stm32g4xx_nucleo.o
                0x2000080c                hcom_uart
 .bss.hpb_exti  0x200008a0        0x8 output/stm32g4xx_nucleo.o
                0x200008a0                hpb_exti
 .bss.__sf      0x200008a8      0x138 /usr/lib/gcc/arm-none-eabi/14.2.0/../../../../arm-none-eabi/lib/thumb/v7e-m+fp/hard/libc.a(libc_a-findfp.o)
                0x200008a8                __sf
 .bss.__stdio_exit_handler
                0x200009e0        0x4 /usr/lib/gcc/arm-none-eabi/14.2.0/../../../../arm-none-eabi/lib/thumb/v7e-m+fp/hard/libc.a(libc_a-findfp.o)
                0x200009e0                __stdio_exit_handler
 .bss.errno     0x200009e4        0x4 /usr/lib/gcc/arm-none-eabi/14.2.0/../../../../arm-none-eabi/lib/thumb/v7e-m+fp/hard/libc.a(libc_a-reent.o)
                0x200009e4                errno
 .bss.__lock___malloc_recursive_mutex
                0x200009e8        0x1 /usr/lib/gcc/arm-none-eabi/14.2.0/../../../../arm-none-eabi/lib/thumb/v7e-m+fp/hard/libc.a(libc_a-lock.o)
                0x200009e8                __lock___malloc_recursive_mutex
 *fill*         0x200009e9        0x3 
 .bss.__lock___atexit_recursive_mutex
                0x200009ec        0x1 /usr/lib/gcc/arm-none-eabi/14.2.0/../../../../arm-none-eabi/lib/thumb/v7e-m+fp/hard/libc.a(libc_a-lock.o)
                0x200009ec                __lock___atexit_recursive_mutex
 *fill*         0x200009ed        0x3 
 .bss.__lock___sfp_recursive_mutex
                0x200009f0        0x1 /usr/lib/gcc/arm-none-eabi/14.2.0/../../../../arm-none-eabi/lib/thumb/v7e-m+fp/hard/libc.a(libc_a-lock.o)
                0x200009f0                __lock___sfp_recursive_mutex
 *fill*         0x200009f1        0x3 
 .bss.__atexit0
                0x200009f4      0x190 /usr/lib/gcc/arm-none-eabi/14.2.0/../../../../arm-none-eabi/lib/thumb/v7e-m+fp/hard/libc.a(libc_a-__atexit.o)
                0x200009f4                __atexit0
 .bss.__atexit  0x20000b84        0x4 /usr/lib/gcc/arm-none-eabi/14.2.0/../../../../arm-none-eabi/lib/thumb/v7e-m+fp/hard/libc.a(libc_a-__call_atexit.o)
                0x20000b84                __atexit
 .bss.__malloc_current_mallinfo
                0x20000b88       0x28 /usr/lib/gcc/arm-none-eabi/14.2.0/../../../../arm-none-eabi/lib/thumb/v7e-m+fp/hard/libc.a(libc_a-mallocr.o)
                0x20000b88                __malloc_current_mallinfo
 .bss.__malloc_max_total_mem
                0x20000bb0        0x4 /usr/lib/gcc/arm-none-eabi/14.2.0/../../../../arm-none-eabi/lib/thumb/v7e-m+fp/hard/libc.a(libc_a-mallocr.o)
                0x20000bb0                __malloc_max_total_mem
 .bss.__malloc_max_sbrked_mem
                0x20000bb4        0x4 /usr/lib/gcc/arm-none-eabi/14.2.0/../../../../arm-none-eabi/lib/thumb/v7e-m+fp/hard/libc.a(libc_a-mallocr.o)
                0x20000bb4                __malloc_max_sbrked_mem
 .bss.__malloc_top_pad
                0x20000bb8        0x4 /usr/lib/gcc/arm-none-eabi/14.2.0/../../../../arm-none-eabi/lib/thumb/v7e-m+fp/hard/libc.a(libc_a-mallocr.o)
                0x20000bb8                __malloc_top_pad
 *(COMMON)
                0x20000bbc                        . = ALIGN (0x4)
                0x20000bbc                        _ebss = .
                0x20000bbc                        __bss_end__ = _ebss

._user_heap_stack
                0x20000bbc      0x604 load address 0x0800ad84
                0x20000bc0                        . = ALIGN (0x8)
 *fill*         0x20000bbc        0x4 
                [!provide]                        PROVIDE (end = .)
                0x20000bc0                        PROVIDE (_end = .)
                0x20000dc0                        . = (. + _Min_Heap_Size)
 *fill*         0x20000bc0      0x200 
                0x200011c0                        . = (. + _Min_Stack_Size)
 *fill*         0x20000dc0      0x400 
                0x200011c0                        . = ALIGN (0x8)

/DISCARD/
 libc.a(*)
 libm.a(*)
 libgcc.a(*)
OUTPUT(output/STM32_AUTONOMOUS_PROJECT.elf elf32-littlearm)
LOAD linker stubs
LOAD /usr/lib/gcc/arm-none-eabi/14.2.0/../../../../arm-none-eabi/lib/thumb/v7e-m+fp/hard/libc.a
LOAD /usr/lib/gcc/arm-none-eabi/14.2.0/../../../../arm-none-eabi/lib/thumb/v7e-m+fp/hard/libm.a
LOAD /usr/lib/gcc/arm-none-eabi/14.2.0/thumb/v7e-m+fp/hard/libgcc.a

.ARM.attributes
                0x00000000       0x30
 .ARM.attributes
                0x00000000       0x22 /usr/lib/gcc/arm-none-eabi/14.2.0/thumb/v7e-m+fp/hard/crti.o
 .ARM.attributes
                0x00000022       0x34 /usr/lib/gcc/arm-none-eabi/14.2.0/thumb/v7e-m+fp/hard/crtbegin.o
 .ARM.attributes
                0x00000056       0x34 output/adc.o
 .ARM.attributes
                0x0000008a       0x34 output/main.o
 .ARM.attributes
                0x000000be       0x34 output/uart.o
 .ARM.attributes
                0x000000f2       0x34 output/stm32g4xx_it.o
 .ARM.attributes
                0x00000126       0x34 output/syscalls.o
 .ARM.attributes
                0x0000015a       0x34 output/sysmem.o
 .ARM.attributes
                0x0000018e       0x34 output/system_stm32g4xx.o
 .ARM.attributes
                0x000001c2       0x34 output/stm32g4xx_hal_adc.o
 .ARM.attributes
                0x000001f6       0x34 output/stm32g4xx_hal_adc_ex.o
 .ARM.attributes
                0x0000022a       0x34 output/stm32g4xx_hal.o
 .ARM.attributes
                0x0000025e       0x34 output/stm32g4xx_hal_cortex.o
 .ARM.attributes
                0x00000292       0x34 output/stm32g4xx_hal_exti.o
 .ARM.attributes
                0x000002c6       0x34 output/stm32g4xx_hal_gpio.o
 .ARM.attributes
                0x000002fa       0x34 output/stm32g4xx_hal_msp.o
 .ARM.attributes
                0x0000032e       0x34 output/stm32g4xx_hal_pwr_ex.o
 .ARM.attributes
                0x00000362       0x34 output/stm32g4xx_hal_rcc.o
 .ARM.attributes
                0x00000396       0x34 output/stm32g4xx_hal_rcc_ex.o
 .ARM.attributes
                0x000003ca       0x34 output/stm32g4xx_hal_uart.o
 .ARM.attributes
                0x000003fe       0x34 output/stm32g4xx_nucleo.o
 .ARM.attributes
                0x00000432       0x21 output/startup_stm32g474xx.o
 .ARM.attributes
                0x00000453       0x34 /usr/lib/gcc/arm-none-eabi/14.2.0/../../../../arm-none-eabi/lib/thumb/v7e-m+fp/hard/libc.a(libc_a-atexit.o)
 .ARM.attributes
                0x00000487       0x34 /usr/lib/gcc/arm-none-eabi/14.2.0/../../../../arm-none-eabi/lib/thumb/v7e-m+fp/hard/libc.a(libc_a-findfp.o)
 .ARM.attributes
                0x000004bb       0x34 /usr/lib/gcc/arm-none-eabi/14.2.0/../../../../arm-none-eabi/lib/thumb/v7e-m+fp/hard/libc.a(libc_a-fwalk.o)
 .ARM.attributes
                0x000004ef       0x34 /usr/lib/gcc/arm-none-eabi/14.2.0/../../../../arm-none-eabi/lib/thumb/v7e-m+fp/hard/libc.a(libc_a-sprintf.o)
 .ARM.attributes
                0x00000523       0x34 /usr/lib/gcc/arm-none-eabi/14.2.0/../../../../arm-none-eabi/lib/thumb/v7e-m+fp/hard/libc.a(libc_a-stdio.o)
 .ARM.attributes
                0x00000557       0x34 /usr/lib/gcc/arm-none-eabi/14.2.0/../../../../arm-none-eabi/lib/thumb/v7e-m+fp/hard/libc.a(libc_a-memset.o)
 .ARM.attributes
                0x0000058b       0x34 /usr/lib/gcc/arm-none-eabi/14.2.0/../../../../arm-none-eabi/lib/thumb/v7e-m+fp/hard/libc.a(libc_a-closer.o)
 .ARM.attributes
                0x000005bf       0x34 /usr/lib/gcc/arm-none-eabi/14.2.0/../../../../arm-none-eabi/lib/thumb/v7e-m+fp/hard/libc.a(libc_a-reent.o)
 .ARM.attributes
                0x000005f3       0x34 /usr/lib/gcc/arm-none-eabi/14.2.0/../../../../arm-none-eabi/lib/thumb/v7e-m+fp/hard/libc.a(libc_a-impure.o)
 .ARM.attributes
                0x00000627       0x34 /usr/lib/gcc/arm-none-eabi/14.2.0/../../../../arm-none-eabi/lib/thumb/v7e-m+fp/hard/libc.a(libc_a-lseekr.o)
 .ARM.attributes
                0x0000065b       0x34 /usr/lib/gcc/arm-none-eabi/14.2.0/../../../../arm-none-eabi/lib/thumb/v7e-m+fp/hard/libc.a(libc_a-readr.o)
 .ARM.attributes
                0x0000068f       0x34 /usr/lib/gcc/arm-none-eabi/14.2.0/../../../../arm-none-eabi/lib/thumb/v7e-m+fp/hard/libc.a(libc_a-writer.o)
 .ARM.attributes
                0x000006c3       0x34 /usr/lib/gcc/arm-none-eabi/14.2.0/../../../../arm-none-eabi/lib/thumb/v7e-m+fp/hard/libc.a(libc_a-errno.o)
 .ARM.attributes
                0x000006f7       0x34 /usr/lib/gcc/arm-none-eabi/14.2.0/../../../../arm-none-eabi/lib/thumb/v7e-m+fp/hard/libc.a(libc_a-init.o)
 .ARM.attributes
                0x0000072b       0x34 /usr/lib/gcc/arm-none-eabi/14.2.0/../../../../arm-none-eabi/lib/thumb/v7e-m+fp/hard/libc.a(libc_a-fini.o)
 .ARM.attributes
                0x0000075f       0x34 /usr/lib/gcc/arm-none-eabi/14.2.0/../../../../arm-none-eabi/lib/thumb/v7e-m+fp/hard/libc.a(libc_a-lock.o)
 .ARM.attributes
                0x00000793       0x34 /usr/lib/gcc/arm-none-eabi/14.2.0/../../../../arm-none-eabi/lib/thumb/v7e-m+fp/hard/libc.a(libc_a-__atexit.o)
 .ARM.attributes
                0x000007c7       0x34 /usr/lib/gcc/arm-none-eabi/14.2.0/../../../../arm-none-eabi/lib/thumb/v7e-m+fp/hard/libc.a(libc_a-__call_atexit.o)
 .ARM.attributes
                0x000007fb       0x34 /usr/lib/gcc/arm-none-eabi/14.2.0/../../../../arm-none-eabi/lib/thumb/v7e-m+fp/hard/libc.a(libc_a-freer.o)
 .ARM.attributes
                0x0000082f       0x34 /usr/lib/gcc/arm-none-eabi/14.2.0/../../../../arm-none-eabi/lib/thumb/v7e-m+fp/hard/libc.a(libc_a-mallocr.o)
 .ARM.attributes
                0x00000863       0x34 /usr/lib/gcc/arm-none-eabi/14.2.0/../../../../arm-none-eabi/lib/thumb/v7e-m+fp/hard/libc.a(libc_a-mlock.o)
 .ARM.attributes
                0x00000897       0x34 /usr/lib/gcc/arm-none-eabi/14.2.0/../../../../arm-none-eabi/lib/thumb/v7e-m+fp/hard/libc.a(libc_a-svfprintf.o)
 .ARM.attributes
                0x000008cb       0x34 /usr/lib/gcc/arm-none-eabi/14.2.0/../../../../arm-none-eabi/lib/thumb/v7e-m+fp/hard/libc.a(libc_a-ssprint_r.o)
 .ARM.attributes
                0x000008ff       0x34 /usr/lib/gcc/arm-none-eabi/14.2.0/../../../../arm-none-eabi/lib/thumb/v7e-m+fp/hard/libc.a(libc_a-fclose.o)
 .ARM.attributes
                0x00000933       0x34 /usr/lib/gcc/arm-none-eabi/14.2.0/../../../../arm-none-eabi/lib/thumb/v7e-m+fp/hard/libc.a(libc_a-fflush.o)
 .ARM.attributes
                0x00000967       0x34 /usr/lib/gcc/arm-none-eabi/14.2.0/../../../../arm-none-eabi/lib/thumb/v7e-m+fp/hard/libc.a(libc_a-strncpy.o)
 .ARM.attributes
                0x0000099b       0x34 /usr/lib/gcc/arm-none-eabi/14.2.0/../../../../arm-none-eabi/lib/thumb/v7e-m+fp/hard/libc.a(libc_a-localeconv.o)
 .ARM.attributes
                0x000009cf       0x34 /usr/lib/gcc/arm-none-eabi/14.2.0/../../../../arm-none-eabi/lib/thumb/v7e-m+fp/hard/libc.a(libc_a-sbrkr.o)
 .ARM.attributes
                0x00000a03       0x34 /usr/lib/gcc/arm-none-eabi/14.2.0/../../../../arm-none-eabi/lib/thumb/v7e-m+fp/hard/libc.a(libc_a-sysconf.o)
 .ARM.attributes
                0x00000a37       0x1c /usr/lib/gcc/arm-none-eabi/14.2.0/../../../../arm-none-eabi/lib/thumb/v7e-m+fp/hard/libc.a(libc_a-memchr.o)
 .ARM.attributes
                0x00000a53       0x1c /usr/lib/gcc/arm-none-eabi/14.2.0/../../../../arm-none-eabi/lib/thumb/v7e-m+fp/hard/libc.a(libc_a-strlen.o)
 .ARM.attributes
                0x00000a6f       0x34 /usr/lib/gcc/arm-none-eabi/14.2.0/../../../../arm-none-eabi/lib/thumb/v7e-m+fp/hard/libc.a(libm_a-s_frexp.o)
 .ARM.attributes
                0x00000aa3       0x34 /usr/lib/gcc/arm-none-eabi/14.2.0/../../../../arm-none-eabi/lib/thumb/v7e-m+fp/hard/libc.a(libc_a-dtoa.o)
 .ARM.attributes
                0x00000ad7       0x34 /usr/lib/gcc/arm-none-eabi/14.2.0/../../../../arm-none-eabi/lib/thumb/v7e-m+fp/hard/libc.a(libc_a-mprec.o)
 .ARM.attributes
                0x00000b0b       0x34 /usr/lib/gcc/arm-none-eabi/14.2.0/../../../../arm-none-eabi/lib/thumb/v7e-m+fp/hard/libc.a(libc_a-ssputs_r.o)
 .ARM.attributes
                0x00000b3f       0x34 /usr/lib/gcc/arm-none-eabi/14.2.0/../../../../arm-none-eabi/lib/thumb/v7e-m+fp/hard/libc.a(libc_a-memmove.o)
 .ARM.attributes
                0x00000b73       0x34 /usr/lib/gcc/arm-none-eabi/14.2.0/../../../../arm-none-eabi/lib/thumb/v7e-m+fp/hard/libc.a(libc_a-locale.o)
 .ARM.attributes
                0x00000ba7       0x20 /usr/lib/gcc/arm-none-eabi/14.2.0/../../../../arm-none-eabi/lib/thumb/v7e-m+fp/hard/libc.a(libc_a-memcpy.o)
 .ARM.attributes
                0x00000bc7       0x34 /usr/lib/gcc/arm-none-eabi/14.2.0/../../../../arm-none-eabi/lib/thumb/v7e-m+fp/hard/libc.a(libc_a-assert.o)
 .ARM.attributes
                0x00000bfb       0x34 /usr/lib/gcc/arm-none-eabi/14.2.0/../../../../arm-none-eabi/lib/thumb/v7e-m+fp/hard/libc.a(libc_a-callocr.o)
 .ARM.attributes
                0x00000c2f       0x34 /usr/lib/gcc/arm-none-eabi/14.2.0/../../../../arm-none-eabi/lib/thumb/v7e-m+fp/hard/libc.a(libc_a-mbtowc_r.o)
 .ARM.attributes
                0x00000c63       0x34 /usr/lib/gcc/arm-none-eabi/14.2.0/../../../../arm-none-eabi/lib/thumb/v7e-m+fp/hard/libc.a(libc_a-reallocr.o)
 .ARM.attributes
                0x00000c97       0x34 /usr/lib/gcc/arm-none-eabi/14.2.0/../../../../arm-none-eabi/lib/thumb/v7e-m+fp/hard/libc.a(libc_a-wctomb_r.o)
 .ARM.attributes
                0x00000ccb       0x34 /usr/lib/gcc/arm-none-eabi/14.2.0/../../../../arm-none-eabi/lib/thumb/v7e-m+fp/hard/libc.a(libc_a-ctype_.o)
 .ARM.attributes
                0x00000cff       0x34 /usr/lib/gcc/arm-none-eabi/14.2.0/../../../../arm-none-eabi/lib/thumb/v7e-m+fp/hard/libc.a(libc_a-fiprintf.o)
 .ARM.attributes
                0x00000d33       0x34 /usr/lib/gcc/arm-none-eabi/14.2.0/../../../../arm-none-eabi/lib/thumb/v7e-m+fp/hard/libc.a(libc_a-vfiprintf.o)
 .ARM.attributes
                0x00000d67       0x34 /usr/lib/gcc/arm-none-eabi/14.2.0/../../../../arm-none-eabi/lib/thumb/v7e-m+fp/hard/libc.a(libc_a-sprint_r.o)
 .ARM.attributes
                0x00000d9b       0x34 /usr/lib/gcc/arm-none-eabi/14.2.0/../../../../arm-none-eabi/lib/thumb/v7e-m+fp/hard/libc.a(libc_a-fvwrite.o)
 .ARM.attributes
                0x00000dcf       0x34 /usr/lib/gcc/arm-none-eabi/14.2.0/../../../../arm-none-eabi/lib/thumb/v7e-m+fp/hard/libc.a(libc_a-wsetup.o)
 .ARM.attributes
                0x00000e03       0x34 /usr/lib/gcc/arm-none-eabi/14.2.0/../../../../arm-none-eabi/lib/thumb/v7e-m+fp/hard/libc.a(libc_a-abort.o)
 .ARM.attributes
                0x00000e37       0x34 /usr/lib/gcc/arm-none-eabi/14.2.0/../../../../arm-none-eabi/lib/thumb/v7e-m+fp/hard/libc.a(libc_a-makebuf.o)
 .ARM.attributes
                0x00000e6b       0x34 /usr/lib/gcc/arm-none-eabi/14.2.0/../../../../arm-none-eabi/lib/thumb/v7e-m+fp/hard/libc.a(libc_a-signal.o)
 .ARM.attributes
                0x00000e9f       0x34 /usr/lib/gcc/arm-none-eabi/14.2.0/../../../../arm-none-eabi/lib/thumb/v7e-m+fp/hard/libc.a(libc_a-fstatr.o)
 .ARM.attributes
                0x00000ed3       0x34 /usr/lib/gcc/arm-none-eabi/14.2.0/../../../../arm-none-eabi/lib/thumb/v7e-m+fp/hard/libc.a(libc_a-isattyr.o)
 .ARM.attributes
                0x00000f07       0x34 /usr/lib/gcc/arm-none-eabi/14.2.0/../../../../arm-none-eabi/lib/thumb/v7e-m+fp/hard/libc.a(libc_a-signalr.o)
 .ARM.attributes
                0x00000f3b       0x22 /usr/lib/gcc/arm-none-eabi/14.2.0/thumb/v7e-m+fp/hard/libgcc.a(_arm_addsubdf3.o)
 .ARM.attributes
                0x00000f5d       0x22 /usr/lib/gcc/arm-none-eabi/14.2.0/thumb/v7e-m+fp/hard/libgcc.a(_arm_muldivdf3.o)
 .ARM.attributes
                0x00000f7f       0x22 /usr/lib/gcc/arm-none-eabi/14.2.0/thumb/v7e-m+fp/hard/libgcc.a(_arm_cmpdf2.o)
 .ARM.attributes
                0x00000fa1       0x22 /usr/lib/gcc/arm-none-eabi/14.2.0/thumb/v7e-m+fp/hard/libgcc.a(_arm_unorddf2.o)
 .ARM.attributes
                0x00000fc3       0x22 /usr/lib/gcc/arm-none-eabi/14.2.0/thumb/v7e-m+fp/hard/libgcc.a(_arm_fixdfsi.o)
 .ARM.attributes
                0x00000fe5       0x22 /usr/lib/gcc/arm-none-eabi/14.2.0/thumb/v7e-m+fp/hard/libgcc.a(_arm_truncdfsf2.o)
 .ARM.attributes
                0x00001007       0x22 /usr/lib/gcc/arm-none-eabi/14.2.0/thumb/v7e-m+fp/hard/libgcc.a(_aeabi_uldivmod.o)
 .ARM.attributes
                0x00001029       0x34 /usr/lib/gcc/arm-none-eabi/14.2.0/thumb/v7e-m+fp/hard/libgcc.a(_udivmoddi4.o)
 .ARM.attributes
                0x0000105d       0x22 /usr/lib/gcc/arm-none-eabi/14.2.0/thumb/v7e-m+fp/hard/libgcc.a(_dvmd_tls.o)
 .ARM.attributes
                0x0000107f       0x22 /usr/lib/gcc/arm-none-eabi/14.2.0/thumb/v7e-m+fp/hard/crtn.o

.comment        0x00000000       0x1e
 .comment       0x00000000       0x1e output/adc.o
                                 0x1f (size before relaxing)
 .comment       0x0000001e       0x1f output/main.o
 .comment       0x0000001e       0x1f output/uart.o
 .comment       0x0000001e       0x1f output/stm32g4xx_it.o
 .comment       0x0000001e       0x1f output/syscalls.o
 .comment       0x0000001e       0x1f output/sysmem.o
 .comment       0x0000001e       0x1f output/system_stm32g4xx.o
 .comment       0x0000001e       0x1f output/stm32g4xx_hal_adc.o
 .comment       0x0000001e       0x1f output/stm32g4xx_hal_adc_ex.o
 .comment       0x0000001e       0x1f output/stm32g4xx_hal.o
 .comment       0x0000001e       0x1f output/stm32g4xx_hal_cortex.o
 .comment       0x0000001e       0x1f output/stm32g4xx_hal_exti.o
 .comment       0x0000001e       0x1f output/stm32g4xx_hal_gpio.o
 .comment       0x0000001e       0x1f output/stm32g4xx_hal_msp.o
 .comment       0x0000001e       0x1f output/stm32g4xx_hal_pwr_ex.o
 .comment       0x0000001e       0x1f output/stm32g4xx_hal_rcc.o
 .comment       0x0000001e       0x1f output/stm32g4xx_hal_rcc_ex.o
 .comment       0x0000001e       0x1f output/stm32g4xx_hal_uart.o
 .comment       0x0000001e       0x1f output/stm32g4xx_nucleo.o
 .comment       0x0000001e       0x1f /usr/lib/gcc/arm-none-eabi/14.2.0/../../../../arm-none-eabi/lib/thumb/v7e-m+fp/hard/libc.a(libc_a-atexit.o)
 .comment       0x0000001e       0x1f /usr/lib/gcc/arm-none-eabi/14.2.0/../../../../arm-none-eabi/lib/thumb/v7e-m+fp/hard/libc.a(libc_a-findfp.o)
 .comment       0x0000001e       0x1f /usr/lib/gcc/arm-none-eabi/14.2.0/../../../../arm-none-eabi/lib/thumb/v7e-m+fp/hard/libc.a(libc_a-fwalk.o)
 .comment       0x0000001e       0x1f /usr/lib/gcc/arm-none-eabi/14.2.0/../../../../arm-none-eabi/lib/thumb/v7e-m+fp/hard/libc.a(libc_a-sprintf.o)
 .comment       0x0000001e       0x1f /usr/lib/gcc/arm-none-eabi/14.2.0/../../../../arm-none-eabi/lib/thumb/v7e-m+fp/hard/libc.a(libc_a-stdio.o)
 .comment       0x0000001e       0x1f /usr/lib/gcc/arm-none-eabi/14.2.0/../../../../arm-none-eabi/lib/thumb/v7e-m+fp/hard/libc.a(libc_a-memset.o)
 .comment       0x0000001e       0x1f /usr/lib/gcc/arm-none-eabi/14.2.0/../../../../arm-none-eabi/lib/thumb/v7e-m+fp/hard/libc.a(libc_a-closer.o)
 .comment       0x0000001e       0x1f /usr/lib/gcc/arm-none-eabi/14.2.0/../../../../arm-none-eabi/lib/thumb/v7e-m+fp/hard/libc.a(libc_a-reent.o)
 .comment       0x0000001e       0x1f /usr/lib/gcc/arm-none-eabi/14.2.0/../../../../arm-none-eabi/lib/thumb/v7e-m+fp/hard/libc.a(libc_a-impure.o)
 .comment       0x0000001e       0x1f /usr/lib/gcc/arm-none-eabi/14.2.0/../../../../arm-none-eabi/lib/thumb/v7e-m+fp/hard/libc.a(libc_a-lseekr.o)
 .comment       0x0000001e       0x1f /usr/lib/gcc/arm-none-eabi/14.2.0/../../../../arm-none-eabi/lib/thumb/v7e-m+fp/hard/libc.a(libc_a-readr.o)
 .comment       0x0000001e       0x1f /usr/lib/gcc/arm-none-eabi/14.2.0/../../../../arm-none-eabi/lib/thumb/v7e-m+fp/hard/libc.a(libc_a-writer.o)
 .comment       0x0000001e       0x1f /usr/lib/gcc/arm-none-eabi/14.2.0/../../../../arm-none-eabi/lib/thumb/v7e-m+fp/hard/libc.a(libc_a-errno.o)
 .comment       0x0000001e       0x1f /usr/lib/gcc/arm-none-eabi/14.2.0/../../../../arm-none-eabi/lib/thumb/v7e-m+fp/hard/libc.a(libc_a-init.o)
 .comment       0x0000001e       0x1f /usr/lib/gcc/arm-none-eabi/14.2.0/../../../../arm-none-eabi/lib/thumb/v7e-m+fp/hard/libc.a(libc_a-fini.o)
 .comment       0x0000001e       0x1f /usr/lib/gcc/arm-none-eabi/14.2.0/../../../../arm-none-eabi/lib/thumb/v7e-m+fp/hard/libc.a(libc_a-lock.o)
 .comment       0x0000001e       0x1f /usr/lib/gcc/arm-none-eabi/14.2.0/../../../../arm-none-eabi/lib/thumb/v7e-m+fp/hard/libc.a(libc_a-__atexit.o)
 .comment       0x0000001e       0x1f /usr/lib/gcc/arm-none-eabi/14.2.0/../../../../arm-none-eabi/lib/thumb/v7e-m+fp/hard/libc.a(libc_a-__call_atexit.o)
 .comment       0x0000001e       0x1f /usr/lib/gcc/arm-none-eabi/14.2.0/../../../../arm-none-eabi/lib/thumb/v7e-m+fp/hard/libc.a(libc_a-freer.o)
 .comment       0x0000001e       0x1f /usr/lib/gcc/arm-none-eabi/14.2.0/../../../../arm-none-eabi/lib/thumb/v7e-m+fp/hard/libc.a(libc_a-mallocr.o)
 .comment       0x0000001e       0x1f /usr/lib/gcc/arm-none-eabi/14.2.0/../../../../arm-none-eabi/lib/thumb/v7e-m+fp/hard/libc.a(libc_a-mlock.o)
 .comment       0x0000001e       0x1f /usr/lib/gcc/arm-none-eabi/14.2.0/../../../../arm-none-eabi/lib/thumb/v7e-m+fp/hard/libc.a(libc_a-svfprintf.o)
 .comment       0x0000001e       0x1f /usr/lib/gcc/arm-none-eabi/14.2.0/../../../../arm-none-eabi/lib/thumb/v7e-m+fp/hard/libc.a(libc_a-ssprint_r.o)
 .comment       0x0000001e       0x1f /usr/lib/gcc/arm-none-eabi/14.2.0/../../../../arm-none-eabi/lib/thumb/v7e-m+fp/hard/libc.a(libc_a-fclose.o)
 .comment       0x0000001e       0x1f /usr/lib/gcc/arm-none-eabi/14.2.0/../../../../arm-none-eabi/lib/thumb/v7e-m+fp/hard/libc.a(libc_a-fflush.o)
 .comment       0x0000001e       0x1f /usr/lib/gcc/arm-none-eabi/14.2.0/../../../../arm-none-eabi/lib/thumb/v7e-m+fp/hard/libc.a(libc_a-strncpy.o)
 .comment       0x0000001e       0x1f /usr/lib/gcc/arm-none-eabi/14.2.0/../../../../arm-none-eabi/lib/thumb/v7e-m+fp/hard/libc.a(libc_a-localeconv.o)
 .comment       0x0000001e       0x1f /usr/lib/gcc/arm-none-eabi/14.2.0/../../../../arm-none-eabi/lib/thumb/v7e-m+fp/hard/libc.a(libc_a-sbrkr.o)
 .comment       0x0000001e       0x1f /usr/lib/gcc/arm-none-eabi/14.2.0/../../../../arm-none-eabi/lib/thumb/v7e-m+fp/hard/libc.a(libc_a-sysconf.o)
 .comment       0x0000001e       0x1f /usr/lib/gcc/arm-none-eabi/14.2.0/../../../../arm-none-eabi/lib/thumb/v7e-m+fp/hard/libc.a(libm_a-s_frexp.o)
 .comment       0x0000001e       0x1f /usr/lib/gcc/arm-none-eabi/14.2.0/../../../../arm-none-eabi/lib/thumb/v7e-m+fp/hard/libc.a(libc_a-dtoa.o)
 .comment       0x0000001e       0x1f /usr/lib/gcc/arm-none-eabi/14.2.0/../../../../arm-none-eabi/lib/thumb/v7e-m+fp/hard/libc.a(libc_a-mprec.o)
 .comment       0x0000001e       0x1f /usr/lib/gcc/arm-none-eabi/14.2.0/../../../../arm-none-eabi/lib/thumb/v7e-m+fp/hard/libc.a(libc_a-ssputs_r.o)
 .comment       0x0000001e       0x1f /usr/lib/gcc/arm-none-eabi/14.2.0/../../../../arm-none-eabi/lib/thumb/v7e-m+fp/hard/libc.a(libc_a-memmove.o)
 .comment       0x0000001e       0x1f /usr/lib/gcc/arm-none-eabi/14.2.0/../../../../arm-none-eabi/lib/thumb/v7e-m+fp/hard/libc.a(libc_a-locale.o)
 .comment       0x0000001e       0x1f /usr/lib/gcc/arm-none-eabi/14.2.0/../../../../arm-none-eabi/lib/thumb/v7e-m+fp/hard/libc.a(libc_a-assert.o)
 .comment       0x0000001e       0x1f /usr/lib/gcc/arm-none-eabi/14.2.0/../../../../arm-none-eabi/lib/thumb/v7e-m+fp/hard/libc.a(libc_a-callocr.o)
 .comment       0x0000001e       0x1f /usr/lib/gcc/arm-none-eabi/14.2.0/../../../../arm-none-eabi/lib/thumb/v7e-m+fp/hard/libc.a(libc_a-mbtowc_r.o)
 .comment       0x0000001e       0x1f /usr/lib/gcc/arm-none-eabi/14.2.0/../../../../arm-none-eabi/lib/thumb/v7e-m+fp/hard/libc.a(libc_a-reallocr.o)
 .comment       0x0000001e       0x1f /usr/lib/gcc/arm-none-eabi/14.2.0/../../../../arm-none-eabi/lib/thumb/v7e-m+fp/hard/libc.a(libc_a-wctomb_r.o)
 .comment       0x0000001e       0x1f /usr/lib/gcc/arm-none-eabi/14.2.0/../../../../arm-none-eabi/lib/thumb/v7e-m+fp/hard/libc.a(libc_a-ctype_.o)
 .comment       0x0000001e       0x1f /usr/lib/gcc/arm-none-eabi/14.2.0/../../../../arm-none-eabi/lib/thumb/v7e-m+fp/hard/libc.a(libc_a-fiprintf.o)
 .comment       0x0000001e       0x1f /usr/lib/gcc/arm-none-eabi/14.2.0/../../../../arm-none-eabi/lib/thumb/v7e-m+fp/hard/libc.a(libc_a-vfiprintf.o)
 .comment       0x0000001e       0x1f /usr/lib/gcc/arm-none-eabi/14.2.0/../../../../arm-none-eabi/lib/thumb/v7e-m+fp/hard/libc.a(libc_a-sprint_r.o)
 .comment       0x0000001e       0x1f /usr/lib/gcc/arm-none-eabi/14.2.0/../../../../arm-none-eabi/lib/thumb/v7e-m+fp/hard/libc.a(libc_a-fvwrite.o)
 .comment       0x0000001e       0x1f /usr/lib/gcc/arm-none-eabi/14.2.0/../../../../arm-none-eabi/lib/thumb/v7e-m+fp/hard/libc.a(libc_a-wsetup.o)
 .comment       0x0000001e       0x1f /usr/lib/gcc/arm-none-eabi/14.2.0/../../../../arm-none-eabi/lib/thumb/v7e-m+fp/hard/libc.a(libc_a-abort.o)
 .comment       0x0000001e       0x1f /usr/lib/gcc/arm-none-eabi/14.2.0/../../../../arm-none-eabi/lib/thumb/v7e-m+fp/hard/libc.a(libc_a-makebuf.o)
 .comment       0x0000001e       0x1f /usr/lib/gcc/arm-none-eabi/14.2.0/../../../../arm-none-eabi/lib/thumb/v7e-m+fp/hard/libc.a(libc_a-signal.o)
 .comment       0x0000001e       0x1f /usr/lib/gcc/arm-none-eabi/14.2.0/../../../../arm-none-eabi/lib/thumb/v7e-m+fp/hard/libc.a(libc_a-fstatr.o)
 .comment       0x0000001e       0x1f /usr/lib/gcc/arm-none-eabi/14.2.0/../../../../arm-none-eabi/lib/thumb/v7e-m+fp/hard/libc.a(libc_a-isattyr.o)
 .comment       0x0000001e       0x1f /usr/lib/gcc/arm-none-eabi/14.2.0/../../../../arm-none-eabi/lib/thumb/v7e-m+fp/hard/libc.a(libc_a-signalr.o)
 .comment       0x0000001e       0x1f /usr/lib/gcc/arm-none-eabi/14.2.0/thumb/v7e-m+fp/hard/libgcc.a(_udivmoddi4.o)

.debug_info     0x00000000    0x364df
 .debug_info    0x00000000     0x13f2 output/adc.o
 .debug_info    0x000013f2      0xcf8 output/main.o
 .debug_info    0x000020ea      0xd66 output/uart.o
 .debug_info    0x00002e50      0x1c0 output/stm32g4xx_it.o
 .debug_info    0x00003010      0x848 output/syscalls.o
 .debug_info    0x00003858      0x18c output/sysmem.o
 .debug_info    0x000039e4      0x649 output/system_stm32g4xx.o
 .debug_info    0x0000402d     0x3988 output/stm32g4xx_hal_adc.o
 .debug_info    0x000079b5     0x3245 output/stm32g4xx_hal_adc_ex.o
 .debug_info    0x0000abfa      0xdc9 output/stm32g4xx_hal.o
 .debug_info    0x0000b9c3     0x1247 output/stm32g4xx_hal_cortex.o
 .debug_info    0x0000cc0a      0x7e0 output/stm32g4xx_hal_exti.o
 .debug_info    0x0000d3ea      0x92d output/stm32g4xx_hal_gpio.o
 .debug_info    0x0000dd17      0x39a output/stm32g4xx_hal_msp.o
 .debug_info    0x0000e0b1      0xb1d output/stm32g4xx_hal_pwr_ex.o
 .debug_info    0x0000ebce     0x1081 output/stm32g4xx_hal_rcc.o
 .debug_info    0x0000fc4f     0x10b9 output/stm32g4xx_hal_rcc_ex.o
 .debug_info    0x00010d08     0x674f output/stm32g4xx_hal_uart.o
 .debug_info    0x00017457     0x1cf8 output/stm32g4xx_nucleo.o
 .debug_info    0x0001914f       0x30 output/startup_stm32g474xx.o
 .debug_info    0x0001917f      0x11e /usr/lib/gcc/arm-none-eabi/14.2.0/../../../../arm-none-eabi/lib/thumb/v7e-m+fp/hard/libc.a(libc_a-atexit.o)
 .debug_info    0x0001929d     0x10fd /usr/lib/gcc/arm-none-eabi/14.2.0/../../../../arm-none-eabi/lib/thumb/v7e-m+fp/hard/libc.a(libc_a-findfp.o)
 .debug_info    0x0001a39a      0x80b /usr/lib/gcc/arm-none-eabi/14.2.0/../../../../arm-none-eabi/lib/thumb/v7e-m+fp/hard/libc.a(libc_a-fwalk.o)
 .debug_info    0x0001aba5      0x8c0 /usr/lib/gcc/arm-none-eabi/14.2.0/../../../../arm-none-eabi/lib/thumb/v7e-m+fp/hard/libc.a(libc_a-sprintf.o)
 .debug_info    0x0001b465      0xac5 /usr/lib/gcc/arm-none-eabi/14.2.0/../../../../arm-none-eabi/lib/thumb/v7e-m+fp/hard/libc.a(libc_a-stdio.o)
 .debug_info    0x0001bf2a      0x135 /usr/lib/gcc/arm-none-eabi/14.2.0/../../../../arm-none-eabi/lib/thumb/v7e-m+fp/hard/libc.a(libc_a-memset.o)
 .debug_info    0x0001c05f      0x798 /usr/lib/gcc/arm-none-eabi/14.2.0/../../../../arm-none-eabi/lib/thumb/v7e-m+fp/hard/libc.a(libc_a-closer.o)
 .debug_info    0x0001c7f7      0x858 /usr/lib/gcc/arm-none-eabi/14.2.0/../../../../arm-none-eabi/lib/thumb/v7e-m+fp/hard/libc.a(libc_a-reent.o)
 .debug_info    0x0001d04f      0x750 /usr/lib/gcc/arm-none-eabi/14.2.0/../../../../arm-none-eabi/lib/thumb/v7e-m+fp/hard/libc.a(libc_a-impure.o)
 .debug_info    0x0001d79f      0x7e3 /usr/lib/gcc/arm-none-eabi/14.2.0/../../../../arm-none-eabi/lib/thumb/v7e-m+fp/hard/libc.a(libc_a-lseekr.o)
 .debug_info    0x0001df82      0x7fa /usr/lib/gcc/arm-none-eabi/14.2.0/../../../../arm-none-eabi/lib/thumb/v7e-m+fp/hard/libc.a(libc_a-readr.o)
 .debug_info    0x0001e77c      0x800 /usr/lib/gcc/arm-none-eabi/14.2.0/../../../../arm-none-eabi/lib/thumb/v7e-m+fp/hard/libc.a(libc_a-writer.o)
 .debug_info    0x0001ef7c      0x736 /usr/lib/gcc/arm-none-eabi/14.2.0/../../../../arm-none-eabi/lib/thumb/v7e-m+fp/hard/libc.a(libc_a-errno.o)
 .debug_info    0x0001f6b2      0x10b /usr/lib/gcc/arm-none-eabi/14.2.0/../../../../arm-none-eabi/lib/thumb/v7e-m+fp/hard/libc.a(libc_a-init.o)
 .debug_info    0x0001f7bd       0xf7 /usr/lib/gcc/arm-none-eabi/14.2.0/../../../../arm-none-eabi/lib/thumb/v7e-m+fp/hard/libc.a(libc_a-fini.o)
 .debug_info    0x0001f8b4      0x218 /usr/lib/gcc/arm-none-eabi/14.2.0/../../../../arm-none-eabi/lib/thumb/v7e-m+fp/hard/libc.a(libc_a-lock.o)
 .debug_info    0x0001facc      0x25f /usr/lib/gcc/arm-none-eabi/14.2.0/../../../../arm-none-eabi/lib/thumb/v7e-m+fp/hard/libc.a(libc_a-__atexit.o)
 .debug_info    0x0001fd2b      0x2dd /usr/lib/gcc/arm-none-eabi/14.2.0/../../../../arm-none-eabi/lib/thumb/v7e-m+fp/hard/libc.a(libc_a-__call_atexit.o)
 .debug_info    0x00020008      0xb7d /usr/lib/gcc/arm-none-eabi/14.2.0/../../../../arm-none-eabi/lib/thumb/v7e-m+fp/hard/libc.a(libc_a-freer.o)
 .debug_info    0x00020b85      0xcff /usr/lib/gcc/arm-none-eabi/14.2.0/../../../../arm-none-eabi/lib/thumb/v7e-m+fp/hard/libc.a(libc_a-mallocr.o)
 .debug_info    0x00021884      0x7a6 /usr/lib/gcc/arm-none-eabi/14.2.0/../../../../arm-none-eabi/lib/thumb/v7e-m+fp/hard/libc.a(libc_a-mlock.o)
 .debug_info    0x0002202a     0x1b2b /usr/lib/gcc/arm-none-eabi/14.2.0/../../../../arm-none-eabi/lib/thumb/v7e-m+fp/hard/libc.a(libc_a-svfprintf.o)
 .debug_info    0x00023b55      0x867 /usr/lib/gcc/arm-none-eabi/14.2.0/../../../../arm-none-eabi/lib/thumb/v7e-m+fp/hard/libc.a(libc_a-ssprint_r.o)
 .debug_info    0x000243bc      0x908 /usr/lib/gcc/arm-none-eabi/14.2.0/../../../../arm-none-eabi/lib/thumb/v7e-m+fp/hard/libc.a(libc_a-fclose.o)
 .debug_info    0x00024cc4      0xad4 /usr/lib/gcc/arm-none-eabi/14.2.0/../../../../arm-none-eabi/lib/thumb/v7e-m+fp/hard/libc.a(libc_a-fflush.o)
 .debug_info    0x00025798      0x14a /usr/lib/gcc/arm-none-eabi/14.2.0/../../../../arm-none-eabi/lib/thumb/v7e-m+fp/hard/libc.a(libc_a-strncpy.o)
 .debug_info    0x000258e2      0xa43 /usr/lib/gcc/arm-none-eabi/14.2.0/../../../../arm-none-eabi/lib/thumb/v7e-m+fp/hard/libc.a(libc_a-localeconv.o)
 .debug_info    0x00026325      0x7bd /usr/lib/gcc/arm-none-eabi/14.2.0/../../../../arm-none-eabi/lib/thumb/v7e-m+fp/hard/libc.a(libc_a-sbrkr.o)
 .debug_info    0x00026ae2       0xc1 /usr/lib/gcc/arm-none-eabi/14.2.0/../../../../arm-none-eabi/lib/thumb/v7e-m+fp/hard/libc.a(libc_a-sysconf.o)
 .debug_info    0x00026ba3       0x25 /usr/lib/gcc/arm-none-eabi/14.2.0/../../../../arm-none-eabi/lib/thumb/v7e-m+fp/hard/libc.a(libc_a-memchr.o)
 .debug_info    0x00026bc8       0x33 /usr/lib/gcc/arm-none-eabi/14.2.0/../../../../arm-none-eabi/lib/thumb/v7e-m+fp/hard/libc.a(libc_a-strlen.o)
 .debug_info    0x00026bfb      0x1e0 /usr/lib/gcc/arm-none-eabi/14.2.0/../../../../arm-none-eabi/lib/thumb/v7e-m+fp/hard/libc.a(libm_a-s_frexp.o)
 .debug_info    0x00026ddb     0x19e0 /usr/lib/gcc/arm-none-eabi/14.2.0/../../../../arm-none-eabi/lib/thumb/v7e-m+fp/hard/libc.a(libc_a-dtoa.o)
 .debug_info    0x000287bb     0x1e4d /usr/lib/gcc/arm-none-eabi/14.2.0/../../../../arm-none-eabi/lib/thumb/v7e-m+fp/hard/libc.a(libc_a-mprec.o)
 .debug_info    0x0002a608      0x8e9 /usr/lib/gcc/arm-none-eabi/14.2.0/../../../../arm-none-eabi/lib/thumb/v7e-m+fp/hard/libc.a(libc_a-ssputs_r.o)
 .debug_info    0x0002aef1      0x148 /usr/lib/gcc/arm-none-eabi/14.2.0/../../../../arm-none-eabi/lib/thumb/v7e-m+fp/hard/libc.a(libc_a-memmove.o)
 .debug_info    0x0002b039      0xbee /usr/lib/gcc/arm-none-eabi/14.2.0/../../../../arm-none-eabi/lib/thumb/v7e-m+fp/hard/libc.a(libc_a-locale.o)
 .debug_info    0x0002bc27       0x33 /usr/lib/gcc/arm-none-eabi/14.2.0/../../../../arm-none-eabi/lib/thumb/v7e-m+fp/hard/libc.a(libc_a-memcpy.o)
 .debug_info    0x0002bc5a      0x86a /usr/lib/gcc/arm-none-eabi/14.2.0/../../../../arm-none-eabi/lib/thumb/v7e-m+fp/hard/libc.a(libc_a-assert.o)
 .debug_info    0x0002c4c4      0x901 /usr/lib/gcc/arm-none-eabi/14.2.0/../../../../arm-none-eabi/lib/thumb/v7e-m+fp/hard/libc.a(libc_a-callocr.o)
 .debug_info    0x0002cdc5      0xae5 /usr/lib/gcc/arm-none-eabi/14.2.0/../../../../arm-none-eabi/lib/thumb/v7e-m+fp/hard/libc.a(libc_a-mbtowc_r.o)
 .debug_info    0x0002d8aa      0xbf1 /usr/lib/gcc/arm-none-eabi/14.2.0/../../../../arm-none-eabi/lib/thumb/v7e-m+fp/hard/libc.a(libc_a-reallocr.o)
 .debug_info    0x0002e49b      0xaa1 /usr/lib/gcc/arm-none-eabi/14.2.0/../../../../arm-none-eabi/lib/thumb/v7e-m+fp/hard/libc.a(libc_a-wctomb_r.o)
 .debug_info    0x0002ef3c       0xb9 /usr/lib/gcc/arm-none-eabi/14.2.0/../../../../arm-none-eabi/lib/thumb/v7e-m+fp/hard/libc.a(libc_a-ctype_.o)
 .debug_info    0x0002eff5      0x899 /usr/lib/gcc/arm-none-eabi/14.2.0/../../../../arm-none-eabi/lib/thumb/v7e-m+fp/hard/libc.a(libc_a-fiprintf.o)
 .debug_info    0x0002f88e     0x13ab /usr/lib/gcc/arm-none-eabi/14.2.0/../../../../arm-none-eabi/lib/thumb/v7e-m+fp/hard/libc.a(libc_a-vfiprintf.o)
 .debug_info    0x00030c39      0x826 /usr/lib/gcc/arm-none-eabi/14.2.0/../../../../arm-none-eabi/lib/thumb/v7e-m+fp/hard/libc.a(libc_a-sprint_r.o)
 .debug_info    0x0003145f      0xb69 /usr/lib/gcc/arm-none-eabi/14.2.0/../../../../arm-none-eabi/lib/thumb/v7e-m+fp/hard/libc.a(libc_a-fvwrite.o)
 .debug_info    0x00031fc8      0x7f6 /usr/lib/gcc/arm-none-eabi/14.2.0/../../../../arm-none-eabi/lib/thumb/v7e-m+fp/hard/libc.a(libc_a-wsetup.o)
 .debug_info    0x000327be       0xd8 /usr/lib/gcc/arm-none-eabi/14.2.0/../../../../arm-none-eabi/lib/thumb/v7e-m+fp/hard/libc.a(libc_a-abort.o)
 .debug_info    0x00032896      0xc2f /usr/lib/gcc/arm-none-eabi/14.2.0/../../../../arm-none-eabi/lib/thumb/v7e-m+fp/hard/libc.a(libc_a-makebuf.o)
 .debug_info    0x000334c5      0xc7e /usr/lib/gcc/arm-none-eabi/14.2.0/../../../../arm-none-eabi/lib/thumb/v7e-m+fp/hard/libc.a(libc_a-signal.o)
 .debug_info    0x00034143      0x9bc /usr/lib/gcc/arm-none-eabi/14.2.0/../../../../arm-none-eabi/lib/thumb/v7e-m+fp/hard/libc.a(libc_a-fstatr.o)
 .debug_info    0x00034aff      0x798 /usr/lib/gcc/arm-none-eabi/14.2.0/../../../../arm-none-eabi/lib/thumb/v7e-m+fp/hard/libc.a(libc_a-isattyr.o)
 .debug_info    0x00035297      0x825 /usr/lib/gcc/arm-none-eabi/14.2.0/../../../../arm-none-eabi/lib/thumb/v7e-m+fp/hard/libc.a(libc_a-signalr.o)
 .debug_info    0x00035abc       0xd3 /usr/lib/gcc/arm-none-eabi/14.2.0/thumb/v7e-m+fp/hard/libgcc.a(_arm_addsubdf3.o)
 .debug_info    0x00035b8f       0x57 /usr/lib/gcc/arm-none-eabi/14.2.0/thumb/v7e-m+fp/hard/libgcc.a(_arm_muldivdf3.o)
 .debug_info    0x00035be6       0xdf /usr/lib/gcc/arm-none-eabi/14.2.0/thumb/v7e-m+fp/hard/libgcc.a(_arm_cmpdf2.o)
 .debug_info    0x00035cc5       0x3c /usr/lib/gcc/arm-none-eabi/14.2.0/thumb/v7e-m+fp/hard/libgcc.a(_arm_unorddf2.o)
 .debug_info    0x00035d01       0x3c /usr/lib/gcc/arm-none-eabi/14.2.0/thumb/v7e-m+fp/hard/libgcc.a(_arm_fixdfsi.o)
 .debug_info    0x00035d3d       0x3f /usr/lib/gcc/arm-none-eabi/14.2.0/thumb/v7e-m+fp/hard/libgcc.a(_arm_truncdfsf2.o)
 .debug_info    0x00035d7c       0x24 /usr/lib/gcc/arm-none-eabi/14.2.0/thumb/v7e-m+fp/hard/libgcc.a(_aeabi_uldivmod.o)
 .debug_info    0x00035da0      0x703 /usr/lib/gcc/arm-none-eabi/14.2.0/thumb/v7e-m+fp/hard/libgcc.a(_udivmoddi4.o)
 .debug_info    0x000364a3       0x3c /usr/lib/gcc/arm-none-eabi/14.2.0/thumb/v7e-m+fp/hard/libgcc.a(_dvmd_tls.o)

.debug_abbrev   0x00000000     0x9d0f
 .debug_abbrev  0x00000000      0x260 output/adc.o
 .debug_abbrev  0x00000260      0x295 output/main.o
 .debug_abbrev  0x000004f5      0x1c1 output/uart.o
 .debug_abbrev  0x000006b6       0xde output/stm32g4xx_it.o
 .debug_abbrev  0x00000794      0x1e3 output/syscalls.o
 .debug_abbrev  0x00000977       0xeb output/sysmem.o
 .debug_abbrev  0x00000a62      0x11b output/system_stm32g4xx.o
 .debug_abbrev  0x00000b7d      0x345 output/stm32g4xx_hal_adc.o
 .debug_abbrev  0x00000ec2      0x3ca output/stm32g4xx_hal_adc_ex.o
 .debug_abbrev  0x0000128c      0x298 output/stm32g4xx_hal.o
 .debug_abbrev  0x00001524      0x3ca output/stm32g4xx_hal_cortex.o
 .debug_abbrev  0x000018ee      0x1d1 output/stm32g4xx_hal_exti.o
 .debug_abbrev  0x00001abf      0x222 output/stm32g4xx_hal_gpio.o
 .debug_abbrev  0x00001ce1       0xd6 output/stm32g4xx_hal_msp.o
 .debug_abbrev  0x00001db7      0x263 output/stm32g4xx_hal_pwr_ex.o
 .debug_abbrev  0x0000201a      0x2de output/stm32g4xx_hal_rcc.o
 .debug_abbrev  0x000022f8      0x290 output/stm32g4xx_hal_rcc_ex.o
 .debug_abbrev  0x00002588      0x35c output/stm32g4xx_hal_uart.o
 .debug_abbrev  0x000028e4      0x34a output/stm32g4xx_nucleo.o
 .debug_abbrev  0x00002c2e       0x1d output/startup_stm32g474xx.o
 .debug_abbrev  0x00002c4b       0xc1 /usr/lib/gcc/arm-none-eabi/14.2.0/../../../../arm-none-eabi/lib/thumb/v7e-m+fp/hard/libc.a(libc_a-atexit.o)
 .debug_abbrev  0x00002d0c      0x484 /usr/lib/gcc/arm-none-eabi/14.2.0/../../../../arm-none-eabi/lib/thumb/v7e-m+fp/hard/libc.a(libc_a-findfp.o)
 .debug_abbrev  0x00003190      0x1d9 /usr/lib/gcc/arm-none-eabi/14.2.0/../../../../arm-none-eabi/lib/thumb/v7e-m+fp/hard/libc.a(libc_a-fwalk.o)
 .debug_abbrev  0x00003369      0x258 /usr/lib/gcc/arm-none-eabi/14.2.0/../../../../arm-none-eabi/lib/thumb/v7e-m+fp/hard/libc.a(libc_a-sprintf.o)
 .debug_abbrev  0x000035c1      0x260 /usr/lib/gcc/arm-none-eabi/14.2.0/../../../../arm-none-eabi/lib/thumb/v7e-m+fp/hard/libc.a(libc_a-stdio.o)
 .debug_abbrev  0x00003821       0xb7 /usr/lib/gcc/arm-none-eabi/14.2.0/../../../../arm-none-eabi/lib/thumb/v7e-m+fp/hard/libc.a(libc_a-memset.o)
 .debug_abbrev  0x000038d8      0x1ec /usr/lib/gcc/arm-none-eabi/14.2.0/../../../../arm-none-eabi/lib/thumb/v7e-m+fp/hard/libc.a(libc_a-closer.o)
 .debug_abbrev  0x00003ac4      0x22a /usr/lib/gcc/arm-none-eabi/14.2.0/../../../../arm-none-eabi/lib/thumb/v7e-m+fp/hard/libc.a(libc_a-reent.o)
 .debug_abbrev  0x00003cee      0x185 /usr/lib/gcc/arm-none-eabi/14.2.0/../../../../arm-none-eabi/lib/thumb/v7e-m+fp/hard/libc.a(libc_a-impure.o)
 .debug_abbrev  0x00003e73      0x200 /usr/lib/gcc/arm-none-eabi/14.2.0/../../../../arm-none-eabi/lib/thumb/v7e-m+fp/hard/libc.a(libc_a-lseekr.o)
 .debug_abbrev  0x00004073      0x1ec /usr/lib/gcc/arm-none-eabi/14.2.0/../../../../arm-none-eabi/lib/thumb/v7e-m+fp/hard/libc.a(libc_a-readr.o)
 .debug_abbrev  0x0000425f      0x1f1 /usr/lib/gcc/arm-none-eabi/14.2.0/../../../../arm-none-eabi/lib/thumb/v7e-m+fp/hard/libc.a(libc_a-writer.o)
 .debug_abbrev  0x00004450      0x19a /usr/lib/gcc/arm-none-eabi/14.2.0/../../../../arm-none-eabi/lib/thumb/v7e-m+fp/hard/libc.a(libc_a-errno.o)
 .debug_abbrev  0x000045ea       0xc9 /usr/lib/gcc/arm-none-eabi/14.2.0/../../../../arm-none-eabi/lib/thumb/v7e-m+fp/hard/libc.a(libc_a-init.o)
 .debug_abbrev  0x000046b3       0xcc /usr/lib/gcc/arm-none-eabi/14.2.0/../../../../arm-none-eabi/lib/thumb/v7e-m+fp/hard/libc.a(libc_a-fini.o)
 .debug_abbrev  0x0000477f      0x115 /usr/lib/gcc/arm-none-eabi/14.2.0/../../../../arm-none-eabi/lib/thumb/v7e-m+fp/hard/libc.a(libc_a-lock.o)
 .debug_abbrev  0x00004894      0x189 /usr/lib/gcc/arm-none-eabi/14.2.0/../../../../arm-none-eabi/lib/thumb/v7e-m+fp/hard/libc.a(libc_a-__atexit.o)
 .debug_abbrev  0x00004a1d      0x20c /usr/lib/gcc/arm-none-eabi/14.2.0/../../../../arm-none-eabi/lib/thumb/v7e-m+fp/hard/libc.a(libc_a-__call_atexit.o)
 .debug_abbrev  0x00004c29      0x27f /usr/lib/gcc/arm-none-eabi/14.2.0/../../../../arm-none-eabi/lib/thumb/v7e-m+fp/hard/libc.a(libc_a-freer.o)
 .debug_abbrev  0x00004ea8      0x2d7 /usr/lib/gcc/arm-none-eabi/14.2.0/../../../../arm-none-eabi/lib/thumb/v7e-m+fp/hard/libc.a(libc_a-mallocr.o)
 .debug_abbrev  0x0000517f      0x1fb /usr/lib/gcc/arm-none-eabi/14.2.0/../../../../arm-none-eabi/lib/thumb/v7e-m+fp/hard/libc.a(libc_a-mlock.o)
 .debug_abbrev  0x0000537a      0x401 /usr/lib/gcc/arm-none-eabi/14.2.0/../../../../arm-none-eabi/lib/thumb/v7e-m+fp/hard/libc.a(libc_a-svfprintf.o)
 .debug_abbrev  0x0000577b      0x1e0 /usr/lib/gcc/arm-none-eabi/14.2.0/../../../../arm-none-eabi/lib/thumb/v7e-m+fp/hard/libc.a(libc_a-ssprint_r.o)
 .debug_abbrev  0x0000595b      0x2a2 /usr/lib/gcc/arm-none-eabi/14.2.0/../../../../arm-none-eabi/lib/thumb/v7e-m+fp/hard/libc.a(libc_a-fclose.o)
 .debug_abbrev  0x00005bfd      0x326 /usr/lib/gcc/arm-none-eabi/14.2.0/../../../../arm-none-eabi/lib/thumb/v7e-m+fp/hard/libc.a(libc_a-fflush.o)