Archive member included to satisfy reference by file (symbol)

/usr/lib/gcc/arm-none-eabi/14.2.0/../../../../arm-none-eabi/lib/thumb/v7e-m+fp/hard/libc.a(libc_a-atexit.o)
                              /usr/lib/gcc/arm-none-eabi/14.2.0/../../../../arm-none-eabi/lib/thumb/v7e-m+fp/hard/crt0.o (atexit)
/usr/lib/gcc/arm-none-eabi/14.2.0/../../../../arm-none-eabi/lib/thumb/v7e-m+fp/hard/libc.a(libc_a-exit.o)
                              /usr/lib/gcc/arm-none-eabi/14.2.0/../../../../arm-none-eabi/lib/thumb/v7e-m+fp/hard/crt0.o (exit)
/usr/lib/gcc/arm-none-eabi/14.2.0/../../../../arm-none-eabi/lib/thumb/v7e-m+fp/hard/libc.a(libc_a-findfp.o)
                              /usr/lib/gcc/arm-none-eabi/14.2.0/../../../../arm-none-eabi/lib/thumb/v7e-m+fp/hard/libc.a(libc_a-exit.o) (__stdio_exit_handler)
/usr/lib/gcc/arm-none-eabi/14.2.0/../../../../arm-none-eabi/lib/thumb/v7e-m+fp/hard/libc.a(libc_a-fwalk.o)
                              /usr/lib/gcc/arm-none-eabi/14.2.0/../../../../arm-none-eabi/lib/thumb/v7e-m+fp/hard/libc.a(libc_a-findfp.o) (_fwalk_sglue)
/usr/lib/gcc/arm-none-eabi/14.2.0/../../../../arm-none-eabi/lib/thumb/v7e-m+fp/hard/libc.a(libc_a-snprintf.o)
                              output/main.o (snprintf)
/usr/lib/gcc/arm-none-eabi/14.2.0/../../../../arm-none-eabi/lib/thumb/v7e-m+fp/hard/libc.a(libc_a-stdio.o)
                              /usr/lib/gcc/arm-none-eabi/14.2.0/../../../../arm-none-eabi/lib/thumb/v7e-m+fp/hard/libc.a(libc_a-findfp.o) (__sread)
/usr/lib/gcc/arm-none-eabi/14.2.0/../../../../arm-none-eabi/lib/thumb/v7e-m+fp/hard/libc.a(libc_a-memset.o)
                              /usr/lib/gcc/arm-none-eabi/14.2.0/../../../../arm-none-eabi/lib/thumb/v7e-m+fp/hard/crt0.o (memset)
/usr/lib/gcc/arm-none-eabi/14.2.0/../../../../arm-none-eabi/lib/thumb/v7e-m+fp/hard/libc.a(libc_a-closer.o)
                              /usr/lib/gcc/arm-none-eabi/14.2.0/../../../../arm-none-eabi/lib/thumb/v7e-m+fp/hard/libc.a(libc_a-stdio.o) (_close_r)
/usr/lib/gcc/arm-none-eabi/14.2.0/../../../../arm-none-eabi/lib/thumb/v7e-m+fp/hard/libc.a(libc_a-reent.o)
                              /usr/lib/gcc/arm-none-eabi/14.2.0/../../../../arm-none-eabi/lib/thumb/v7e-m+fp/hard/libc.a(libc_a-closer.o) (errno)
/usr/lib/gcc/arm-none-eabi/14.2.0/../../../../arm-none-eabi/lib/thumb/v7e-m+fp/hard/libc.a(libc_a-impure.o)
                              /usr/lib/gcc/arm-none-eabi/14.2.0/../../../../arm-none-eabi/lib/thumb/v7e-m+fp/hard/libc.a(libc_a-snprintf.o) (_impure_ptr)
/usr/lib/gcc/arm-none-eabi/14.2.0/../../../../arm-none-eabi/lib/thumb/v7e-m+fp/hard/libc.a(libc_a-lseekr.o)
                              /usr/lib/gcc/arm-none-eabi/14.2.0/../../../../arm-none-eabi/lib/thumb/v7e-m+fp/hard/libc.a(libc_a-stdio.o) (_lseek_r)
/usr/lib/gcc/arm-none-eabi/14.2.0/../../../../arm-none-eabi/lib/thumb/v7e-m+fp/hard/libc.a(libc_a-readr.o)
                              /usr/lib/gcc/arm-none-eabi/14.2.0/../../../../arm-none-eabi/lib/thumb/v7e-m+fp/hard/libc.a(libc_a-stdio.o) (_read_r)
/usr/lib/gcc/arm-none-eabi/14.2.0/../../../../arm-none-eabi/lib/thumb/v7e-m+fp/hard/libc.a(libc_a-writer.o)
                              /usr/lib/gcc/arm-none-eabi/14.2.0/../../../../arm-none-eabi/lib/thumb/v7e-m+fp/hard/libc.a(libc_a-stdio.o) (_write_r)
/usr/lib/gcc/arm-none-eabi/14.2.0/../../../../arm-none-eabi/lib/thumb/v7e-m+fp/hard/libc.a(libc_a-errno.o)
                              output/syscalls.o (__errno)
/usr/lib/gcc/arm-none-eabi/14.2.0/../../../../arm-none-eabi/lib/thumb/v7e-m+fp/hard/libc.a(libc_a-init.o)
                              /usr/lib/gcc/arm-none-eabi/14.2.0/../../../../arm-none-eabi/lib/thumb/v7e-m+fp/hard/crt0.o (__libc_init_array)
/usr/lib/gcc/arm-none-eabi/14.2.0/../../../../arm-none-eabi/lib/thumb/v7e-m+fp/hard/libc.a(libc_a-fini.o)
                              /usr/lib/gcc/arm-none-eabi/14.2.0/../../../../arm-none-eabi/lib/thumb/v7e-m+fp/hard/crt0.o (__libc_fini_array)
/usr/lib/gcc/arm-none-eabi/14.2.0/../../../../arm-none-eabi/lib/thumb/v7e-m+fp/hard/libc.a(libc_a-lock.o)
                              /usr/lib/gcc/arm-none-eabi/14.2.0/../../../../arm-none-eabi/lib/thumb/v7e-m+fp/hard/libc.a(libc_a-findfp.o) (__retarget_lock_init_recursive)
/usr/lib/gcc/arm-none-eabi/14.2.0/../../../../arm-none-eabi/lib/thumb/v7e-m+fp/hard/libc.a(libc_a-__atexit.o)
                              /usr/lib/gcc/arm-none-eabi/14.2.0/../../../../arm-none-eabi/lib/thumb/v7e-m+fp/hard/libc.a(libc_a-atexit.o) (__register_exitproc)
/usr/lib/gcc/arm-none-eabi/14.2.0/../../../../arm-none-eabi/lib/thumb/v7e-m+fp/hard/libc.a(libc_a-__call_atexit.o)
                              /usr/lib/gcc/arm-none-eabi/14.2.0/../../../../arm-none-eabi/lib/thumb/v7e-m+fp/hard/libc.a(libc_a-exit.o) (__call_exitprocs)
/usr/lib/gcc/arm-none-eabi/14.2.0/../../../../arm-none-eabi/lib/thumb/v7e-m+fp/hard/libc.a(libc_a-freer.o)
                              /usr/lib/gcc/arm-none-eabi/14.2.0/../../../../arm-none-eabi/lib/thumb/v7e-m+fp/hard/libc.a(libc_a-reent.o) (_free_r)
[...]
Memory Configuration

Name             Origin             Length             Attributes
RAM              0x20000000         0x00020000         xrw
FLASH            0x08000000         0x00080000         xr
*default*        0x00000000         0xffffffff

Linker script and memory map

LOAD /usr/lib/gcc/arm-none-eabi/14.2.0/thumb/v7e-m+fp/hard/crti.o
LOAD /usr/lib/gcc/arm-none-eabi/14.2.0/thumb/v7e-m+fp/hard/crtbegin.o
LOAD /usr/lib/gcc/arm-none-eabi/14.2.0/../../../../arm-none-eabi/lib/thumb/v7e-m+fp/hard/crt0.o
LOAD output/adc.o
LOAD output/can.o
LOAD output/drv8703.o
LOAD output/main.o
LOAD output/tim.o
LOAD output/tmp112.o
LOAD output/uart.o
LOAD output/stm32g4xx_it.o
LOAD output/syscalls.o
LOAD output/sysmem.o
LOAD output/system_stm32g4xx.o
LOAD output/stm32g4xx_hal_adc.o
LOAD output/stm32g4xx_hal_adc_ex.o
LOAD output/stm32g4xx_hal.o
LOAD output/stm32g4xx_hal_comp.o
LOAD output/stm32g4xx_hal_cordic.o
LOAD output/stm32g4xx_hal_cortex.o
LOAD output/stm32g4xx_hal_crc.o
LOAD output/stm32g4xx_hal_crc_ex.o
LOAD output/stm32g4xx_hal_cryp.o
LOAD output/stm32g4xx_hal_cryp_ex.o
LOAD output/stm32g4xx_hal_dac.o
LOAD output/stm32g4xx_hal_dac_ex.o
LOAD output/stm32g4xx_hal_dma.o
LOAD output/stm32g4xx_hal_dma_ex.o
LOAD output/stm32g4xx_hal_exti.o
LOAD output/stm32g4xx_hal_fdcan.o
LOAD output/stm32g4xx_hal_flash.o
LOAD output/stm32g4xx_hal_flash_ex.o
LOAD output/stm32g4xx_hal_flash_ramfunc.o
LOAD output/stm32g4xx_hal_fmac.o
LOAD output/stm32g4xx_hal_gpio.o
LOAD output/stm32g4xx_hal_hrtim.o
LOAD output/stm32g4xx_hal_i2c.o
LOAD output/stm32g4xx_hal_i2c_ex.o
LOAD output/stm32g4xx_hal_i2s.o
LOAD output/stm32g4xx_hal_irda.o
LOAD output/stm32g4xx_hal_iwdg.o
LOAD output/stm32g4xx_hal_lptim.o
LOAD output/stm32g4xx_hal_msp.o
LOAD output/stm32g4xx_hal_nand.o
LOAD output/stm32g4xx_hal_nor.o
LOAD output/stm32g4xx_hal_opamp.o
LOAD output/stm32g4xx_hal_opamp_ex.o
LOAD output/stm32g4xx_hal_pcd.o
LOAD output/stm32g4xx_hal_pcd_ex.o
LOAD output/stm32g4xx_hal_pwr.o
LOAD output/stm32g4xx_hal_pwr_ex.o
LOAD output/stm32g4xx_hal_qspi.o
LOAD output/stm32g4xx_hal_rcc.o
LOAD output/stm32g4xx_hal_rcc_ex.o
LOAD output/stm32g4xx_hal_rng.o
LOAD output/stm32g4xx_hal_rtc.o
LOAD output/stm32g4xx_hal_rtc_ex.o
LOAD output/stm32g4xx_hal_sai.o
LOAD output/stm32g4xx_hal_sai_ex.o
LOAD output/stm32g4xx_hal_smartcard.o
LOAD output/stm32g4xx_hal_smartcard_ex.o
LOAD output/stm32g4xx_hal_smbus.o
LOAD output/stm32g4xx_hal_smbus_ex.o
LOAD output/stm32g4xx_hal_spi.o
LOAD output/stm32g4xx_hal_spi_ex.o
LOAD output/stm32g4xx_hal_sram.o
LOAD output/stm32g4xx_hal_tim.o
LOAD output/stm32g4xx_hal_tim_ex.o
LOAD output/stm32g4xx_hal_uart.o
LOAD output/stm32g4xx_hal_uart_ex.o
LOAD output/stm32g4xx_hal_usart.o
LOAD output/stm32g4xx_hal_usart_ex.o
LOAD output/stm32g4xx_hal_wwdg.o
LOAD output/stm32g4xx_ll_adc.o
LOAD output/stm32g4xx_ll_comp.o
LOAD output/stm32g4xx_ll_cordic.o
LOAD output/stm32g4xx_ll_crc.o
LOAD output/stm32g4xx_ll_crs.o
LOAD output/stm32g4xx_ll_dac.o
LOAD output/stm32g4xx_ll_dma.o
LOAD output/stm32g4xx_ll_exti.o
LOAD output/stm32g4xx_ll_fmac.o
LOAD output/stm32g4xx_ll_fmc.o
LOAD output/stm32g4xx_ll_gpio.o
LOAD output/stm32g4xx_ll_hrtim.o
LOAD output/stm32g4xx_ll_i2c.o
LOAD output/stm32g4xx_ll_lptim.o
LOAD output/stm32g4xx_ll_lpuart.o
LOAD output/stm32g4xx_ll_opamp.o
LOAD output/stm32g4xx_ll_pwr.o
LOAD output/stm32g4xx_ll_rcc.o
LOAD output/stm32g4xx_ll_rng.o
LOAD output/stm32g4xx_ll_rtc.o
LOAD output/stm32g4xx_ll_spi.o
LOAD output/stm32g4xx_ll_tim.o
LOAD output/stm32g4xx_ll_ucpd.o
LOAD output/stm32g4xx_ll_usart.o
LOAD output/stm32g4xx_ll_usb.o
LOAD output/stm32g4xx_ll_utils.o
LOAD output/stm32g4xx_nucleo.o
LOAD output/startup_stm32g474xx.o
LOAD /usr/lib/gcc/arm-none-eabi/14.2.0/../../../../arm-none-eabi/lib/thumb/v7e-m+fp/hard/libc.a
LOAD /usr/lib/gcc/arm-none-eabi/14.2.0/../../../../arm-none-eabi/lib/thumb/v7e-m+fp/hard/libm.a
LOAD /usr/lib/gcc/arm-none-eabi/14.2.0/../../../../arm-none-eabi/lib/thumb/v7e-m+fp/hard/libnosys.a
START GROUP
LOAD /usr/lib/gcc/arm-none-eabi/14.2.0/thumb/v7e-m+fp/hard/libgcc.a
LOAD /usr/lib/gcc/arm-none-eabi/14.2.0/../../../../arm-none-eabi/lib/thumb/v7e-m+fp/hard/libc.a
END GROUP
START GROUP
LOAD /usr/lib/gcc/arm-none-eabi/14.2.0/thumb/v7e-m+fp/hard/libgcc.a
LOAD /usr/lib/gcc/arm-none-eabi/14.2.0/../../../../arm-none-eabi/lib/thumb/v7e-m+fp/hard/libc.a
LOAD /usr/lib/gcc/arm-none-eabi/14.2.0/../../../../arm-none-eabi/lib/thumb/v7e-m+fp/hard/libnosys.a
END GROUP
LOAD /usr/lib/gcc/arm-none-eabi/14.2.0/thumb/v7e-m+fp/hard/crtend.o
LOAD /usr/lib/gcc/arm-none-eabi/14.2.0/thumb/v7e-m+fp/hard/crtn.o
                0x20020000                        _estack = (ORIGIN (RAM) + LENGTH (RAM))
                0x00000200                        _Min_Heap_Size = 0x200
                0x00000400                        _Min_Stack_Size = 0x400

.isr_vector     0x08000000      0x1d8
                0x08000000                        . = ALIGN (0x4)
 *(.isr_vector)
 .isr_vector    0x08000000      0x1d8 output/startup_stm32g474xx.o
                0x08000000                g_pfnVectors
                0x080001d8                        . = ALIGN (0x4)

.text           0x08000200     0xaf20
                0x08000200                        . = ALIGN (0x4)
 *(.text)
 .text          0x08000200       0xa0 /usr/lib/gcc/arm-none-eabi/14.2.0/../../../../arm-none-eabi/lib/thumb/v7e-m+fp/hard/libc.a(libc_a-memchr.o)
                0x08000200                memchr
 *fill*         0x080002a0       0x20 
 .text          0x080002c0       0xd8 /usr/lib/gcc/arm-none-eabi/14.2.0/../../../../arm-none-eabi/lib/thumb/v7e-m+fp/hard/libc.a(libc_a-strlen.o)
                0x080002c0                strlen
 .text          0x08000398      0x134 /usr/lib/gcc/arm-none-eabi/14.2.0/../../../../arm-none-eabi/lib/thumb/v7e-m+fp/hard/libc.a(libc_a-memcpy.o)
                0x08000398                memcpy
 .text          0x080004cc      0x378 /usr/lib/gcc/arm-none-eabi/14.2.0/thumb/v7e-m+fp/hard/libgcc.a(_arm_addsubdf3.o)
                0x080004cc                __aeabi_drsub
                0x080004d4                __aeabi_dsub
                0x080004d4                __subdf3
                0x080004d8                __adddf3
                0x080004d8                __aeabi_dadd
                0x08000750                __aeabi_ui2d
                0x08000750                __floatunsidf
                0x08000770                __floatsidf
                0x08000770                __aeabi_i2d
                0x08000794                __extendsfdf2
                0x08000794                __aeabi_f2d
                0x080007d8                __aeabi_ul2d
                0x080007d8                __floatundidf
                0x080007e8                __floatdidf
                0x080007e8                __aeabi_l2d
 .text          0x08000844      0x424 /usr/lib/gcc/arm-none-eabi/14.2.0/thumb/v7e-m+fp/hard/libgcc.a(_arm_muldivdf3.o)
                0x08000844                __aeabi_dmul
                0x08000844                __muldf3
                0x08000a98                __aeabi_ddiv
                0x08000a98                __divdf3
 .text          0x08000c68      0x110 /usr/lib/gcc/arm-none-eabi/14.2.0/thumb/v7e-m+fp/hard/libgcc.a(_arm_cmpdf2.o)
                0x08000c68                __gtdf2
                0x08000c68                __gedf2
                0x08000c70                __ltdf2
                0x08000c70                __ledf2
                0x08000c78                __cmpdf2
                0x08000c78                __eqdf2
                0x08000c78                __nedf2
                0x08000cf4                __aeabi_cdrcmple
                0x08000d04                __aeabi_cdcmple
                0x08000d04                __aeabi_cdcmpeq
                0x08000d14                __aeabi_dcmpeq
                0x08000d28                __aeabi_dcmplt
                0x08000d3c                __aeabi_dcmple
                0x08000d50                __aeabi_dcmpge
                0x08000d64                __aeabi_dcmpgt
 .text          0x08000d78       0x2c /usr/lib/gcc/arm-none-eabi/14.2.0/thumb/v7e-m+fp/hard/libgcc.a(_arm_unorddf2.o)
                0x08000d78                __aeabi_dcmpun
                0x08000d78                __unorddf2
 .text          0x08000da4       0x50 /usr/lib/gcc/arm-none-eabi/14.2.0/thumb/v7e-m+fp/hard/libgcc.a(_arm_fixdfsi.o)
                0x08000da4                __fixdfsi
                0x08000da4                __aeabi_d2iz
 .text          0x08000df4       0x30 /usr/lib/gcc/arm-none-eabi/14.2.0/thumb/v7e-m+fp/hard/libgcc.a(_aeabi_uldivmod.o)
                0x08000df4                __aeabi_uldivmod
 .text          0x08000e24        0x4 /usr/lib/gcc/arm-none-eabi/14.2.0/thumb/v7e-m+fp/hard/libgcc.a(_dvmd_tls.o)
                0x08000e24                __aeabi_ldiv0
                0x08000e24                __aeabi_idiv0
 *(.text*)
 .text.__do_global_dtors_aux
                0x08000e28       0x24 /usr/lib/gcc/arm-none-eabi/14.2.0/thumb/v7e-m+fp/hard/crtbegin.o
 .text.frame_dummy
                0x08000e4c       0x1c /usr/lib/gcc/arm-none-eabi/14.2.0/thumb/v7e-m+fp/hard/crtbegin.o
 .text.ADC_calculateCurrent
                0x08000e68       0x50 output/adc.o
                0x08000e68                ADC_calculateCurrent
 .text.ADC_error
                0x08000eb8        0x2 output/adc.o
                0x08000eb8                ADC_error
 *fill*         0x08000eba        0x2 
 .text.ADC_init
                0x08000ebc       0x8c output/adc.o
                0x08000ebc                ADC_init
 .text.ADC_read
                0x08000f48       0x30 output/adc.o
                0x08000f48                ADC_read
 .text.HAL_ADC_MspInit
                0x08000f78       0x88 output/adc.o
                0x08000f78                HAL_ADC_MspInit
 .text.CAN_error
                0x08001000       0x18 output/can.o
                0x08001000                CAN_error
 .text.CAN_write
                0x08001018       0x36 output/can.o
                0x08001018                CAN_write
 *fill*         0x0800104e        0x2 
 .text.DRV_write
                0x08001050       0x60 output/drv8703.o
                0x08001050                DRV_write
 .text.DRV_read
                0x080010b0       0x6c output/drv8703.o
                0x080010b0                DRV_read
 .text.DRV_modify_set
                0x0800111c       0x30 output/drv8703.o
                0x0800111c                DRV_modify_set
 .text.MX_SPI_init
                0x0800114c       0x4c output/drv8703.o
                0x0800114c                MX_SPI_init
 .text.HAL_SPI_MspInit
                0x08001198       0x6c output/drv8703.o
                0x08001198                HAL_SPI_MspInit
 .text.MX_GPIO_init
                0x08001204       0x9c output/drv8703.o
                0x08001204                MX_GPIO_init
 .text.DRV_init
                0x080012a0       0x3a output/drv8703.o
                0x080012a0                DRV_init
 .text.systemclock_init
                0x080012da       0x6e output/main.o
                0x080012da                systemclock_init
 .text.main     0x08001348       0xe8 output/main.o
                0x08001348                main
 .text.TIM_init
                0x08001430       0x5c output/tim.o
                0x08001430                TIM_init
 .text.TIM2_IRQHandler
                0x0800148c       0x10 output/tim.o
                0x0800148c                TIM2_IRQHandler
 .text.HAL_TIM_PeriodElapsedCallback
                0x0800149c       0x18 output/tim.o
                0x0800149c                HAL_TIM_PeriodElapsedCallback
 .text.UART_init
                0x080014b4       0x7c output/uart.o
                0x080014b4                UART_init
 .text.NMI_Handler
                0x08001530        0x2 output/stm32g4xx_it.o
                0x08001530                NMI_Handler
 .text.HardFault_Handler
                0x08001532        0x2 output/stm32g4xx_it.o
                0x08001532                HardFault_Handler
 .text.MemManage_Handler
                0x08001534        0x2 output/stm32g4xx_it.o
                0x08001534                MemManage_Handler
 .text.BusFault_Handler
                0x08001536        0x2 output/stm32g4xx_it.o
                0x08001536                BusFault_Handler
 .text.UsageFault_Handler
                0x08001538        0x2 output/stm32g4xx_it.o
                0x08001538                UsageFault_Handler
 .text.SVC_Handler
                0x0800153a        0x2 output/stm32g4xx_it.o
                0x0800153a                SVC_Handler
 .text.DebugMon_Handler
                0x0800153c        0x2 output/stm32g4xx_it.o
                0x0800153c                DebugMon_Handler
 .text.PendSV_Handler
                0x0800153e        0x2 output/stm32g4xx_it.o
                0x0800153e                PendSV_Handler
 .text.SysTick_Handler
                0x08001540        0x8 output/stm32g4xx_it.o
                0x08001540                SysTick_Handler
 .text.EXTI15_10_IRQHandler
                0x08001548        0xa output/stm32g4xx_it.o
                0x08001548                EXTI15_10_IRQHandler
 .text._getpid  0x08001552        0x4 output/syscalls.o
                0x08001552                _getpid
 .text._kill    0x08001556       0x10 output/syscalls.o
                0x08001556                _kill
 .text._exit    0x08001566        0xc output/syscalls.o
                0x08001566                _exit
 .text._read    0x08001572       0x20 output/syscalls.o
                0x08001572                _read
 .text._write   0x08001592       0x1c output/syscalls.o
                0x08001592                _write
 .text._close   0x080015ae        0x6 output/syscalls.o
                0x080015ae                _close
 .text._fstat   0x080015b4        0xa output/syscalls.o
                0x080015b4                _fstat
 .text._isatty  0x080015be        0x4 output/syscalls.o
                0x080015be                _isatty
 .text._lseek   0x080015c2        0x4 output/syscalls.o
                0x080015c2                _lseek
 *fill*         0x080015c6        0x2 
 .text._sbrk    0x080015c8       0x48 output/sysmem.o
                0x080015c8                _sbrk
 .text.SystemInit
                0x08001610       0x14 output/system_stm32g4xx.o
                0x08001610                SystemInit
 .text.LL_ADC_REG_SetSequencerRanks
                0x08001624       0x30 output/stm32g4xx_hal_adc.o
 .text.LL_ADC_SetChannelSamplingTime
                0x08001654       0x2c output/stm32g4xx_hal_adc.o
 .text.HAL_ADC_Init
                0x08001680      0x288 output/stm32g4xx_hal_adc.o
                0x08001680                HAL_ADC_Init
 .text.HAL_ADC_PollForConversion
                0x08001908      0x158 output/stm32g4xx_hal_adc.o
                0x08001908                HAL_ADC_PollForConversion
 .text.HAL_ADC_GetValue
                0x08001a60        0x6 output/stm32g4xx_hal_adc.o
                0x08001a60                HAL_ADC_GetValue
 *fill*         0x08001a66        0x2 
 .text.HAL_ADC_ConfigChannel
                0x08001a68      0x4b4 output/stm32g4xx_hal_adc.o
                0x08001a68                HAL_ADC_ConfigChannel
 .text.ADC_ConversionStop
                0x08001f1c      0x104 output/stm32g4xx_hal_adc.o
                0x08001f1c                ADC_ConversionStop
 .text.ADC_Enable
                0x08002020       0xf8 output/stm32g4xx_hal_adc.o
                0x08002020                ADC_Enable
 .text.HAL_ADC_Start
                0x08002118      0x134 output/stm32g4xx_hal_adc.o
                0x08002118                HAL_ADC_Start
 .text.ADC_Disable
                0x0800224c       0x94 output/stm32g4xx_hal_adc.o
                0x0800224c                ADC_Disable
 .text.HAL_ADC_Stop
                0x080022e0       0x42 output/stm32g4xx_hal_adc.o
                0x080022e0                HAL_ADC_Stop
 *fill*         0x08002322        0x2 
 .text.HAL_ADCEx_MultiModeConfigChannel
                0x08002324      0x1c8 output/stm32g4xx_hal_adc_ex.o
                0x08002324                HAL_ADCEx_MultiModeConfigChannel
 .text.HAL_InitTick
                0x080024ec       0x50 output/stm32g4xx_hal.o
                0x080024ec                HAL_InitTick
 .text.HAL_Init
                0x0800253c       0x1e output/stm32g4xx_hal.o
                0x0800253c                HAL_Init
 *fill*         0x0800255a        0x2 
 .text.HAL_IncTick
                0x0800255c       0x18 output/stm32g4xx_hal.o
                0x0800255c                HAL_IncTick
 .text.HAL_GetTick
                0x08002574        0xc output/stm32g4xx_hal.o
                0x08002574                HAL_GetTick
 .text.__NVIC_EnableIRQ
                0x08002580       0x1c output/stm32g4xx_hal_cortex.o
 .text.__NVIC_SetPriority
                0x0800259c       0x28 output/stm32g4xx_hal_cortex.o
 .text.NVIC_EncodePriority
                0x080025c4       0x3e output/stm32g4xx_hal_cortex.o
 *fill*         0x08002602        0x2 
 .text.HAL_NVIC_SetPriorityGrouping
                0x08002604       0x24 output/stm32g4xx_hal_cortex.o
                0x08002604                HAL_NVIC_SetPriorityGrouping
 .text.HAL_NVIC_SetPriority
                0x08002628       0x20 output/stm32g4xx_hal_cortex.o
                0x08002628                HAL_NVIC_SetPriority
 .text.HAL_NVIC_EnableIRQ
                0x08002648        0x8 output/stm32g4xx_hal_cortex.o
                0x08002648                HAL_NVIC_EnableIRQ
 .text.HAL_SYSTICK_Config
                0x08002650       0x28 output/stm32g4xx_hal_cortex.o
                0x08002650                HAL_SYSTICK_Config
 .text.HAL_EXTI_IRQHandler
                0x08002678       0x28 output/stm32g4xx_hal_exti.o
                0x08002678                HAL_EXTI_IRQHandler
 .text.FDCAN_CopyMessageToRAM
                0x080026a0       0x88 output/stm32g4xx_hal_fdcan.o
 .text.HAL_FDCAN_AddMessageToTxFifoQ
                0x08002728       0x50 output/stm32g4xx_hal_fdcan.o
                0x08002728                HAL_FDCAN_AddMessageToTxFifoQ
 .text.HAL_GPIO_Init
                0x08002778      0x1e0 output/stm32g4xx_hal_gpio.o
                0x08002778                HAL_GPIO_Init
 .text.HAL_GPIO_WritePin
                0x08002958        0xa output/stm32g4xx_hal_gpio.o
                0x08002958                HAL_GPIO_WritePin
 *fill*         0x08002962        0x2 
 .text.HAL_MspInit
                0x08002964       0x38 output/stm32g4xx_hal_msp.o
                0x08002964                HAL_MspInit
 .text.HAL_PWREx_DisableUCPDDeadBattery
                0x0800299c       0x10 output/stm32g4xx_hal_pwr_ex.o
                0x0800299c                HAL_PWREx_DisableUCPDDeadBattery
 .text.RCC_GetSysClockFreqFromPLLSource
                0x080029ac       0x58 output/stm32g4xx_hal_rcc.o
 .text.HAL_RCC_OscConfig
                0x08002a04      0x4e4 output/stm32g4xx_hal_rcc.o
                0x08002a04                HAL_RCC_OscConfig
 .text.HAL_RCC_GetSysClockFreq
                0x08002ee8       0x88 output/stm32g4xx_hal_rcc.o
                0x08002ee8                HAL_RCC_GetSysClockFreq
 .text.HAL_RCC_ClockConfig
                0x08002f70      0x1f8 output/stm32g4xx_hal_rcc.o
                0x08002f70                HAL_RCC_ClockConfig
 .text.HAL_RCC_GetHCLKFreq
                0x08003168        0xc output/stm32g4xx_hal_rcc.o
                0x08003168                HAL_RCC_GetHCLKFreq
 .text.HAL_RCC_GetPCLK1Freq
                0x08003174       0x24 output/stm32g4xx_hal_rcc.o
                0x08003174                HAL_RCC_GetPCLK1Freq
 .text.HAL_RCC_GetPCLK2Freq
                0x08003198       0x24 output/stm32g4xx_hal_rcc.o
                0x08003198                HAL_RCC_GetPCLK2Freq
 .text.HAL_RCCEx_PeriphCLKConfig
                0x080031bc      0x378 output/stm32g4xx_hal_rcc_ex.o
                0x080031bc                HAL_RCCEx_PeriphCLKConfig
 .text.SPI_WaitFlagStateUntilTimeout
                0x08003534       0xc8 output/stm32g4xx_hal_spi.o
 .text.SPI_WaitFifoStateUntilTimeout
                0x080035fc       0xf0 output/stm32g4xx_hal_spi.o
 .text.SPI_EndRxTxTransaction
                0x080036ec       0x62 output/stm32g4xx_hal_spi.o
 .text.HAL_SPI_Init
                0x0800374e       0xe8 output/stm32g4xx_hal_spi.o
                0x0800374e                HAL_SPI_Init
 .text.HAL_SPI_TransmitReceive
                0x08003836      0x2fc output/stm32g4xx_hal_spi.o
                0x08003836                HAL_SPI_TransmitReceive
 .text.HAL_TIM_Base_MspInit
                0x08003b32        0x2 output/stm32g4xx_hal_tim.o
                0x08003b32                HAL_TIM_Base_MspInit
 .text.HAL_TIM_Base_Start_IT
                0x08003b34       0x94 output/stm32g4xx_hal_tim.o
                0x08003b34                HAL_TIM_Base_Start_IT
 .text.HAL_TIM_OC_DelayElapsedCallback
                0x08003bc8        0x2 output/stm32g4xx_hal_tim.o
                0x08003bc8                HAL_TIM_OC_DelayElapsedCallback
 .text.HAL_TIM_IC_CaptureCallback
                0x08003bca        0x2 output/stm32g4xx_hal_tim.o
                0x08003bca                HAL_TIM_IC_CaptureCallback
 .text.HAL_TIM_PWM_PulseFinishedCallback
                0x08003bcc        0x2 output/stm32g4xx_hal_tim.o
                0x08003bcc                HAL_TIM_PWM_PulseFinishedCallback
 .text.HAL_TIM_TriggerCallback
                0x08003bce        0x2 output/stm32g4xx_hal_tim.o
                0x08003bce                HAL_TIM_TriggerCallback
 .text.HAL_TIM_IRQHandler
                0x08003bd0      0x1ea output/stm32g4xx_hal_tim.o
                0x08003bd0                HAL_TIM_IRQHandler
 *fill*         0x08003dba        0x2 
 .text.TIM_Base_SetConfig
                0x08003dbc       0xe8 output/stm32g4xx_hal_tim.o
                0x08003dbc                TIM_Base_SetConfig
 .text.HAL_TIM_Base_Init
                0x08003ea4       0x60 output/stm32g4xx_hal_tim.o
                0x08003ea4                HAL_TIM_Base_Init
 .text.HAL_TIMEx_CommutCallback
                0x08003f04        0x2 output/stm32g4xx_hal_tim_ex.o
                0x08003f04                HAL_TIMEx_CommutCallback
 .text.HAL_TIMEx_BreakCallback
                0x08003f06        0x2 output/stm32g4xx_hal_tim_ex.o
                0x08003f06                HAL_TIMEx_BreakCallback
 .text.HAL_TIMEx_Break2Callback
                0x08003f08        0x2 output/stm32g4xx_hal_tim_ex.o
                0x08003f08                HAL_TIMEx_Break2Callback
 .text.HAL_TIMEx_EncoderIndexCallback
                0x08003f0a        0x2 output/stm32g4xx_hal_tim_ex.o
                0x08003f0a                HAL_TIMEx_EncoderIndexCallback
 .text.HAL_TIMEx_DirectionChangeCallback
                0x08003f0c        0x2 output/stm32g4xx_hal_tim_ex.o
                0x08003f0c                HAL_TIMEx_DirectionChangeCallback
 .text.HAL_TIMEx_IndexErrorCallback
                0x08003f0e        0x2 output/stm32g4xx_hal_tim_ex.o
                0x08003f0e                HAL_TIMEx_IndexErrorCallback
 .text.HAL_TIMEx_TransitionErrorCallback
                0x08003f10        0x2 output/stm32g4xx_hal_tim_ex.o
                0x08003f10                HAL_TIMEx_TransitionErrorCallback
 .text.UART_EndRxTransfer
                0x08003f12       0x56 output/stm32g4xx_hal_uart.o
 .text.HAL_UART_MspInit
                0x08003f68        0x2 output/stm32g4xx_hal_uart.o
                0x08003f68                HAL_UART_MspInit
 *fill*         0x08003f6a        0x2 
 .text.UART_SetConfig
                0x08003f6c      0x380 output/stm32g4xx_hal_uart.o
                0x08003f6c                UART_SetConfig
 .text.UART_AdvFeatureConfig
                0x080042ec       0xca output/stm32g4xx_hal_uart.o
                0x080042ec                UART_AdvFeatureConfig
 .text.UART_WaitOnFlagUntilTimeout
                0x080043b6       0x9e output/stm32g4xx_hal_uart.o
                0x080043b6                UART_WaitOnFlagUntilTimeout
 .text.HAL_UART_Transmit
                0x08004454       0xd2 output/stm32g4xx_hal_uart.o
                0x08004454                HAL_UART_Transmit
 .text.UART_CheckIdleState
                0x08004526       0xca output/stm32g4xx_hal_uart.o
                0x08004526                UART_CheckIdleState
 .text.HAL_UART_Init
                0x080045f0       0x66 output/stm32g4xx_hal_uart.o
                0x080045f0                HAL_UART_Init
 *fill*         0x08004656        0x2 
 .text.BSP_PB_IRQHandler
                0x08004658       0x14 output/stm32g4xx_nucleo.o
                0x08004658                BSP_PB_IRQHandler
 .text.__io_putchar
                0x0800466c       0x30 output/stm32g4xx_nucleo.o
                0x0800466c                __io_putchar
 .text.Reset_Handler
                0x0800469c       0x50 output/startup_stm32g474xx.o
                0x0800469c                Reset_Handler
 .text.Default_Handler
                0x080046ec        0x2 output/startup_stm32g474xx.o
                0x080046ec                RTC_Alarm_IRQHandler
                0x080046ec                EXTI2_IRQHandler
                0x080046ec                TIM8_TRG_COM_IRQHandler
                0x080046ec                TIM8_CC_IRQHandler
                0x080046ec                HRTIM1_Master_IRQHandler
                0x080046ec                SPI4_IRQHandler
                0x080046ec                FDCAN3_IT0_IRQHandler
                0x080046ec                TIM1_CC_IRQHandler
                0x080046ec                HRTIM1_FLT_IRQHandler
                0x080046ec                HRTIM1_TIMF_IRQHandler
                0x080046ec                USB_HP_IRQHandler
                0x080046ec                CORDIC_IRQHandler
                0x080046ec                HRTIM1_TIMD_IRQHandler
                0x080046ec                DMA2_Channel8_IRQHandler
                0x080046ec                EXTI3_IRQHandler
                0x080046ec                I2C3_ER_IRQHandler
                0x080046ec                EXTI0_IRQHandler
                0x080046ec                I2C2_EV_IRQHandler
                0x080046ec                FPU_IRQHandler
                0x080046ec                FDCAN1_IT1_IRQHandler
                0x080046ec                TIM1_UP_TIM16_IRQHandler
                0x080046ec                ADC1_2_IRQHandler
                0x080046ec                HRTIM1_TIME_IRQHandler
                0x080046ec                SPI1_IRQHandler
                0x080046ec                TIM6_DAC_IRQHandler
                0x080046ec                HRTIM1_TIMC_IRQHandler
                0x080046ec                TIM8_UP_IRQHandler
                0x080046ec                DMA2_Channel2_IRQHandler
                0x080046ec                DMA1_Channel4_IRQHandler
                0x080046ec                TIM20_TRG_COM_IRQHandler
                0x080046ec                USART3_IRQHandler
                0x080046ec                DMA1_Channel7_IRQHandler
                0x080046ec                UART5_IRQHandler
                0x080046ec                ADC3_IRQHandler
                0x080046ec                TIM4_IRQHandler
                0x080046ec                DMA2_Channel1_IRQHandler
                0x080046ec                QUADSPI_IRQHandler
                0x080046ec                I2C1_EV_IRQHandler
                0x080046ec                DMA1_Channel6_IRQHandler
                0x080046ec                UART4_IRQHandler
                0x080046ec                DMA2_Channel4_IRQHandler
                0x080046ec                TIM3_IRQHandler
                0x080046ec                RCC_IRQHandler
                0x080046ec                TIM20_UP_IRQHandler
                0x080046ec                DMA1_Channel1_IRQHandler
                0x080046ec                Default_Handler
                0x080046ec                DMA2_Channel7_IRQHandler
                0x080046ec                RTC_TAMP_LSECSS_IRQHandler
                0x080046ec                FMAC_IRQHandler
                0x080046ec                DMA1_Channel8_IRQHandler
                0x080046ec                HRTIM1_TIMA_IRQHandler
                0x080046ec                TIM7_DAC_IRQHandler
                0x080046ec                FDCAN3_IT1_IRQHandler
                0x080046ec                TIM5_IRQHandler
                0x080046ec                UCPD1_IRQHandler
                0x080046ec                I2C3_EV_IRQHandler
                0x080046ec                EXTI9_5_IRQHandler
                0x080046ec                RTC_WKUP_IRQHandler
                0x080046ec                PVD_PVM_IRQHandler
                0x080046ec                SPI2_IRQHandler
                0x080046ec                ADC5_IRQHandler
                0x080046ec                DMA2_Channel5_IRQHandler
                0x080046ec                CRS_IRQHandler
                0x080046ec                DMA1_Channel5_IRQHandler
                0x080046ec                USB_LP_IRQHandler
                0x080046ec                EXTI4_IRQHandler
                0x080046ec                RNG_IRQHandler
                0x080046ec                HRTIM1_TIMB_IRQHandler
                0x080046ec                TIM1_TRG_COM_TIM17_IRQHandler
                0x080046ec                FDCAN2_IT1_IRQHandler
                0x080046ec                DMA1_Channel3_IRQHandler
                0x080046ec                ADC4_IRQHandler
                0x080046ec                WWDG_IRQHandler
                0x080046ec                I2C4_EV_IRQHandler
                0x080046ec                FDCAN2_IT0_IRQHandler
                0x080046ec                LPUART1_IRQHandler
                0x080046ec                DMA2_Channel6_IRQHandler
                0x080046ec                FDCAN1_IT0_IRQHandler
                0x080046ec                COMP7_IRQHandler
                0x080046ec                COMP1_2_3_IRQHandler
                0x080046ec                EXTI1_IRQHandler
                0x080046ec                USART2_IRQHandler
                0x080046ec                COMP4_5_6_IRQHandler
                0x080046ec                TIM20_BRK_IRQHandler
                0x080046ec                I2C2_ER_IRQHandler
                0x080046ec                DMA1_Channel2_IRQHandler
                0x080046ec                TIM8_BRK_IRQHandler
                0x080046ec                FLASH_IRQHandler
                0x080046ec                TIM20_CC_IRQHandler
                0x080046ec                USART1_IRQHandler
                0x080046ec                SPI3_IRQHandler
                0x080046ec                I2C1_ER_IRQHandler
                0x080046ec                FMC_IRQHandler
                0x080046ec                LPTIM1_IRQHandler
                0x080046ec                DMAMUX_OVR_IRQHandler
                0x080046ec                I2C4_ER_IRQHandler
                0x080046ec                USBWakeUp_IRQHandler
                0x080046ec                SAI1_IRQHandler
                0x080046ec                DMA2_Channel3_IRQHandler
                0x080046ec                TIM1_BRK_TIM15_IRQHandler
 *fill*         0x080046ee        0x2 
 .text.atexit   0x080046f0        0xc /usr/lib/gcc/arm-none-eabi/14.2.0/../../../../arm-none-eabi/lib/thumb/v7e-m+fp/hard/libc.a(libc_a-atexit.o)
                0x080046f0                atexit
 .text.stdio_exit_handler
                0x080046fc       0x18 /usr/lib/gcc/arm-none-eabi/14.2.0/../../../../arm-none-eabi/lib/thumb/v7e-m+fp/hard/libc.a(libc_a-findfp.o)
 .text.cleanup_stdio
                0x08004714       0x40 /usr/lib/gcc/arm-none-eabi/14.2.0/../../../../arm-none-eabi/lib/thumb/v7e-m+fp/hard/libc.a(libc_a-findfp.o)
 .text.global_stdio_init.part.0
                0x08004754       0xf0 /usr/lib/gcc/arm-none-eabi/14.2.0/../../../../arm-none-eabi/lib/thumb/v7e-m+fp/hard/libc.a(libc_a-findfp.o)
 .text.__sinit  0x08004844       0x3c /usr/lib/gcc/arm-none-eabi/14.2.0/../../../../arm-none-eabi/lib/thumb/v7e-m+fp/hard/libc.a(libc_a-findfp.o)
                0x08004844                __sinit
 .text.__sfp_lock_acquire
                0x08004880        0xc /usr/lib/gcc/arm-none-eabi/14.2.0/../../../../arm-none-eabi/lib/thumb/v7e-m+fp/hard/libc.a(libc_a-findfp.o)
                0x08004880                __sfp_lock_acquire
 .text.__sfp_lock_release
                0x0800488c        0xc /usr/lib/gcc/arm-none-eabi/14.2.0/../../../../arm-none-eabi/lib/thumb/v7e-m+fp/hard/libc.a(libc_a-findfp.o)
                0x0800488c                __sfp_lock_release
 .text._fwalk_sglue
                0x08004898       0x44 /usr/lib/gcc/arm-none-eabi/14.2.0/../../../../arm-none-eabi/lib/thumb/v7e-m+fp/hard/libc.a(libc_a-fwalk.o)
                0x08004898                _fwalk_sglue
 .text.snprintf
                0x080048dc       0x90 /usr/lib/gcc/arm-none-eabi/14.2.0/../../../../arm-none-eabi/lib/thumb/v7e-m+fp/hard/libc.a(libc_a-snprintf.o)
                0x080048dc                snprintf
 .text.__sread  0x0800496c       0x24 /usr/lib/gcc/arm-none-eabi/14.2.0/../../../../arm-none-eabi/lib/thumb/v7e-m+fp/hard/libc.a(libc_a-stdio.o)
                0x0800496c                __sread
 .text.__swrite
                0x08004990       0x40 /usr/lib/gcc/arm-none-eabi/14.2.0/../../../../arm-none-eabi/lib/thumb/v7e-m+fp/hard/libc.a(libc_a-stdio.o)
                0x08004990                __swrite
 .text.__sseek  0x080049d0       0x24 /usr/lib/gcc/arm-none-eabi/14.2.0/../../../../arm-none-eabi/lib/thumb/v7e-m+fp/hard/libc.a(libc_a-stdio.o)
                0x080049d0                __sseek
 .text.__sclose
                0x080049f4        0x8 /usr/lib/gcc/arm-none-eabi/14.2.0/../../../../arm-none-eabi/lib/thumb/v7e-m+fp/hard/libc.a(libc_a-stdio.o)
                0x080049f4                __sclose
 .text.memset   0x080049fc       0x9c /usr/lib/gcc/arm-none-eabi/14.2.0/../../../../arm-none-eabi/lib/thumb/v7e-m+fp/hard/libc.a(libc_a-memset.o)
                0x080049fc                memset
 .text._close_r
                0x08004a98       0x24 /usr/lib/gcc/arm-none-eabi/14.2.0/../../../../arm-none-eabi/lib/thumb/v7e-m+fp/hard/libc.a(libc_a-closer.o)
                0x08004a98                _close_r
 .text._lseek_r
                0x08004abc       0x2c /usr/lib/gcc/arm-none-eabi/14.2.0/../../../../arm-none-eabi/lib/thumb/v7e-m+fp/hard/libc.a(libc_a-lseekr.o)
                0x08004abc                _lseek_r
 .text._read_r  0x08004ae8       0x2c /usr/lib/gcc/arm-none-eabi/14.2.0/../../../../arm-none-eabi/lib/thumb/v7e-m+fp/hard/libc.a(libc_a-readr.o)
                0x08004ae8                _read_r
 .text._write_r
                0x08004b14       0x2c /usr/lib/gcc/arm-none-eabi/14.2.0/../../../../arm-none-eabi/lib/thumb/v7e-m+fp/hard/libc.a(libc_a-writer.o)
                0x08004b14                _write_r
 .text.__errno  0x08004b40        0xc /usr/lib/gcc/arm-none-eabi/14.2.0/../../../../arm-none-eabi/lib/thumb/v7e-m+fp/hard/libc.a(libc_a-errno.o)
                0x08004b40                __errno
 .text.__libc_init_array
                0x08004b4c       0x50 /usr/lib/gcc/arm-none-eabi/14.2.0/../../../../arm-none-eabi/lib/thumb/v7e-m+fp/hard/libc.a(libc_a-init.o)
                0x08004b4c                __libc_init_array
 .text.__libc_fini_array
                0x08004b9c       0x28 /usr/lib/gcc/arm-none-eabi/14.2.0/../../../../arm-none-eabi/lib/thumb/v7e-m+fp/hard/libc.a(libc_a-fini.o)
                0x08004b9c                __libc_fini_array
 .text.__retarget_lock_init_recursive
                0x08004bc4        0x4 /usr/lib/gcc/arm-none-eabi/14.2.0/../../../../arm-none-eabi/lib/thumb/v7e-m+fp/hard/libc.a(libc_a-lock.o)
                0x08004bc4                __retarget_lock_init_recursive
 .text.__retarget_lock_close_recursive
                0x08004bc8        0x4 /usr/lib/gcc/arm-none-eabi/14.2.0/../../../../arm-none-eabi/lib/thumb/v7e-m+fp/hard/libc.a(libc_a-lock.o)
                0x08004bc8                __retarget_lock_close_recursive
 .text.__retarget_lock_acquire_recursive
                0x08004bcc        0x4 /usr/lib/gcc/arm-none-eabi/14.2.0/../../../../arm-none-eabi/lib/thumb/v7e-m+fp/hard/libc.a(libc_a-lock.o)
                0x08004bcc                __retarget_lock_acquire_recursive
 .text.__retarget_lock_release_recursive
                0x08004bd0        0x4 /usr/lib/gcc/arm-none-eabi/14.2.0/../../../../arm-none-eabi/lib/thumb/v7e-m+fp/hard/libc.a(libc_a-lock.o)
                0x08004bd0                __retarget_lock_release_recursive
 .text.__register_exitproc
                0x08004bd4       0x80 /usr/lib/gcc/arm-none-eabi/14.2.0/../../../../arm-none-eabi/lib/thumb/v7e-m+fp/hard/libc.a(libc_a-__atexit.o)
                0x08004bd4                __register_exitproc
 .text.startup.register_fini
                0x08004c54       0x14 /usr/lib/gcc/arm-none-eabi/14.2.0/../../../../arm-none-eabi/lib/thumb/v7e-m+fp/hard/libc.a(libc_a-__call_atexit.o)
 .text._malloc_trim_r
                0x08004c68       0xb8 /usr/lib/gcc/arm-none-eabi/14.2.0/../../../../arm-none-eabi/lib/thumb/v7e-m+fp/hard/libc.a(libc_a-freer.o)
                0x08004c68                _malloc_trim_r
 .text._free_r  0x08004d20      0x1f0 /usr/lib/gcc/arm-none-eabi/14.2.0/../../../../arm-none-eabi/lib/thumb/v7e-m+fp/hard/libc.a(libc_a-freer.o)
                0x08004d20                _free_r
 .text._malloc_r
                0x08004f10      0x598 /usr/lib/gcc/arm-none-eabi/14.2.0/../../../../arm-none-eabi/lib/thumb/v7e-m+fp/hard/libc.a(libc_a-mallocr.o)
                0x08004f10                _malloc_r
 .text.__malloc_lock
                0x080054a8        0xc /usr/lib/gcc/arm-none-eabi/14.2.0/../../../../arm-none-eabi/lib/thumb/v7e-m+fp/hard/libc.a(libc_a-mlock.o)
                0x080054a8                __malloc_lock
 .text.__malloc_unlock
                0x080054b4        0xc /usr/lib/gcc/arm-none-eabi/14.2.0/../../../../arm-none-eabi/lib/thumb/v7e-m+fp/hard/libc.a(libc_a-mlock.o)
                0x080054b4                __malloc_unlock
 .text._svfprintf_r
                0x080054c0     0x2074 /usr/lib/gcc/arm-none-eabi/14.2.0/../../../../arm-none-eabi/lib/thumb/v7e-m+fp/hard/libc.a(libc_a-svfprintf.o)
                0x080054c0                _svfprintf_r
 .text.__ssprint_r
                0x08007534       0x58 /usr/lib/gcc/arm-none-eabi/14.2.0/../../../../arm-none-eabi/lib/thumb/v7e-m+fp/hard/libc.a(libc_a-ssprint_r.o)
                0x08007534                __ssprint_r
 .text._fclose_r
                0x0800758c       0xc0 /usr/lib/gcc/arm-none-eabi/14.2.0/../../../../arm-none-eabi/lib/thumb/v7e-m+fp/hard/libc.a(libc_a-fclose.o)
                0x0800758c                _fclose_r
 .text.__sflush_r
                0x0800764c      0x134 /usr/lib/gcc/arm-none-eabi/14.2.0/../../../../arm-none-eabi/lib/thumb/v7e-m+fp/hard/libc.a(libc_a-fflush.o)
                0x0800764c                __sflush_r
 .text._fflush_r
                0x08007780       0x54 /usr/lib/gcc/arm-none-eabi/14.2.0/../../../../arm-none-eabi/lib/thumb/v7e-m+fp/hard/libc.a(libc_a-fflush.o)
                0x08007780                _fflush_r
 .text.strncpy  0x080077d4       0x68 /usr/lib/gcc/arm-none-eabi/14.2.0/../../../../arm-none-eabi/lib/thumb/v7e-m+fp/hard/libc.a(libc_a-strncpy.o)
                0x080077d4                strncpy
 .text._localeconv_r
                0x0800783c        0x8 /usr/lib/gcc/arm-none-eabi/14.2.0/../../../../arm-none-eabi/lib/thumb/v7e-m+fp/hard/libc.a(libc_a-localeconv.o)
                0x0800783c                _localeconv_r
 .text._sbrk_r  0x08007844       0x24 /usr/lib/gcc/arm-none-eabi/14.2.0/../../../../arm-none-eabi/lib/thumb/v7e-m+fp/hard/libc.a(libc_a-sbrkr.o)
                0x08007844                _sbrk_r
 .text.sysconf  0x08007868       0x1c /usr/lib/gcc/arm-none-eabi/14.2.0/../../../../arm-none-eabi/lib/thumb/v7e-m+fp/hard/libc.a(libc_a-sysconf.o)
                0x08007868                sysconf
 .text.frexp    0x08007884       0x64 /usr/lib/gcc/arm-none-eabi/14.2.0/../../../../arm-none-eabi/lib/thumb/v7e-m+fp/hard/libc.a(libm_a-s_frexp.o)
                0x08007884                frexp
 .text.quorem   0x080078e8      0x12c /usr/lib/gcc/arm-none-eabi/14.2.0/../../../../arm-none-eabi/lib/thumb/v7e-m+fp/hard/libc.a(libc_a-dtoa.o)
 *fill*         0x08007a14        0x4 
 .text._dtoa_r  0x08007a18     0x1034 /usr/lib/gcc/arm-none-eabi/14.2.0/../../../../arm-none-eabi/lib/thumb/v7e-m+fp/hard/libc.a(libc_a-dtoa.o)
                0x08007a18                _dtoa_r
 .text._Balloc  0x08008a4c       0x4c /usr/lib/gcc/arm-none-eabi/14.2.0/../../../../arm-none-eabi/lib/thumb/v7e-m+fp/hard/libc.a(libc_a-mprec.o)
                0x08008a4c                _Balloc
 .text._Bfree   0x08008a98       0x14 /usr/lib/gcc/arm-none-eabi/14.2.0/../../../../arm-none-eabi/lib/thumb/v7e-m+fp/hard/libc.a(libc_a-mprec.o)
                0x08008a98                _Bfree
 .text.__multadd
                0x08008aac       0xa0 /usr/lib/gcc/arm-none-eabi/14.2.0/../../../../arm-none-eabi/lib/thumb/v7e-m+fp/hard/libc.a(libc_a-mprec.o)
                0x08008aac                __multadd
 .text.__hi0bits
                0x08008b4c       0x54 /usr/lib/gcc/arm-none-eabi/14.2.0/../../../../arm-none-eabi/lib/thumb/v7e-m+fp/hard/libc.a(libc_a-mprec.o)
                0x08008b4c                __hi0bits
 .text.__lo0bits
                0x08008ba0       0x80 /usr/lib/gcc/arm-none-eabi/14.2.0/../../../../arm-none-eabi/lib/thumb/v7e-m+fp/hard/libc.a(libc_a-mprec.o)
                0x08008ba0                __lo0bits
 .text.__i2b    0x08008c20       0x5c /usr/lib/gcc/arm-none-eabi/14.2.0/../../../../arm-none-eabi/lib/thumb/v7e-m+fp/hard/libc.a(libc_a-mprec.o)
                0x08008c20                __i2b
 .text.__multiply
                0x08008c7c      0x16c /usr/lib/gcc/arm-none-eabi/14.2.0/../../../../arm-none-eabi/lib/thumb/v7e-m+fp/hard/libc.a(libc_a-mprec.o)
                0x08008c7c                __multiply
 .text.__pow5mult
                0x08008de8       0xc0 /usr/lib/gcc/arm-none-eabi/14.2.0/../../../../arm-none-eabi/lib/thumb/v7e-m+fp/hard/libc.a(libc_a-mprec.o)
                0x08008de8                __pow5mult
 .text.__lshift
                0x08008ea8       0xe8 /usr/lib/gcc/arm-none-eabi/14.2.0/../../../../arm-none-eabi/lib/thumb/v7e-m+fp/hard/libc.a(libc_a-mprec.o)
                0x08008ea8                __lshift
 .text.__mcmp   0x08008f90       0x44 /usr/lib/gcc/arm-none-eabi/14.2.0/../../../../arm-none-eabi/lib/thumb/v7e-m+fp/hard/libc.a(libc_a-mprec.o)
                0x08008f90                __mcmp
 .text.__mdiff  0x08008fd4      0x174 /usr/lib/gcc/arm-none-eabi/14.2.0/../../../../arm-none-eabi/lib/thumb/v7e-m+fp/hard/libc.a(libc_a-mprec.o)
                0x08008fd4                __mdiff
 .text.__d2b    0x08009148       0xbc /usr/lib/gcc/arm-none-eabi/14.2.0/../../../../arm-none-eabi/lib/thumb/v7e-m+fp/hard/libc.a(libc_a-mprec.o)
                0x08009148                __d2b
 .text.__ssputs_r
                0x08009204       0xc0 /usr/lib/gcc/arm-none-eabi/14.2.0/../../../../arm-none-eabi/lib/thumb/v7e-m+fp/hard/libc.a(libc_a-ssputs_r.o)
                0x08009204                __ssputs_r
 .text.memmove  0x080092c4       0xf8 /usr/lib/gcc/arm-none-eabi/14.2.0/../../../../arm-none-eabi/lib/thumb/v7e-m+fp/hard/libc.a(libc_a-memmove.o)
                0x080092c4                memmove
 .text.__assert_func
                0x080093bc       0x40 /usr/lib/gcc/arm-none-eabi/14.2.0/../../../../arm-none-eabi/lib/thumb/v7e-m+fp/hard/libc.a(libc_a-assert.o)
                0x080093bc                __assert_func
 .text._calloc_r
                0x080093fc       0x6c /usr/lib/gcc/arm-none-eabi/14.2.0/../../../../arm-none-eabi/lib/thumb/v7e-m+fp/hard/libc.a(libc_a-callocr.o)
                0x080093fc                _calloc_r
 .text.__ascii_mbtowc
                0x08009468       0x2c /usr/lib/gcc/arm-none-eabi/14.2.0/../../../../arm-none-eabi/lib/thumb/v7e-m+fp/hard/libc.a(libc_a-mbtowc_r.o)
                0x08009468                __ascii_mbtowc
 .text._realloc_r
                0x08009494      0x348 /usr/lib/gcc/arm-none-eabi/14.2.0/../../../../arm-none-eabi/lib/thumb/v7e-m+fp/hard/libc.a(libc_a-reallocr.o)
                0x08009494                _realloc_r
 .text.__ascii_wctomb
                0x080097dc       0x1c /usr/lib/gcc/arm-none-eabi/14.2.0/../../../../arm-none-eabi/lib/thumb/v7e-m+fp/hard/libc.a(libc_a-wctomb_r.o)
                0x080097dc                __ascii_wctomb
 .text.fiprintf
                0x080097f8       0x28 /usr/lib/gcc/arm-none-eabi/14.2.0/../../../../arm-none-eabi/lib/thumb/v7e-m+fp/hard/libc.a(libc_a-fiprintf.o)
                0x080097f8                fiprintf
 .text._vfiprintf_r
                0x08009820      0xff8 /usr/lib/gcc/arm-none-eabi/14.2.0/../../../../arm-none-eabi/lib/thumb/v7e-m+fp/hard/libc.a(libc_a-vfiprintf.o)
                0x08009820                _vfiprintf_r
 .text.__sbprintf
                0x0800a818       0x84 /usr/lib/gcc/arm-none-eabi/14.2.0/../../../../arm-none-eabi/lib/thumb/v7e-m+fp/hard/libc.a(libc_a-vfiprintf.o)
 .text.__sprint_r
                0x0800a89c       0x20 /usr/lib/gcc/arm-none-eabi/14.2.0/../../../../arm-none-eabi/lib/thumb/v7e-m+fp/hard/libc.a(libc_a-sprint_r.o)
                0x0800a89c                __sprint_r
 .text.__sfvwrite_r
                0x0800a8bc      0x2e4 /usr/lib/gcc/arm-none-eabi/14.2.0/../../../../arm-none-eabi/lib/thumb/v7e-m+fp/hard/libc.a(libc_a-fvwrite.o)
                0x0800a8bc                __sfvwrite_r
 .text.__swsetup_r
                0x0800aba0       0xf4 /usr/lib/gcc/arm-none-eabi/14.2.0/../../../../arm-none-eabi/lib/thumb/v7e-m+fp/hard/libc.a(libc_a-wsetup.o)
                0x0800aba0                __swsetup_r
 .text.abort    0x0800ac94       0x10 /usr/lib/gcc/arm-none-eabi/14.2.0/../../../../arm-none-eabi/lib/thumb/v7e-m+fp/hard/libc.a(libc_a-abort.o)
                0x0800ac94                abort
 .text.__smakebuf_r
                0x0800aca4       0xd0 /usr/lib/gcc/arm-none-eabi/14.2.0/../../../../arm-none-eabi/lib/thumb/v7e-m+fp/hard/libc.a(libc_a-makebuf.o)
                0x0800aca4                __smakebuf_r
 .text.raise    0x0800ad74       0x58 /usr/lib/gcc/arm-none-eabi/14.2.0/../../../../arm-none-eabi/lib/thumb/v7e-m+fp/hard/libc.a(libc_a-signal.o)
                0x0800ad74                raise
 .text._fstat_r
                0x0800adcc       0x2c /usr/lib/gcc/arm-none-eabi/14.2.0/../../../../arm-none-eabi/lib/thumb/v7e-m+fp/hard/libc.a(libc_a-fstatr.o)
                0x0800adcc                _fstat_r
 .text._isatty_r
                0x0800adf8       0x24 /usr/lib/gcc/arm-none-eabi/14.2.0/../../../../arm-none-eabi/lib/thumb/v7e-m+fp/hard/libc.a(libc_a-isattyr.o)
                0x0800adf8                _isatty_r
 .text._kill_r  0x0800ae1c       0x2c /usr/lib/gcc/arm-none-eabi/14.2.0/../../../../arm-none-eabi/lib/thumb/v7e-m+fp/hard/libc.a(libc_a-signalr.o)
                0x0800ae1c                _kill_r
 .text._getpid_r
                0x0800ae48        0x4 /usr/lib/gcc/arm-none-eabi/14.2.0/../../../../arm-none-eabi/lib/thumb/v7e-m+fp/hard/libc.a(libc_a-signalr.o)
                0x0800ae48                _getpid_r
 .text.__udivmoddi4
                0x0800ae4c      0x2bc /usr/lib/gcc/arm-none-eabi/14.2.0/thumb/v7e-m+fp/hard/libgcc.a(_udivmoddi4.o)
                0x0800ae4c                __udivmoddi4
 *(.glue_7)
 .glue_7        0x0800b108        0x0 linker stubs
 *(.glue_7t)
 .glue_7t       0x0800b108        0x0 linker stubs
 *(.eh_frame)
 .eh_frame      0x0800b108        0x0 /usr/lib/gcc/arm-none-eabi/14.2.0/thumb/v7e-m+fp/hard/crtbegin.o
 *(.init)
 .init          0x0800b108        0x4 /usr/lib/gcc/arm-none-eabi/14.2.0/thumb/v7e-m+fp/hard/crti.o
                0x0800b108                _init
 .init          0x0800b10c        0x8 /usr/lib/gcc/arm-none-eabi/14.2.0/thumb/v7e-m+fp/hard/crtn.o
 *(.fini)
 .fini          0x0800b114        0x4 /usr/lib/gcc/arm-none-eabi/14.2.0/thumb/v7e-m+fp/hard/crti.o
                0x0800b114                _fini
 .fini          0x0800b118        0x8 /usr/lib/gcc/arm-none-eabi/14.2.0/thumb/v7e-m+fp/hard/crtn.o
                0x0800b120                        . = ALIGN (0x4)
                0x0800b120                        _etext = .

.vfp11_veneer   0x0800b120        0x0
 .vfp11_veneer  0x0800b120        0x0 linker stubs

.v4_bx          0x0800b120        0x0
 .v4_bx         0x0800b120        0x0 linker stubs

.iplt           0x0800b120        0x0
 .iplt          0x0800b120        0x0 /usr/lib/gcc/arm-none-eabi/14.2.0/thumb/v7e-m+fp/hard/crtbegin.o

.rodata         0x0800b120      0x3ec
                0x0800b120                        . = ALIGN (0x4)
 *(.rodata)
 *(.rodata*)
 .rodata.main.str1.4
                0x0800b120      0x16b output/main.o
                                 0x2b (size before relaxing)
 *fill*         0x0800b28b        0x1 
 .rodata.APBPrescTable
                0x0800b28c        0x8 output/system_stm32g4xx.o
                0x0800b28c                APBPrescTable
 .rodata.AHBPrescTable
                0x0800b294       0x10 output/system_stm32g4xx.o
                0x0800b294                AHBPrescTable
 .rodata.DLCtoBytes
                0x0800b2a4       0x10 output/stm32g4xx_hal_fdcan.o
 .rodata.UARTPrescTable
                0x0800b2b4       0x18 output/stm32g4xx_hal_uart.o
                0x0800b2b4                UARTPrescTable
 .rodata._svfprintf_r.str1.4
                0x0800b2cc       0x42 /usr/lib/gcc/arm-none-eabi/14.2.0/../../../../arm-none-eabi/lib/thumb/v7e-m+fp/hard/libc.a(libc_a-svfprintf.o)
 .rodata.zeroes.0
                0x0800b2cc       0x10 /usr/lib/gcc/arm-none-eabi/14.2.0/../../../../arm-none-eabi/lib/thumb/v7e-m+fp/hard/libc.a(libc_a-svfprintf.o)
 .rodata.blanks.1
                0x0800b2dc       0x10 /usr/lib/gcc/arm-none-eabi/14.2.0/../../../../arm-none-eabi/lib/thumb/v7e-m+fp/hard/libc.a(libc_a-svfprintf.o)
 .rodata._dtoa_r.str1.4
                0x0800b2ec       0x6a /usr/lib/gcc/arm-none-eabi/14.2.0/../../../../arm-none-eabi/lib/thumb/v7e-m+fp/hard/libc.a(libc_a-dtoa.o)
 .rodata.__multadd.str1.4
                0x0800b2ec       0x57 /usr/lib/gcc/arm-none-eabi/14.2.0/../../../../arm-none-eabi/lib/thumb/v7e-m+fp/hard/libc.a(libc_a-mprec.o)
 .rodata.p05.0  0x0800b2ec        0xc /usr/lib/gcc/arm-none-eabi/14.2.0/../../../../arm-none-eabi/lib/thumb/v7e-m+fp/hard/libc.a(libc_a-mprec.o)
 .rodata.__mprec_bigtens
                0x0800b2f8       0x28 /usr/lib/gcc/arm-none-eabi/14.2.0/../../../../arm-none-eabi/lib/thumb/v7e-m+fp/hard/libc.a(libc_a-mprec.o)
                0x0800b2f8                __mprec_bigtens
 .rodata.__mprec_tens
                0x0800b320       0xc8 /usr/lib/gcc/arm-none-eabi/14.2.0/../../../../arm-none-eabi/lib/thumb/v7e-m+fp/hard/libc.a(libc_a-mprec.o)
                0x0800b320                __mprec_tens
 .rodata._setlocale_r.str1.4
                0x0800b3e8        0xd /usr/lib/gcc/arm-none-eabi/14.2.0/../../../../arm-none-eabi/lib/thumb/v7e-m+fp/hard/libc.a(libc_a-locale.o)
 .rodata.str1.4
                0x0800b3e8        0x2 /usr/lib/gcc/arm-none-eabi/14.2.0/../../../../arm-none-eabi/lib/thumb/v7e-m+fp/hard/libc.a(libc_a-locale.o)
 .rodata.__assert_func.str1.4
                0x0800b3e8       0x43 /usr/lib/gcc/arm-none-eabi/14.2.0/../../../../arm-none-eabi/lib/thumb/v7e-m+fp/hard/libc.a(libc_a-assert.o)
 .rodata._ctype_
                0x0800b3e8      0x101 /usr/lib/gcc/arm-none-eabi/14.2.0/../../../../arm-none-eabi/lib/thumb/v7e-m+fp/hard/libc.a(libc_a-ctype_.o)
                0x0800b3e8                _ctype_
 .rodata._vfiprintf_r.str1.4
                0x0800b4e9       0x2f /usr/lib/gcc/arm-none-eabi/14.2.0/../../../../arm-none-eabi/lib/thumb/v7e-m+fp/hard/libc.a(libc_a-vfiprintf.o)
 *fill*         0x0800b4e9        0x3 
 .rodata.zeroes.0
                0x0800b4ec       0x10 /usr/lib/gcc/arm-none-eabi/14.2.0/../../../../arm-none-eabi/lib/thumb/v7e-m+fp/hard/libc.a(libc_a-vfiprintf.o)
 .rodata.blanks.1
                0x0800b4fc       0x10 /usr/lib/gcc/arm-none-eabi/14.2.0/../../../../arm-none-eabi/lib/thumb/v7e-m+fp/hard/libc.a(libc_a-vfiprintf.o)
                0x0800b50c                        . = ALIGN (0x4)

.ARM.extab      0x0800b50c        0x0
                0x0800b50c                        . = ALIGN (0x4)
 *(.ARM.extab* .gnu.linkonce.armextab.*)
                0x0800b50c                        . = ALIGN (0x4)

.ARM            0x0800b50c        0x8
                0x0800b50c                        . = ALIGN (0x4)
                0x0800b50c                        __exidx_start = .
 *(.ARM.exidx*)
 .ARM.exidx     0x0800b50c        0x8 /usr/lib/gcc/arm-none-eabi/14.2.0/../../../../arm-none-eabi/lib/thumb/v7e-m+fp/hard/libc.a(libc_a-memchr.o)
 .ARM.exidx     0x0800b514        0x0 /usr/lib/gcc/arm-none-eabi/14.2.0/../../../../arm-none-eabi/lib/thumb/v7e-m+fp/hard/libc.a(libc_a-strlen.o)
                                  0x8 (size before relaxing)
 .ARM.exidx     0x0800b514        0x0 /usr/lib/gcc/arm-none-eabi/14.2.0/../../../../arm-none-eabi/lib/thumb/v7e-m+fp/hard/libc.a(libc_a-memcpy.o)
                                  0x8 (size before relaxing)
 .ARM.exidx.text.__udivmoddi4
                0x0800b514        0x0 /usr/lib/gcc/arm-none-eabi/14.2.0/thumb/v7e-m+fp/hard/libgcc.a(_udivmoddi4.o)
                                  0x8 (size before relaxing)
                0x0800b514                        __exidx_end = .
                0x0800b514                        . = ALIGN (0x4)

.preinit_array  0x0800b514        0x0
                0x0800b514                        . = ALIGN (0x4)
                0x0800b514                        PROVIDE (__preinit_array_start = .)
 *(.preinit_array*)
                0x0800b514                        PROVIDE (__preinit_array_end = .)
                0x0800b514                        . = ALIGN (0x4)

.init_array     0x0800b514        0x8
                0x0800b514                        . = ALIGN (0x4)
                0x0800b514                        PROVIDE (__init_array_start = .)
 *(SORT_BY_NAME(.init_array.*))
 .init_array.00000
                0x0800b514        0x4 /usr/lib/gcc/arm-none-eabi/14.2.0/../../../../arm-none-eabi/lib/thumb/v7e-m+fp/hard/libc.a(libc_a-__call_atexit.o)
 *(.init_array*)
 .init_array    0x0800b518        0x4 /usr/lib/gcc/arm-none-eabi/14.2.0/thumb/v7e-m+fp/hard/crtbegin.o
                0x0800b51c                        PROVIDE (__init_array_end = .)
                0x0800b51c                        . = ALIGN (0x4)

.fini_array     0x0800b51c        0x4
                0x0800b51c                        . = ALIGN (0x4)
                0x0800b51c                        PROVIDE (__fini_array_start = .)
 *(SORT_BY_NAME(.fini_array.*))
 *(.fini_array*)
 .fini_array    0x0800b51c        0x4 /usr/lib/gcc/arm-none-eabi/14.2.0/thumb/v7e-m+fp/hard/crtbegin.o
                0x0800b520                        PROVIDE (__fini_array_end = .)
                0x0800b520                        . = ALIGN (0x4)
                0x0800b520                        _sidata = LOADADDR (.data)

.rel.dyn        0x0800b520        0x0
 .rel.iplt      0x0800b520        0x0 /usr/lib/gcc/arm-none-eabi/14.2.0/thumb/v7e-m+fp/hard/crtbegin.o

.data           0x20000000      0x6e4 load address 0x0800b520
                0x20000000                        . = ALIGN (0x4)
                0x20000000                        _sdata = .
 *(.data)
 *(.data*)
 .data.SystemCoreClock
                0x20000000        0x4 output/system_stm32g4xx.o
                0x20000000                SystemCoreClock
 .data.uwTickFreq
                0x20000004        0x4 output/stm32g4xx_hal.o
                0x20000004                uwTickFreq
 .data.uwTickPrio
                0x20000008        0x4 output/stm32g4xx_hal.o
                0x20000008                uwTickPrio
 .data.__sglue  0x2000000c        0xc /usr/lib/gcc/arm-none-eabi/14.2.0/../../../../arm-none-eabi/lib/thumb/v7e-m+fp/hard/libc.a(libc_a-findfp.o)
                0x2000000c                __sglue
 .data._impure_ptr
                0x20000018        0x4 /usr/lib/gcc/arm-none-eabi/14.2.0/../../../../arm-none-eabi/lib/thumb/v7e-m+fp/hard/libc.a(libc_a-impure.o)
                0x20000018                _impure_ptr
 *fill*         0x2000001c        0x4 
 .data._impure_data
                0x20000020      0x140 /usr/lib/gcc/arm-none-eabi/14.2.0/../../../../arm-none-eabi/lib/thumb/v7e-m+fp/hard/libc.a(libc_a-impure.o)
                0x20000020                _impure_data
 .data.__atexit_recursive_mutex
                0x20000160        0x4 /usr/lib/gcc/arm-none-eabi/14.2.0/../../../../arm-none-eabi/lib/thumb/v7e-m+fp/hard/libc.a(libc_a-__call_atexit.o)
                0x20000160                __atexit_recursive_mutex
 .data.__malloc_sbrk_base
                0x20000164        0x4 /usr/lib/gcc/arm-none-eabi/14.2.0/../../../../arm-none-eabi/lib/thumb/v7e-m+fp/hard/libc.a(libc_a-mallocr.o)
                0x20000164                __malloc_sbrk_base
 .data.__malloc_trim_threshold
                0x20000168        0x4 /usr/lib/gcc/arm-none-eabi/14.2.0/../../../../arm-none-eabi/lib/thumb/v7e-m+fp/hard/libc.a(libc_a-mallocr.o)
                0x20000168                __malloc_trim_threshold
 *fill*         0x2000016c        0x4 
 .data.__malloc_av_
                0x20000170      0x408 /usr/lib/gcc/arm-none-eabi/14.2.0/../../../../arm-none-eabi/lib/thumb/v7e-m+fp/hard/libc.a(libc_a-mallocr.o)
                0x20000170                __malloc_av_
 .data.__global_locale
                0x20000578      0x16c /usr/lib/gcc/arm-none-eabi/14.2.0/../../../../arm-none-eabi/lib/thumb/v7e-m+fp/hard/libc.a(libc_a-locale.o)
                0x20000578                __global_locale
 *(.RamFunc)
 *(.RamFunc*)
                0x200006e4                        . = ALIGN (0x4)
                0x200006e4                        _edata = .

.igot.plt       0x200006e4        0x0 load address 0x0800bc04
 .igot.plt      0x200006e4        0x0 /usr/lib/gcc/arm-none-eabi/14.2.0/thumb/v7e-m+fp/hard/crtbegin.o
                0x200006e4                        . = ALIGN (0x4)

.bss            0x200006e4      0x5f0 load address 0x0800bc04
                0x200006e4                        _sbss = .
                0x200006e4                        __bss_start__ = _sbss
 *(.bss)
 *(.bss*)
 .bss.completed.1
                0x200006e4        0x1 /usr/lib/gcc/arm-none-eabi/14.2.0/thumb/v7e-m+fp/hard/crtbegin.o
 *fill*         0x200006e5        0x3 
 .bss.object.0  0x200006e8       0x18 /usr/lib/gcc/arm-none-eabi/14.2.0/thumb/v7e-m+fp/hard/crtbegin.o
 .bss.ADC_INTERFACE
                0x20000700       0x6c output/adc.o
                0x20000700                ADC_INTERFACE
 .bss.CAN_MAIN_BUS
                0x2000076c       0x64 output/can.o
                0x2000076c                CAN_MAIN_BUS
 .bss.DRV_SPI_INTERFACE
                0x200007d0       0x64 output/drv8703.o
                0x200007d0                DRV_SPI_INTERFACE
 .bss.TIM_interuptflag
                0x20000834        0x1 output/tim.o
                0x20000834                TIM_interuptflag
 *fill*         0x20000835        0x3 
 .bss.TIM_TIMER_INTERFACE
                0x20000838       0x4c output/tim.o
                0x20000838                TIM_TIMER_INTERFACE
 .bss.huart2    0x20000884       0x94 output/uart.o
                0x20000884                huart2
 .bss.__sbrk_heap_end
                0x20000918        0x4 output/sysmem.o
 .bss.uwTick    0x2000091c        0x4 output/stm32g4xx_hal.o
                0x2000091c                uwTick
 .bss.COM_ActiveLogPort
                0x20000920        0x1 output/stm32g4xx_nucleo.o
 *fill*         0x20000921        0x3 
 .bss.hcom_uart
                0x20000924       0x94 output/stm32g4xx_nucleo.o
                0x20000924                hcom_uart
 .bss.hpb_exti  0x200009b8        0x8 output/stm32g4xx_nucleo.o
                0x200009b8                hpb_exti
 .bss.__sf      0x200009c0      0x138 /usr/lib/gcc/arm-none-eabi/14.2.0/../../../../arm-none-eabi/lib/thumb/v7e-m+fp/hard/libc.a(libc_a-findfp.o)
                0x200009c0                __sf
 .bss.__stdio_exit_handler
                0x20000af8        0x4 /usr/lib/gcc/arm-none-eabi/14.2.0/../../../../arm-none-eabi/lib/thumb/v7e-m+fp/hard/libc.a(libc_a-findfp.o)
                0x20000af8                __stdio_exit_handler
 .bss.errno     0x20000afc        0x4 /usr/lib/gcc/arm-none-eabi/14.2.0/../../../../arm-none-eabi/lib/thumb/v7e-m+fp/hard/libc.a(libc_a-reent.o)
                0x20000afc                errno
 .bss.__lock___malloc_recursive_mutex
                0x20000b00        0x1 /usr/lib/gcc/arm-none-eabi/14.2.0/../../../../arm-none-eabi/lib/thumb/v7e-m+fp/hard/libc.a(libc_a-lock.o)
                0x20000b00                __lock___malloc_recursive_mutex
 *fill*         0x20000b01        0x3 
 .bss.__lock___atexit_recursive_mutex
                0x20000b04        0x1 /usr/lib/gcc/arm-none-eabi/14.2.0/../../../../arm-none-eabi/lib/thumb/v7e-m+fp/hard/libc.a(libc_a-lock.o)
                0x20000b04                __lock___atexit_recursive_mutex
 *fill*         0x20000b05        0x3 
 .bss.__lock___sfp_recursive_mutex
                0x20000b08        0x1 /usr/lib/gcc/arm-none-eabi/14.2.0/../../../../arm-none-eabi/lib/thumb/v7e-m+fp/hard/libc.a(libc_a-lock.o)
                0x20000b08                __lock___sfp_recursive_mutex
 *fill*         0x20000b09        0x3 
 .bss.__atexit0
                0x20000b0c      0x190 /usr/lib/gcc/arm-none-eabi/14.2.0/../../../../arm-none-eabi/lib/thumb/v7e-m+fp/hard/libc.a(libc_a-__atexit.o)
                0x20000b0c                __atexit0
 .bss.__atexit  0x20000c9c        0x4 /usr/lib/gcc/arm-none-eabi/14.2.0/../../../../arm-none-eabi/lib/thumb/v7e-m+fp/hard/libc.a(libc_a-__call_atexit.o)
                0x20000c9c                __atexit
 .bss.__malloc_current_mallinfo
                0x20000ca0       0x28 /usr/lib/gcc/arm-none-eabi/14.2.0/../../../../arm-none-eabi/lib/thumb/v7e-m+fp/hard/libc.a(libc_a-mallocr.o)
                0x20000ca0                __malloc_current_mallinfo
 .bss.__malloc_max_total_mem
                0x20000cc8        0x4 /usr/lib/gcc/arm-none-eabi/14.2.0/../../../../arm-none-eabi/lib/thumb/v7e-m+fp/hard/libc.a(libc_a-mallocr.o)
                0x20000cc8                __malloc_max_total_mem
 .bss.__malloc_max_sbrked_mem
                0x20000ccc        0x4 /usr/lib/gcc/arm-none-eabi/14.2.0/../../../../arm-none-eabi/lib/thumb/v7e-m+fp/hard/libc.a(libc_a-mallocr.o)
                0x20000ccc                __malloc_max_sbrked_mem
 .bss.__malloc_top_pad
                0x20000cd0        0x4 /usr/lib/gcc/arm-none-eabi/14.2.0/../../../../arm-none-eabi/lib/thumb/v7e-m+fp/hard/libc.a(libc_a-mallocr.o)
                0x20000cd0                __malloc_top_pad
 *(COMMON)
                0x20000cd4                        . = ALIGN (0x4)
                0x20000cd4                        _ebss = .
                0x20000cd4                        __bss_end__ = _ebss

._user_heap_stack
                0x20000cd4      0x604 load address 0x0800bc04
                0x20000cd8                        . = ALIGN (0x8)
 *fill*         0x20000cd4        0x4 
                [!provide]                        PROVIDE (end = .)
                0x20000cd8                        PROVIDE (_end = .)
                0x20000ed8                        . = (. + _Min_Heap_Size)
 *fill*         0x20000cd8      0x200 
                0x200012d8                        . = (. + _Min_Stack_Size)
 *fill*         0x20000ed8      0x400 
                0x200012d8                        . = ALIGN (0x8)

/DISCARD/
 libc.a(*)
 libm.a(*)
 libgcc.a(*)
OUTPUT(output/STM32_AUTONOMOUS_PROJECT.elf elf32-littlearm)
LOAD linker stubs
LOAD /usr/lib/gcc/arm-none-eabi/14.2.0/../../../../arm-none-eabi/lib/thumb/v7e-m+fp/hard/libc.a
LOAD /usr/lib/gcc/arm-none-eabi/14.2.0/../../../../arm-none-eabi/lib/thumb/v7e-m+fp/hard/libm.a
LOAD /usr/lib/gcc/arm-none-eabi/14.2.0/thumb/v7e-m+fp/hard/libgcc.a

.ARM.attributes
                0x00000000       0x30
 .ARM.attributes
                0x00000000       0x22 /usr/lib/gcc/arm-none-eabi/14.2.0/thumb/v7e-m+fp/hard/crti.o
 .ARM.attributes
                0x00000022       0x34 /usr/lib/gcc/arm-none-eabi/14.2.0/thumb/v7e-m+fp/hard/crtbegin.o
 .ARM.attributes
                0x00000056       0x34 output/adc.o
 .ARM.attributes
                0x0000008a       0x34 output/can.o
 .ARM.attributes
                0x000000be       0x34 output/drv8703.o
 .ARM.attributes
                0x000000f2       0x34 output/main.o
 .ARM.attributes
                0x00000126       0x34 output/tim.o
 .ARM.attributes
                0x0000015a       0x34 output/uart.o
 .ARM.attributes
                0x0000018e       0x34 output/stm32g4xx_it.o
 .ARM.attributes
                0x000001c2       0x34 output/syscalls.o
 .ARM.attributes
                0x000001f6       0x34 output/sysmem.o
 .ARM.attributes
                0x0000022a       0x34 output/system_stm32g4xx.o
 .ARM.attributes
                0x0000025e       0x34 output/stm32g4xx_hal_adc.o
 .ARM.attributes
                0x00000292       0x34 output/stm32g4xx_hal_adc_ex.o
 .ARM.attributes
                0x000002c6       0x34 output/stm32g4xx_hal.o
 .ARM.attributes
                0x000002fa       0x34 output/stm32g4xx_hal_cortex.o
 .ARM.attributes
                0x0000032e       0x34 output/stm32g4xx_hal_exti.o
 .ARM.attributes
                0x00000362       0x34 output/stm32g4xx_hal_fdcan.o
 .ARM.attributes
                0x00000396       0x34 output/stm32g4xx_hal_gpio.o
 .ARM.attributes
                0x000003ca       0x34 output/stm32g4xx_hal_msp.o
 .ARM.attributes
                0x000003fe       0x34 output/stm32g4xx_hal_pwr_ex.o
 .ARM.attributes
                0x00000432       0x34 output/stm32g4xx_hal_rcc.o
 .ARM.attributes
                0x00000466       0x34 output/stm32g4xx_hal_rcc_ex.o
 .ARM.attributes
                0x0000049a       0x34 output/stm32g4xx_hal_spi.o
 .ARM.attributes
                0x000004ce       0x34 output/stm32g4xx_hal_tim.o
 .ARM.attributes
                0x00000502       0x34 output/stm32g4xx_hal_tim_ex.o
 .ARM.attributes
                0x00000536       0x34 output/stm32g4xx_hal_uart.o
 .ARM.attributes
                0x0000056a       0x34 output/stm32g4xx_nucleo.o
 .ARM.attributes
                0x0000059e       0x21 output/startup_stm32g474xx.o
 .ARM.attributes
                0x000005bf       0x34 /usr/lib/gcc/arm-none-eabi/14.2.0/../../../../arm-none-eabi/lib/thumb/v7e-m+fp/hard/libc.a(libc_a-atexit.o)
 .ARM.attributes
                0x000005f3       0x34 /usr/lib/gcc/arm-none-eabi/14.2.0/../../../../arm-none-eabi/lib/thumb/v7e-m+fp/hard/libc.a(libc_a-findfp.o)
 .ARM.attributes
                0x00000627       0x34 /usr/lib/gcc/arm-none-eabi/14.2.0/../../../../arm-none-eabi/lib/thumb/v7e-m+fp/hard/libc.a(libc_a-fwalk.o)
 .ARM.attributes
                0x0000065b       0x34 /usr/lib/gcc/arm-none-eabi/14.2.0/../../../../arm-none-eabi/lib/thumb/v7e-m+fp/hard/libc.a(libc_a-snprintf.o)
 .ARM.attributes
                0x0000068f       0x34 /usr/lib/gcc/arm-none-eabi/14.2.0/../../../../arm-none-eabi/lib/thumb/v7e-m+fp/hard/libc.a(libc_a-stdio.o)
 .ARM.attributes
                0x000006c3       0x34 /usr/lib/gcc/arm-none-eabi/14.2.0/../../../../arm-none-eabi/lib/thumb/v7e-m+fp/hard/libc.a(libc_a-memset.o)
 .ARM.attributes
                0x000006f7       0x34 /usr/lib/gcc/arm-none-eabi/14.2.0/../../../../arm-none-eabi/lib/thumb/v7e-m+fp/hard/libc.a(libc_a-closer.o)
 .ARM.attributes
                0x0000072b       0x34 /usr/lib/gcc/arm-none-eabi/14.2.0/../../../../arm-none-eabi/lib/thumb/v7e-m+fp/hard/libc.a(libc_a-reent.o)
 .ARM.attributes
                0x0000075f       0x34 /usr/lib/gcc/arm-none-eabi/14.2.0/../../../../arm-none-eabi/lib/thumb/v7e-m+fp/hard/libc.a(libc_a-impure.o)
 .ARM.attributes
                0x00000793       0x34 /usr/lib/gcc/arm-none-eabi/14.2.0/../../../../arm-none-eabi/lib/thumb/v7e-m+fp/hard/libc.a(libc_a-lseekr.o)
 .ARM.attributes
                0x000007c7       0x34 /usr/lib/gcc/arm-none-eabi/14.2.0/../../../../arm-none-eabi/lib/thumb/v7e-m+fp/hard/libc.a(libc_a-readr.o)
 .ARM.attributes
                0x000007fb       0x34 /usr/lib/gcc/arm-none-eabi/14.2.0/../../../../arm-none-eabi/lib/thumb/v7e-m+fp/hard/libc.a(libc_a-writer.o)
 .ARM.attributes
                0x0000082f       0x34 /usr/lib/gcc/arm-none-eabi/14.2.0/../../../../arm-none-eabi/lib/thumb/v7e-m+fp/hard/libc.a(libc_a-errno.o)
 .ARM.attributes
                0x00000863       0x34 /usr/lib/gcc/arm-none-eabi/14.2.0/../../../../arm-none-eabi/lib/thumb/v7e-m+fp/hard/libc.a(libc_a-init.o)
 .ARM.attributes
                0x00000897       0x34 /usr/lib/gcc/arm-none-eabi/14.2.0/../../../../arm-none-eabi/lib/thumb/v7e-m+fp/hard/libc.a(libc_a-fini.o)
 .ARM.attributes
                0x000008cb       0x34 /usr/lib/gcc/arm-none-eabi/14.2.0/../../../../arm-none-eabi/lib/thumb/v7e-m+fp/hard/libc.a(libc_a-lock.o)
 .ARM.attributes
                0x000008ff       0x34 /usr/lib/gcc/arm-none-eabi/14.2.0/../../../../arm-none-eabi/lib/thumb/v7e-m+fp/hard/libc.a(libc_a-__atexit.o)
 .ARM.attributes
                0x00000933       0x34 /usr/lib/gcc/arm-none-eabi/14.2.0/../../../../arm-none-eabi/lib/thumb/v7e-m+fp/hard/libc.a(libc_a-__call_atexit.o)
 .ARM.attributes
                0x00000967       0x34 /usr/lib/gcc/arm-none-eabi/14.2.0/../../../../arm-none-eabi/lib/thumb/v7e-m+fp/hard/libc.a(libc_a-freer.o)
 .ARM.attributes
                0x0000099b       0x34 /usr/lib/gcc/arm-none-eabi/14.2.0/../../../../arm-none-eabi/lib/thumb/v7e-m+fp/hard/libc.a(libc_a-mallocr.o)
 .ARM.attributes
                0x000009cf       0x34 /usr/lib/gcc/arm-none-eabi/14.2.0/../../../../arm-none-eabi/lib/thumb/v7e-m+fp/hard/libc.a(libc_a-mlock.o)
 .ARM.attributes
                0x00000a03       0x34 /usr/lib/gcc/arm-none-eabi/14.2.0/../../../../arm-none-eabi/lib/thumb/v7e-m+fp/hard/libc.a(libc_a-svfprintf.o)
 .ARM.attributes
                0x00000a37       0x34 /usr/lib/gcc/arm-none-eabi/14.2.0/../../../../arm-none-eabi/lib/thumb/v7e-m+fp/hard/libc.a(libc_a-ssprint_r.o)
 .ARM.attributes
                0x00000a6b       0x34 /usr/lib/gcc/arm-none-eabi/14.2.0/../../../../arm-none-eabi/lib/thumb/v7e-m+fp/hard/libc.a(libc_a-fclose.o)
 .ARM.attributes
                0x00000a9f       0x34 /usr/lib/gcc/arm-none-eabi/14.2.0/../../../../arm-none-eabi/lib/thumb/v7e-m+fp/hard/libc.a(libc_a-fflush.o)
 .ARM.attributes
                0x00000ad3       0x34 /usr/lib/gcc/arm-none-eabi/14.2.0/../../../../arm-none-eabi/lib/thumb/v7e-m+fp/hard/libc.a(libc_a-strncpy.o)
 .ARM.attributes
                0x00000b07       0x34 /usr/lib/gcc/arm-none-eabi/14.2.0/../../../../arm-none-eabi/lib/thumb/v7e-m+fp/hard/libc.a(libc_a-localeconv.o)
 .ARM.attributes
                0x00000b3b       0x34 /usr/lib/gcc/arm-none-eabi/14.2.0/../../../../arm-none-eabi/lib/thumb/v7e-m+fp/hard/libc.a(libc_a-sbrkr.o)
 .ARM.attributes
                0x00000b6f       0x34 /usr/lib/gcc/arm-none-eabi/14.2.0/../../../../arm-none-eabi/lib/thumb/v7e-m+fp/hard/libc.a(libc_a-sysconf.o)
 .ARM.attributes
                0x00000ba3       0x1c /usr/lib/gcc/arm-none-eabi/14.2.0/../../../../arm-none-eabi/lib/thumb/v7e-m+fp/hard/libc.a(libc_a-memchr.o)
 .ARM.attributes
                0x00000bbf       0x1c /usr/lib/gcc/arm-none-eabi/14.2.0/../../../../arm-none-eabi/lib/thumb/v7e-m+fp/hard/libc.a(libc_a-strlen.o)
 .ARM.attributes
                0x00000bdb       0x34 /usr/lib/gcc/arm-none-eabi/14.2.0/../../../../arm-none-eabi/lib/thumb/v7e-m+fp/hard/libc.a(libm_a-s_frexp.o)
 .ARM.attributes
                0x00000c0f       0x34 /usr/lib/gcc/arm-none-eabi/14.2.0/../../../../arm-none-eabi/lib/thumb/v7e-m+fp/hard/libc.a(libc_a-dtoa.o)
 .ARM.attributes
                0x00000c43       0x34 /usr/lib/gcc/arm-none-eabi/14.2.0/../../../../arm-none-eabi/lib/thumb/v7e-m+fp/hard/libc.a(libc_a-mprec.o)
 .ARM.attributes
                0x00000c77       0x34 /usr/lib/gcc/arm-none-eabi/14.2.0/../../../../arm-none-eabi/lib/thumb/v7e-m+fp/hard/libc.a(libc_a-ssputs_r.o)
 .ARM.attributes
                0x00000cab       0x34 /usr/lib/gcc/arm-none-eabi/14.2.0/../../../../arm-none-eabi/lib/thumb/v7e-m+fp/hard/libc.a(libc_a-memmove.o)
 .ARM.attributes
                0x00000cdf       0x34 /usr/lib/gcc/arm-none-eabi/14.2.0/../../../../arm-none-eabi/lib/thumb/v7e-m+fp/hard/libc.a(libc_a-locale.o)
 .ARM.attributes
                0x00000d13       0x20 /usr/lib/gcc/arm-none-eabi/14.2.0/../../../../arm-none-eabi/lib/thumb/v7e-m+fp/hard/libc.a(libc_a-memcpy.o)
 .ARM.attributes
                0x00000d33       0x34 /usr/lib/gcc/arm-none-eabi/14.2.0/../../../../arm-none-eabi/lib/thumb/v7e-m+fp/hard/libc.a(libc_a-assert.o)
 .ARM.attributes
                0x00000d67       0x34 /usr/lib/gcc/arm-none-eabi/14.2.0/../../../../arm-none-eabi/lib/thumb/v7e-m+fp/hard/libc.a(libc_a-callocr.o)
 .ARM.attributes
                0x00000d9b       0x34 /usr/lib/gcc/arm-none-eabi/14.2.0/../../../../arm-none-eabi/lib/thumb/v7e-m+fp/hard/libc.a(libc_a-mbtowc_r.o)
 .ARM.attributes
                0x00000dcf       0x34 /usr/lib/gcc/arm-none-eabi/14.2.0/../../../../arm-none-eabi/lib/thumb/v7e-m+fp/hard/libc.a(libc_a-reallocr.o)
 .ARM.attributes
                0x00000e03       0x34 /usr/lib/gcc/arm-none-eabi/14.2.0/../../../../arm-none-eabi/lib/thumb/v7e-m+fp/hard/libc.a(libc_a-wctomb_r.o)
 .ARM.attributes
                0x00000e37       0x34 /usr/lib/gcc/arm-none-eabi/14.2.0/../../../../arm-none-eabi/lib/thumb/v7e-m+fp/hard/libc.a(libc_a-ctype_.o)
 .ARM.attributes
                0x00000e6b       0x34 /usr/lib/gcc/arm-none-eabi/14.2.0/../../../../arm-none-eabi/lib/thumb/v7e-m+fp/hard/libc.a(libc_a-fiprintf.o)
 .ARM.attributes
                0x00000e9f       0x34 /usr/lib/gcc/arm-none-eabi/14.2.0/../../../../arm-none-eabi/lib/thumb/v7e-m+fp/hard/libc.a(libc_a-vfiprintf.o)
 .ARM.attributes
                0x00000ed3       0x34 /usr/lib/gcc/arm-none-eabi/14.2.0/../../../../arm-none-eabi/lib/thumb/v7e-m+fp/hard/libc.a(libc_a-sprint_r.o)
 .ARM.attributes
                0x00000f07       0x34 /usr/lib/gcc/arm-none-eabi/14.2.0/../../../../arm-none-eabi/lib/thumb/v7e-m+fp/hard/libc.a(libc_a-fvwrite.o)
 .ARM.attributes
                0x00000f3b       0x34 /usr/lib/gcc/arm-none-eabi/14.2.0/../../../../arm-none-eabi/lib/thumb/v7e-m+fp/hard/libc.a(libc_a-wsetup.o)
 .ARM.attributes
                0x00000f6f       0x34 /usr/lib/gcc/arm-none-eabi/14.2.0/../../../../arm-none-eabi/lib/thumb/v7e-m+fp/hard/libc.a(libc_a-abort.o)
 .ARM.attributes
                0x00000fa3       0x34 /usr/lib/gcc/arm-none-eabi/14.2.0/../../../../arm-none-eabi/lib/thumb/v7e-m+fp/hard/libc.a(libc_a-makebuf.o)
 .ARM.attributes
                0x00000fd7       0x34 /usr/lib/gcc/arm-none-eabi/14.2.0/../../../../arm-none-eabi/lib/thumb/v7e-m+fp/hard/libc.a(libc_a-signal.o)
 .ARM.attributes
                0x0000100b       0x34 /usr/lib/gcc/arm-none-eabi/14.2.0/../../../../arm-none-eabi/lib/thumb/v7e-m+fp/hard/libc.a(libc_a-fstatr.o)
 .ARM.attributes
                0x0000103f       0x34 /usr/lib/gcc/arm-none-eabi/14.2.0/../../../../arm-none-eabi/lib/thumb/v7e-m+fp/hard/libc.a(libc_a-isattyr.o)
 .ARM.attributes
                0x00001073       0x34 /usr/lib/gcc/arm-none-eabi/14.2.0/../../../../arm-none-eabi/lib/thumb/v7e-m+fp/hard/libc.a(libc_a-signalr.o)
 .ARM.attributes
                0x000010a7       0x22 /usr/lib/gcc/arm-none-eabi/14.2.0/thumb/v7e-m+fp/hard/libgcc.a(_arm_addsubdf3.o)
 .ARM.attributes
                0x000010c9       0x22 /usr/lib/gcc/arm-none-eabi/14.2.0/thumb/v7e-m+fp/hard/libgcc.a(_arm_muldivdf3.o)
 .ARM.attributes
                0x000010eb       0x22 /usr/lib/gcc/arm-none-eabi/14.2.0/thumb/v7e-m+fp/hard/libgcc.a(_arm_cmpdf2.o)
 .ARM.attributes
                0x0000110d       0x22 /usr/lib/gcc/arm-none-eabi/14.2.0/thumb/v7e-m+fp/hard/libgcc.a(_arm_unorddf2.o)
 .ARM.attributes
                0x0000112f       0x22 /usr/lib/gcc/arm-none-eabi/14.2.0/thumb/v7e-m+fp/hard/libgcc.a(_arm_fixdfsi.o)
 .ARM.attributes
                0x00001151       0x22 /usr/lib/gcc/arm-none-eabi/14.2.0/thumb/v7e-m+fp/hard/libgcc.a(_aeabi_uldivmod.o)
 .ARM.attributes
                0x00001173       0x34 /usr/lib/gcc/arm-none-eabi/14.2.0/thumb/v7e-m+fp/hard/libgcc.a(_udivmoddi4.o)
 .ARM.attributes
                0x000011a7       0x22 /usr/lib/gcc/arm-none-eabi/14.2.0/thumb/v7e-m+fp/hard/libgcc.a(_dvmd_tls.o)
 .ARM.attributes
                0x000011c9       0x22 /usr/lib/gcc/arm-none-eabi/14.2.0/thumb/v7e-m+fp/hard/crtn.o

.comment        0x00000000       0x1e
 .comment       0x00000000       0x1e output/adc.o
                                 0x1f (size before relaxing)
 .comment       0x0000001e       0x1f output/can.o
 .comment       0x0000001e       0x1f output/drv8703.o
 .comment       0x0000001e       0x1f output/main.o
 .comment       0x0000001e       0x1f output/tim.o
 .comment       0x0000001e       0x1f output/uart.o
 .comment       0x0000001e       0x1f output/stm32g4xx_it.o
 .comment       0x0000001e       0x1f output/syscalls.o
 .comment       0x0000001e       0x1f output/sysmem.o
 .comment       0x0000001e       0x1f output/system_stm32g4xx.o
 .comment       0x0000001e       0x1f output/stm32g4xx_hal_adc.o
 .comment       0x0000001e       0x1f output/stm32g4xx_hal_adc_ex.o
 .comment       0x0000001e       0x1f output/stm32g4xx_hal.o
 .comment       0x0000001e       0x1f output/stm32g4xx_hal_cortex.o
 .comment       0x0000001e       0x1f output/stm32g4xx_hal_exti.o
 .comment       0x0000001e       0x1f output/stm32g4xx_hal_fdcan.o
 .comment       0x0000001e       0x1f output/stm32g4xx_hal_gpio.o
 .comment       0x0000001e       0x1f output/stm32g4xx_hal_msp.o
 .comment       0x0000001e       0x1f output/stm32g4xx_hal_pwr_ex.o
 .comment       0x0000001e       0x1f output/stm32g4xx_hal_rcc.o
 .comment       0x0000001e       0x1f output/stm32g4xx_hal_rcc_ex.o
 .comment       0x0000001e       0x1f output/stm32g4xx_hal_spi.o
 .comment       0x0000001e       0x1f output/stm32g4xx_hal_tim.o
 .comment       0x0000001e       0x1f output/stm32g4xx_hal_tim_ex.o
 .comment       0x0000001e       0x1f output/stm32g4xx_hal_uart.o
 .comment       0x0000001e       0x1f output/stm32g4xx_nucleo.o
 .comment       0x0000001e       0x1f /usr/lib/gcc/arm-none-eabi/14.2.0/../../../../arm-none-eabi/lib/thumb/v7e-m+fp/hard/libc.a(libc_a-atexit.o)
 .comment       0x0000001e       0x1f /usr/lib/gcc/arm-none-eabi/14.2.0/../../../../arm-none-eabi/lib/thumb/v7e-m+fp/hard/libc.a(libc_a-findfp.o)
 .comment       0x0000001e       0x1f /usr/lib/gcc/arm-none-eabi/14.2.0/../../../../arm-none-eabi/lib/thumb/v7e-m+fp/hard/libc.a(libc_a-fwalk.o)
 .comment       0x0000001e       0x1f /usr/lib/gcc/arm-none-eabi/14.2.0/../../../../arm-none-eabi/lib/thumb/v7e-m+fp/hard/libc.a(libc_a-snprintf.o)
 .comment       0x0000001e       0x1f /usr/lib/gcc/arm-none-eabi/14.2.0/../../../../arm-none-eabi/lib/thumb/v7e-m+fp/hard/libc.a(libc_a-stdio.o)
 .comment       0x0000001e       0x1f /usr/lib/gcc/arm-none-eabi/14.2.0/../../../../arm-none-eabi/lib/thumb/v7e-m+fp/hard/libc.a(libc_a-memset.o)
 .comment       0x0000001e       0x1f /usr/lib/gcc/arm-none-eabi/14.2.0/../../../../arm-none-eabi/lib/thumb/v7e-m+fp/hard/libc.a(libc_a-closer.o)
 .comment       0x0000001e       0x1f /usr/lib/gcc/arm-none-eabi/14.2.0/../../../../arm-none-eabi/lib/thumb/v7e-m+fp/hard/libc.a(libc_a-reent.o)
 .comment       0x0000001e       0x1f /usr/lib/gcc/arm-none-eabi/14.2.0/../../../../arm-none-eabi/lib/thumb/v7e-m+fp/hard/libc.a(libc_a-impure.o)
 .comment       0x0000001e       0x1f /usr/lib/gcc/arm-none-eabi/14.2.0/../../../../arm-none-eabi/lib/thumb/v7e-m+fp/hard/libc.a(libc_a-lseekr.o)
 .comment       0x0000001e       0x1f /usr/lib/gcc/arm-none-eabi/14.2.0/../../../../arm-none-eabi/lib/thumb/v7e-m+fp/hard/libc.a(libc_a-readr.o)
 .comment       0x0000001e       0x1f /usr/lib/gcc/arm-none-eabi/14.2.0/../../../../arm-none-eabi/lib/thumb/v7e-m+fp/hard/libc.a(libc_a-writer.o)
 .comment       0x0000001e       0x1f /usr/lib/gcc/arm-none-eabi/14.2.0/../../../../arm-none-eabi/lib/thumb/v7e-m+fp/hard/libc.a(libc_a-errno.o)
 .comment       0x0000001e       0x1f /usr/lib/gcc/arm-none-eabi/14.2.0/../../../../arm-none-eabi/lib/thumb/v7e-m+fp/hard/libc.a(libc_a-init.o)
 .comment       0x0000001e       0x1f /usr/lib/gcc/arm-none-eabi/14.2.0/../../../../arm-none-eabi/lib/thumb/v7e-m+fp/hard/libc.a(libc_a-fini.o)
 .comment       0x0000001e       0x1f /usr/lib/gcc/arm-none-eabi/14.2.0/../../../../arm-none-eabi/lib/thumb/v7e-m+fp/hard/libc.a(libc_a-lock.o)
 .comment       0x0000001e       0x1f /usr/lib/gcc/arm-none-eabi/14.2.0/../../../../arm-none-eabi/lib/thumb/v7e-m+fp/hard/libc.a(libc_a-__atexit.o)
 .comment       0x0000001e       0x1f /usr/lib/gcc/arm-none-eabi/14.2.0/../../../../arm-none-eabi/lib/thumb/v7e-m+fp/hard/libc.a(libc_a-__call_atexit.o)
 .comment       0x0000001e       0x1f /usr/lib/gcc/arm-none-eabi/14.2.0/../../../../arm-none-eabi/lib/thumb/v7e-m+fp/hard/libc.a(libc_a-freer.o)
 .comment       0x0000001e       0x1f /usr/lib/gcc/arm-none-eabi/14.2.0/../../../../arm-none-eabi/lib/thumb/v7e-m+fp/hard/libc.a(libc_a-mallocr.o)
 .comment       0x0000001e       0x1f /usr/lib/gcc/arm-none-eabi/14.2.0/../../../../arm-none-eabi/lib/thumb/v7e-m+fp/hard/libc.a(libc_a-mlock.o)
 .comment       0x0000001e       0x1f /usr/lib/gcc/arm-none-eabi/14.2.0/../../../../arm-none-eabi/lib/thumb/v7e-m+fp/hard/libc.a(libc_a-svfprintf.o)
 .comment       0x0000001e       0x1f /usr/lib/gcc/arm-none-eabi/14.2.0/../../../../arm-none-eabi/lib/thumb/v7e-m+fp/hard/libc.a(libc_a-ssprint_r.o)
 .comment       0x0000001e       0x1f /usr/lib/gcc/arm-none-eabi/14.2.0/../../../../arm-none-eabi/lib/thumb/v7e-m+fp/hard/libc.a(libc_a-fclose.o)
 .comment       0x0000001e       0x1f /usr/lib/gcc/arm-none-eabi/14.2.0/../../../../arm-none-eabi/lib/thumb/v7e-m+fp/hard/libc.a(libc_a-fflush.o)
 .comment       0x0000001e       0x1f /usr/lib/gcc/arm-none-eabi/14.2.0/../../../../arm-none-eabi/lib/thumb/v7e-m+fp/hard/libc.a(libc_a-strncpy.o)
 .comment       0x0000001e       0x1f /usr/lib/gcc/arm-none-eabi/14.2.0/../../../../arm-none-eabi/lib/thumb/v7e-m+fp/hard/libc.a(libc_a-localeconv.o)
 .comment       0x0000001e       0x1f /usr/lib/gcc/arm-none-eabi/14.2.0/../../../../arm-none-eabi/lib/thumb/v7e-m+fp/hard/libc.a(libc_a-sbrkr.o)
 .comment       0x0000001e       0x1f /usr/lib/gcc/arm-none-eabi/14.2.0/../../../../arm-none-eabi/lib/thumb/v7e-m+fp/hard/libc.a(libc_a-sysconf.o)
 .comment       0x0000001e       0x1f /usr/lib/gcc/arm-none-eabi/14.2.0/../../../../arm-none-eabi/lib/thumb/v7e-m+fp/hard/libc.a(libm_a-s_frexp.o)
 .comment       0x0000001e       0x1f /usr/lib/gcc/arm-none-eabi/14.2.0/../../../../arm-none-eabi/lib/thumb/v7e-m+fp/hard/libc.a(libc_a-dtoa.o)
 .comment       0x0000001e       0x1f /usr/lib/gcc/arm-none-eabi/14.2.0/../../../../arm-none-eabi/lib/thumb/v7e-m+fp/hard/libc.a(libc_a-mprec.o)
 .comment       0x0000001e       0x1f /usr/lib/gcc/arm-none-eabi/14.2.0/../../../../arm-none-eabi/lib/thumb/v7e-m+fp/hard/libc.a(libc_a-ssputs_r.o)
 .comment       0x0000001e       0x1f /usr/lib/gcc/arm-none-eabi/14.2.0/../../../../arm-none-eabi/lib/thumb/v7e-m+fp/hard/libc.a(libc_a-memmove.o)
 .comment       0x0000001e       0x1f /usr/lib/gcc/arm-none-eabi/14.2.0/../../../../arm-none-eabi/lib/thumb/v7e-m+fp/hard/libc.a(libc_a-locale.o)
 .comment       0x0000001e       0x1f /usr/lib/gcc/arm-none-eabi/14.2.0/../../../../arm-none-eabi/lib/thumb/v7e-m+fp/hard/libc.a(libc_a-assert.o)
 .comment       0x0000001e       0x1f /usr/lib/gcc/arm-none-eabi/14.2.0/../../../../arm-none-eabi/lib/thumb/v7e-m+fp/hard/libc.a(libc_a-callocr.o)
 .comment       0x0000001e       0x1f /usr/lib/gcc/arm-none-eabi/14.2.0/../../../../arm-none-eabi/lib/thumb/v7e-m+fp/hard/libc.a(libc_a-mbtowc_r.o)
 .comment       0x0000001e       0x1f /usr/lib/gcc/arm-none-eabi/14.2.0/../../../../arm-none-eabi/lib/thumb/v7e-m+fp/hard/libc.a(libc_a-reallocr.o)
 .comment       0x0000001e       0x1f /usr/lib/gcc/arm-none-eabi/14.2.0/../../../../arm-none-eabi/lib/thumb/v7e-m+fp/hard/libc.a(libc_a-wctomb_r.o)
 .comment       0x0000001e       0x1f /usr/lib/gcc/arm-none-eabi/14.2.0/../../../../arm-none-eabi/lib/thumb/v7e-m+fp/hard/libc.a(libc_a-ctype_.o)
 .comment       0x0000001e       0x1f /usr/lib/gcc/arm-none-eabi/14.2.0/../../../../arm-none-eabi/lib/thumb/v7e-m+fp/hard/libc.a(libc_a-fiprintf.o)
 .comment       0x0000001e       0x1f /usr/lib/gcc/arm-none-eabi/14.2.0/../../../../arm-none-eabi/lib/thumb/v7e-m+fp/hard/libc.a(libc_a-vfiprintf.o)
 .comment       0x0000001e       0x1f /usr/lib/gcc/arm-none-eabi/14.2.0/../../../../arm-none-eabi/lib/thumb/v7e-m+fp/hard/libc.a(libc_a-sprint_r.o)
 .comment       0x0000001e       0x1f /usr/lib/gcc/arm-none-eabi/14.2.0/../../../../arm-none-eabi/lib/thumb/v7e-m+fp/hard/libc.a(libc_a-fvwrite.o)
 .comment       0x0000001e       0x1f /usr/lib/gcc/arm-none-eabi/14.2.0/../../../../arm-none-eabi/lib/thumb/v7e-m+fp/hard/libc.a(libc_a-wsetup.o)
 .comment       0x0000001e       0x1f /usr/lib/gcc/arm-none-eabi/14.2.0/../../../../arm-none-eabi/lib/thumb/v7e-m+fp/hard/libc.a(libc_a-abort.o)
 .comment       0x0000001e       0x1f /usr/lib/gcc/arm-none-eabi/14.2.0/../../../../arm-none-eabi/lib/thumb/v7e-m+fp/hard/libc.a(libc_a-makebuf.o)
 .comment       0x0000001e       0x1f /usr/lib/gcc/arm-none-eabi/14.2.0/../../../../arm-none-eabi/lib/thumb/v7e-m+fp/hard/libc.a(libc_a-signal.o)
 .comment       0x0000001e       0x1f /usr/lib/gcc/arm-none-eabi/14.2.0/../../../../arm-none-eabi/lib/thumb/v7e-m+fp/hard/libc.a(libc_a-fstatr.o)
 .comment       0x0000001e       0x1f /usr/lib/gcc/arm-none-eabi/14.2.0/../../../../arm-none-eabi/lib/thumb/v7e-m+fp/hard/libc.a(libc_a-isattyr.o)
 .comment       0x0000001e       0x1f /usr/lib/gcc/arm-none-eabi/14.2.0/../../../../arm-none-eabi/lib/thumb/v7e-m+fp/hard/libc.a(libc_a-signalr.o)
 .comment       0x0000001e       0x1f /usr/lib/gcc/arm-none-eabi/14.2.0/thumb/v7e-m+fp/hard/libgcc.a(_udivmoddi4.o)

.debug_info     0x00000000    0x44921
 .debug_info    0x00000000     0x13df output/adc.o
 .debug_info    0x000013df      0xf89 output/can.o
 .debug_info    0x00002368     0x1359 output/drv8703.o
 .debug_info    0x000036c1      0xe30 output/main.o
 .debug_info    0x000044f1      0xfcc output/tim.o
 .debug_info    0x000054bd      0xd66 output/uart.o
 .debug_info    0x00006223      0x1c0 output/stm32g4xx_it.o
 .debug_info    0x000063e3      0x848 output/syscalls.o
 .debug_info    0x00006c2b      0x18c output/sysmem.o
 .debug_info    0x00006db7      0x649 output/system_stm32g4xx.o
 .debug_info    0x00007400     0x3988 output/stm32g4xx_hal_adc.o
 .debug_info    0x0000ad88     0x3245 output/stm32g4xx_hal_adc_ex.o
 .debug_info    0x0000dfcd      0xdc9 output/stm32g4xx_hal.o
 .debug_info    0x0000ed96     0x1247 output/stm32g4xx_hal_cortex.o
 .debug_info    0x0000ffdd      0x7e0 output/stm32g4xx_hal_exti.o
 .debug_info    0x000107bd     0x1f67 output/stm32g4xx_hal_fdcan.o
 .debug_info    0x00012724      0x92d output/stm32g4xx_hal_gpio.o
 .debug_info    0x00013051      0x39a output/stm32g4xx_hal_msp.o
 .debug_info    0x000133eb      0xb1d output/stm32g4xx_hal_pwr_ex.o
 .debug_info    0x00013f08     0x1081 output/stm32g4xx_hal_rcc.o
 .debug_info    0x00014f89     0x10b9 output/stm32g4xx_hal_rcc_ex.o
 .debug_info    0x00016042     0x2390 output/stm32g4xx_hal_spi.o
 .debug_info    0x000183d2     0x449e output/stm32g4xx_hal_tim.o
 .debug_info    0x0001c870     0x2895 output/stm32g4xx_hal_tim_ex.o
 .debug_info    0x0001f105     0x674f output/stm32g4xx_hal_uart.o
 .debug_info    0x00025854     0x1cf8 output/stm32g4xx_nucleo.o
 .debug_info    0x0002754c       0x30 output/startup_stm32g474xx.o
 .debug_info    0x0002757c      0x11e /usr/lib/gcc/arm-none-eabi/14.2.0/../../../../arm-none-eabi/lib/thumb/v7e-m+fp/hard/libc.a(libc_a-atexit.o)
 .debug_info    0x0002769a     0x10fd /usr/lib/gcc/arm-none-eabi/14.2.0/../../../../arm-none-eabi/lib/thumb/v7e-m+fp/hard/libc.a(libc_a-findfp.o)
 .debug_info    0x00028797      0x80b /usr/lib/gcc/arm-none-eabi/14.2.0/../../../../arm-none-eabi/lib/thumb/v7e-m+fp/hard/libc.a(libc_a-fwalk.o)
 .debug_info    0x00028fa2      0x944 /usr/lib/gcc/arm-none-eabi/14.2.0/../../../../arm-none-eabi/lib/thumb/v7e-m+fp/hard/libc.a(libc_a-snprintf.o)
 .debug_info    0x000298e6      0xac5 /usr/lib/gcc/arm-none-eabi/14.2.0/../../../../arm-none-eabi/lib/thumb/v7e-m+fp/hard/libc.a(libc_a-stdio.o)
 .debug_info    0x0002a3ab      0x135 /usr/lib/gcc/arm-none-eabi/14.2.0/../../../../arm-none-eabi/lib/thumb/v7e-m+fp/hard/libc.a(libc_a-memset.o)
 .debug_info    0x0002a4e0      0x798 /usr/lib/gcc/arm-none-eabi/14.2.0/../../../../arm-none-eabi/lib/thumb/v7e-m+fp/hard/libc.a(libc_a-closer.o)
 .debug_info    0x0002ac78      0x858 /usr/lib/gcc/arm-none-eabi/14.2.0/../../../../arm-none-eabi/lib/thumb/v7e-m+fp/hard/libc.a(libc_a-reent.o)
 .debug_info    0x0002b4d0      0x750 /usr/lib/gcc/arm-none-eabi/14.2.0/../../../../arm-none-eabi/lib/thumb/v7e-m+fp/hard/libc.a(libc_a-impure.o)
 .debug_info    0x0002bc20      0x7e3 /usr/lib/gcc/arm-none-eabi/14.2.0/../../../../arm-none-eabi/lib/thumb/v7e-m+fp/hard/libc.a(libc_a-lseekr.o)
 .debug_info    0x0002c403      0x7fa /usr/lib/gcc/arm-none-eabi/14.2.0/../../../../arm-none-eabi/lib/thumb/v7e-m+fp/hard/libc.a(libc_a-readr.o)
 .debug_info    0x0002cbfd      0x800 /usr/lib/gcc/arm-none-eabi/14.2.0/../../../../arm-none-eabi/lib/thumb/v7e-m+fp/hard/libc.a(libc_a-writer.o)
 .debug_info    0x0002d3fd      0x736 /usr/lib/gcc/arm-none-eabi/14.2.0/../../../../arm-none-eabi/lib/thumb/v7e-m+fp/hard/libc.a(libc_a-errno.o)
 .debug_info    0x0002db33      0x10b /usr/lib/gcc/arm-none-eabi/14.2.0/../../../../arm-none-eabi/lib/thumb/v7e-m+fp/hard/libc.a(libc_a-init.o)
 .debug_info    0x0002dc3e       0xf7 /usr/lib/gcc/arm-none-eabi/14.2.0/../../../../arm-none-eabi/lib/thumb/v7e-m+fp/hard/libc.a(libc_a-fini.o)
 .debug_info    0x0002dd35      0x218 /usr/lib/gcc/arm-none-eabi/14.2.0/../../../../arm-none-eabi/lib/thumb/v7e-m+fp/hard/libc.a(libc_a-lock.o)
 .debug_info    0x0002df4d      0x25f /usr/lib/gcc/arm-none-eabi/14.2.0/../../../../arm-none-eabi/lib/thumb/v7e-m+fp/hard/libc.a(libc_a-__atexit.o)
 .debug_info    0x0002e1ac      0x2dd /usr/lib/gcc/arm-none-eabi/14.2.0/../../../../arm-none-eabi/lib/thumb/v7e-m+fp/hard/libc.a(libc_a-__call_atexit.o)
 .debug_info    0x0002e489      0xb7d /usr/lib/gcc/arm-none-eabi/14.2.0/../../../../arm-none-eabi/lib/thumb/v7e-m+fp/hard/libc.a(libc_a-freer.o)
 .debug_info    0x0002f006      0xcff /usr/lib/gcc/arm-none-eabi/14.2.0/../../../../arm-none-eabi/lib/thumb/v7e-m+fp/hard/libc.a(libc_a-mallocr.o)
 .debug_info    0x0002fd05      0x7a6 /usr/lib/gcc/arm-none-eabi/14.2.0/../../../../arm-none-eabi/lib/thumb/v7e-m+fp/hard/libc.a(libc_a-mlock.o)
 .debug_info    0x000304ab     0x1b2b /usr/lib/gcc/arm-none-eabi/14.2.0/../../../../arm-none-eabi/lib/thumb/v7e-m+fp/hard/libc.a(libc_a-svfprintf.o)
 .debug_info    0x00031fd6      0x867 /usr/lib/gcc/arm-none-eabi/14.2.0/../../../../arm-none-eabi/lib/thumb/v7e-m+fp/hard/libc.a(libc_a-ssprint_r.o)
 .debug_info    0x0003283d      0x908 /usr/lib/gcc/arm-none-eabi/14.2.0/../../../../arm-none-eabi/lib/thumb/v7e-m+fp/hard/libc.a(libc_a-fclose.o)
 .debug_info    0x00033145      0xad4 /usr/lib/gcc/arm-none-eabi/14.2.0/../../../../arm-none-eabi/lib/thumb/v7e-m+fp/hard/libc.a(libc_a-fflush.o)
 .debug_info    0x00033c19      0x14a /usr/lib/gcc/arm-none-eabi/14.2.0/../../../../arm-none-eabi/lib/thumb/v7e-m+fp/hard/libc.a(libc_a-strncpy.o)
 .debug_info    0x00033d63      0xa43 /usr/lib/gcc/arm-none-eabi/14.2.0/../../../../arm-none-eabi/lib/thumb/v7e-m+fp/hard/libc.a(libc_a-localeconv.o)
 .debug_info    0x000347a6      0x7bd /usr/lib/gcc/arm-none-eabi/14.2.0/../../../../arm-none-eabi/lib/thumb/v7e-m+fp/hard/libc.a(libc_a-sbrkr.o)
 .debug_info    0x00034f63       0xc1 /usr/lib/gcc/arm-none-eabi/14.2.0/../../../../arm-none-eabi/lib/thumb/v7e-m+fp/hard/libc.a(libc_a-sysconf.o)
 .debug_info    0x00035024       0x25 /usr/lib/gcc/arm-none-eabi/14.2.0/../../../../arm-none-eabi/lib/thumb/v7e-m+fp/hard/libc.a(libc_a-memchr.o)
 .debug_info    0x00035049       0x33 /usr/lib/gcc/arm-none-eabi/14.2.0/../../../../arm-none-eabi/lib/thumb/v7e-m+fp/hard/libc.a(libc_a-strlen.o)
 .debug_info    0x0003507c      0x1e0 /usr/lib/gcc/arm-none-eabi/14.2.0/../../../../arm-none-eabi/lib/thumb/v7e-m+fp/hard/libc.a(libm_a-s_frexp.o)
 .debug_info    0x0003525c     0x19e0 /usr/lib/gcc/arm-none-eabi/14.2.0/../../../../arm-none-eabi/lib/thumb/v7e-m+fp/hard/libc.a(libc_a-dtoa.o)
 .debug_info    0x00036c3c     0x1e4d /usr/lib/gcc/arm-none-eabi/14.2.0/../../../../arm-none-eabi/lib/thumb/v7e-m+fp/hard/libc.a(libc_a-mprec.o)
 .debug_info    0x00038a89      0x8e9 /usr/lib/gcc/arm-none-eabi/14.2.0/../../../../arm-none-eabi/lib/thumb/v7e-m+fp/hard/libc.a(libc_a-ssputs_r.o)
 .debug_info    0x00039372      0x148 /usr/lib/gcc/arm-none-eabi/14.2.0/../../../../arm-none-eabi/lib/thumb/v7e-m+fp/hard/libc.a(libc_a-memmove.o)
 .debug_info    0x000394ba      0xbee /usr/lib/gcc/arm-none-eabi/14.2.0/../../../../arm-none-eabi/lib/thumb/v7e-m+fp/hard/libc.a(libc_a-locale.o)
 .debug_info    0x0003a0a8       0x33 /usr/lib/gcc/arm-none-eabi/14.2.0/../../../../arm-none-eabi/lib/thumb/v7e-m+fp/hard/libc.a(libc_a-memcpy.o)
 .debug_info    0x0003a0db      0x86a /usr/lib/gcc/arm-none-eabi/14.2.0/../../../../arm-none-eabi/lib/thumb/v7e-m+fp/hard/libc.a(libc_a-assert.o)
 .debug_info    0x0003a945      0x901 /usr/lib/gcc/arm-none-eabi/14.2.0/../../../../arm-none-eabi/lib/thumb/v7e-m+fp/hard/libc.a(libc_a-callocr.o)
 .debug_info    0x0003b246      0xae5 /usr/lib/gcc/arm-none-eabi/14.2.0/../../../../arm-none-eabi/lib/thumb/v7e-m+fp/hard/libc.a(libc_a-mbtowc_r.o)
 .debug_info    0x0003bd2b      0xbf1 /usr/lib/gcc/arm-none-eabi/14.2.0/../../../../arm-none-eabi/lib/thumb/v7e-m+fp/hard/libc.a(libc_a-reallocr.o)
 .debug_info    0x0003c91c      0xaa1 /usr/lib/gcc/arm-none-eabi/14.2.0/../../../../arm-none-eabi/lib/thumb/v7e-m+fp/hard/libc.a(libc_a-wctomb_r.o)
 .debug_info    0x0003d3bd       0xb9 /usr/lib/gcc/arm-none-eabi/14.2.0/../../../../arm-none-eabi/lib/thumb/v7e-m+fp/hard/libc.a(libc_a-ctype_.o)
 .debug_info    0x0003d476      0x899 /usr/lib/gcc/arm-none-eabi/14.2.0/../../../../arm-none-eabi/lib/thumb/v7e-m+fp/hard/libc.a(libc_a-fiprintf.o)
 .debug_info    0x0003dd0f     0x13ab /usr/lib/gcc/arm-none-eabi/14.2.0/../../../../arm-none-eabi/lib/thumb/v7e-m+fp/hard/libc.a(libc_a-vfiprintf.o)
 .debug_info    0x0003f0ba      0x826 /usr/lib/gcc/arm-none-eabi/14.2.0/../../../../arm-none-eabi/lib/thumb/v7e-m+fp/hard/libc.a(libc_a-sprint_r.o)