ARM GAS  /tmp/ccGYPPVC.s 			page 1


   1              		.cpu cortex-m4
   2              		.arch armv7e-m
   3              		.fpu fpv4-sp-d16
   4              		.eabi_attribute 27, 1
   5              		.eabi_attribute 28, 1
   6              		.eabi_attribute 20, 1
   7              		.eabi_attribute 21, 1
   8              		.eabi_attribute 23, 3
   9              		.eabi_attribute 24, 1
  10              		.eabi_attribute 25, 1
  11              		.eabi_attribute 26, 1
  12              		.eabi_attribute 30, 1
  13              		.eabi_attribute 34, 1
  14              		.eabi_attribute 18, 4
  15              		.file	"tmp112.c"
  16              		.text
  17              	.Ltext0:
  18              		.cfi_sections	.debug_frame
  19              		.file 1 "src/tmp112.c"
  20              		.section	.text.TMP_write,"ax",%progbits
  21              		.align	1
  22              		.global	TMP_write
  23              		.syntax unified
  24              		.thumb
  25              		.thumb_func
  27              	TMP_write:
  28              	.LVL0:
  29              	.LFB335:
   1:src/tmp112.c  **** /**
   2:src/tmp112.c  ****  * @file tmp112.c
   3:src/tmp112.c  ****  * @brief Source file for TMP112 temperature sensor driver functions
   4:src/tmp112.c  ****  * Handles I2C communication and driver configuration.
   5:src/tmp112.c  ****  */
   6:src/tmp112.c  **** #include "tmp112.h"
   7:src/tmp112.c  **** 
   8:src/tmp112.c  **** I2C_HandleTypeDef 	TMP_I2C_INTERFACE;
   9:src/tmp112.c  **** 
  10:src/tmp112.c  **** void TMP_init() {
  11:src/tmp112.c  **** 	MX_I2C_Init();
  12:src/tmp112.c  **** 
  13:src/tmp112.c  ****     for (uint8_t i = 0; i < TMP_ADDR_AMOUNT; i++) {
  14:src/tmp112.c  ****         TMP_setConfig(TMP_ADDR(i), TMP_CONFIG_FAULT_QUEUE_MASK(1));
  15:src/tmp112.c  ****         TMP_setConfig(TMP_ADDR(i), TMP_CONFIG_POLARITY_MASK);
  16:src/tmp112.c  ****         TMP_setTLow(TMP_ADDR(i), 60);
  17:src/tmp112.c  ****         TMP_setTHigh(TMP_ADDR(i), 80);
  18:src/tmp112.c  ****         TMP_getTemperatureSingle(TMP_ADDR(i));
  19:src/tmp112.c  ****     }
  20:src/tmp112.c  **** }
  21:src/tmp112.c  **** 
  22:src/tmp112.c  **** int16_t TMP_getTemperature(void) {
  23:src/tmp112.c  ****     uint16_t average = 0;
  24:src/tmp112.c  **** 
  25:src/tmp112.c  ****     for (uint8_t i = 0; i < TMP_ADDR_AMOUNT; i++) {
  26:src/tmp112.c  ****         average += TMP_getTemperatureSingle(TMP_ADDR(i));
  27:src/tmp112.c  ****     }
  28:src/tmp112.c  **** 
  29:src/tmp112.c  ****     average /= TMP_ADDR_AMOUNT;
ARM GAS  /tmp/ccGYPPVC.s 			page 2


  30:src/tmp112.c  ****     return average;
  31:src/tmp112.c  **** }
  32:src/tmp112.c  **** 
  33:src/tmp112.c  **** 
  34:src/tmp112.c  **** int16_t TMP_getTemperatureSingle(uint8_t address) {
  35:src/tmp112.c  **** 	int16_t temperature = (uint16_t)(TMP_read(address, TMP_TEMPERATURE) >> 4);
  36:src/tmp112.c  ****     return TMP_data_to_celcius(temperature);
  37:src/tmp112.c  **** }
  38:src/tmp112.c  **** 
  39:src/tmp112.c  **** uint8_t TMP_setTLow(uint8_t address, float celcius) {
  40:src/tmp112.c  ****     return TMP_write(address, TMP_TLOW, TMP_data_to_celcius(celcius));
  41:src/tmp112.c  **** }
  42:src/tmp112.c  **** 
  43:src/tmp112.c  **** uint8_t TMP_setTHigh(uint8_t address, float celcius) {
  44:src/tmp112.c  ****     return TMP_write(address, TMP_THIGH, TMP_data_to_celcius(celcius));
  45:src/tmp112.c  **** }
  46:src/tmp112.c  **** 
  47:src/tmp112.c  **** uint8_t TMP_setConfig(uint8_t address, uint16_t data) {
  48:src/tmp112.c  ****     return TMP_write(address, TMP_CONFIG, data);
  49:src/tmp112.c  **** }
  50:src/tmp112.c  **** 
  51:src/tmp112.c  **** uint8_t TMP_write(uint8_t address, uint8_t reg, uint16_t data) {
  30              		.loc 1 51 64 view -0
  31              		.cfi_startproc
  32              		@ args = 0, pretend = 0, frame = 8
  33              		@ frame_needed = 0, uses_anonymous_args = 0
  34              		.loc 1 51 64 is_stmt 0 view .LVU1
  35 0000 00B5     		push	{lr}
  36              	.LCFI0:
  37              		.cfi_def_cfa_offset 4
  38              		.cfi_offset 14, -4
  39 0002 87B0     		sub	sp, sp, #28
  40              	.LCFI1:
  41              		.cfi_def_cfa_offset 32
  52:src/tmp112.c  ****     uint8_t OK = 1;
  42              		.loc 1 52 5 is_stmt 1 view .LVU2
  43              	.LVL1:
  53:src/tmp112.c  ****     uint8_t buf[2] = {(data >> 8 & 0xFF), (data & 0xFF)};
  44              		.loc 1 53 5 view .LVU3
  45              		.loc 1 53 13 is_stmt 0 view .LVU4
  46 0004 130A     		lsrs	r3, r2, #8
  47 0006 8DF81430 		strb	r3, [sp, #20]
  48 000a 8DF81520 		strb	r2, [sp, #21]
  54:src/tmp112.c  **** 
  55:src/tmp112.c  ****     if (HAL_I2C_Mem_Write(&TMP_I2C_INTERFACE, address, reg, 1, buf, 2, HAL_MAX_DELAY) != HAL_OK) OK
  49              		.loc 1 55 5 is_stmt 1 view .LVU5
  50              		.loc 1 55 9 is_stmt 0 view .LVU6
  51 000e 4FF0FF33 		mov	r3, #-1
  52 0012 0293     		str	r3, [sp, #8]
  53 0014 0223     		movs	r3, #2
  54 0016 0193     		str	r3, [sp, #4]
  55 0018 05AB     		add	r3, sp, #20
  56 001a 0093     		str	r3, [sp]
  57 001c 0123     		movs	r3, #1
  58 001e 0A46     		mov	r2, r1
  59              	.LVL2:
  60              		.loc 1 55 9 view .LVU7
ARM GAS  /tmp/ccGYPPVC.s 			page 3


  61 0020 0146     		mov	r1, r0
  62              	.LVL3:
  63              		.loc 1 55 9 view .LVU8
  64 0022 0548     		ldr	r0, .L5
  65              	.LVL4:
  66              		.loc 1 55 9 view .LVU9
  67 0024 FFF7FEFF 		bl	HAL_I2C_Mem_Write
  68              	.LVL5:
  69              		.loc 1 55 8 discriminator 1 view .LVU10
  70 0028 18B9     		cbnz	r0, .L3
  52:src/tmp112.c  ****     uint8_t buf[2] = {(data >> 8 & 0xFF), (data & 0xFF)};
  71              		.loc 1 52 13 view .LVU11
  72 002a 0120     		movs	r0, #1
  73              	.L2:
  74              	.LVL6:
  56:src/tmp112.c  ****     return OK;
  75              		.loc 1 56 5 is_stmt 1 view .LVU12
  57:src/tmp112.c  **** }
  76              		.loc 1 57 1 is_stmt 0 view .LVU13
  77 002c 07B0     		add	sp, sp, #28
  78              	.LCFI2:
  79              		.cfi_remember_state
  80              		.cfi_def_cfa_offset 4
  81              		@ sp needed
  82 002e 5DF804FB 		ldr	pc, [sp], #4
  83              	.LVL7:
  84              	.L3:
  85              	.LCFI3:
  86              		.cfi_restore_state
  55:src/tmp112.c  ****     return OK;
  87              		.loc 1 55 101 discriminator 1 view .LVU14
  88 0032 0020     		movs	r0, #0
  89 0034 FAE7     		b	.L2
  90              	.L6:
  91 0036 00BF     		.align	2
  92              	.L5:
  93 0038 00000000 		.word	hi2c1
  94              		.cfi_endproc
  95              	.LFE335:
  97              		.section	.text.TMP_setConfig,"ax",%progbits
  98              		.align	1
  99              		.global	TMP_setConfig
 100              		.syntax unified
 101              		.thumb
 102              		.thumb_func
 104              	TMP_setConfig:
 105              	.LVL8:
 106              	.LFB334:
  47:src/tmp112.c  ****     return TMP_write(address, TMP_CONFIG, data);
 107              		.loc 1 47 55 is_stmt 1 view -0
 108              		.cfi_startproc
 109              		@ args = 0, pretend = 0, frame = 0
 110              		@ frame_needed = 0, uses_anonymous_args = 0
  47:src/tmp112.c  ****     return TMP_write(address, TMP_CONFIG, data);
 111              		.loc 1 47 55 is_stmt 0 view .LVU16
 112 0000 08B5     		push	{r3, lr}
 113              	.LCFI4:
ARM GAS  /tmp/ccGYPPVC.s 			page 4


 114              		.cfi_def_cfa_offset 8
 115              		.cfi_offset 3, -8
 116              		.cfi_offset 14, -4
 117 0002 0A46     		mov	r2, r1
  48:src/tmp112.c  **** }
 118              		.loc 1 48 5 is_stmt 1 view .LVU17
  48:src/tmp112.c  **** }
 119              		.loc 1 48 12 is_stmt 0 view .LVU18
 120 0004 0121     		movs	r1, #1
 121              	.LVL9:
  48:src/tmp112.c  **** }
 122              		.loc 1 48 12 view .LVU19
 123 0006 FFF7FEFF 		bl	TMP_write
 124              	.LVL10:
  49:src/tmp112.c  **** 
 125              		.loc 1 49 1 view .LVU20
 126 000a 08BD     		pop	{r3, pc}
 127              		.cfi_endproc
 128              	.LFE334:
 130              		.section	.text.TMP_read,"ax",%progbits
 131              		.align	1
 132              		.global	TMP_read
 133              		.syntax unified
 134              		.thumb
 135              		.thumb_func
 137              	TMP_read:
 138              	.LVL11:
 139              	.LFB336:
  58:src/tmp112.c  **** 
  59:src/tmp112.c  **** 
  60:src/tmp112.c  **** uint16_t TMP_read(uint8_t address, uint8_t reg) {
 140              		.loc 1 60 49 is_stmt 1 view -0
 141              		.cfi_startproc
 142              		@ args = 0, pretend = 0, frame = 8
 143              		@ frame_needed = 0, uses_anonymous_args = 0
 144              		.loc 1 60 49 is_stmt 0 view .LVU22
 145 0000 00B5     		push	{lr}
 146              	.LCFI5:
 147              		.cfi_def_cfa_offset 4
 148              		.cfi_offset 14, -4
 149 0002 87B0     		sub	sp, sp, #28
 150              	.LCFI6:
 151              		.cfi_def_cfa_offset 32
 152 0004 0A46     		mov	r2, r1
  61:src/tmp112.c  ****     uint8_t pData[2] = {0};
 153              		.loc 1 61 5 is_stmt 1 view .LVU23
 154              		.loc 1 61 13 is_stmt 0 view .LVU24
 155 0006 0023     		movs	r3, #0
 156 0008 ADF81430 		strh	r3, [sp, #20]	@ movhi
  62:src/tmp112.c  ****     uint16_t data = 0;
 157              		.loc 1 62 5 is_stmt 1 view .LVU25
 158              	.LVL12:
  63:src/tmp112.c  **** 
  64:src/tmp112.c  ****     if (HAL_I2C_Mem_Read(&TMP_I2C_INTERFACE, address, reg, 1, pData, 2, HAL_MAX_DELAY) != HAL_OK) r
 159              		.loc 1 64 5 view .LVU26
 160              		.loc 1 64 9 is_stmt 0 view .LVU27
 161 000c 4FF0FF33 		mov	r3, #-1
ARM GAS  /tmp/ccGYPPVC.s 			page 5


 162 0010 0293     		str	r3, [sp, #8]
 163 0012 0223     		movs	r3, #2
 164 0014 0193     		str	r3, [sp, #4]
 165 0016 05AB     		add	r3, sp, #20
 166 0018 0093     		str	r3, [sp]
 167 001a 0123     		movs	r3, #1
 168 001c 0146     		mov	r1, r0
 169              	.LVL13:
 170              		.loc 1 64 9 view .LVU28
 171 001e 0848     		ldr	r0, .L13
 172              	.LVL14:
 173              		.loc 1 64 9 view .LVU29
 174 0020 FFF7FEFF 		bl	HAL_I2C_Mem_Read
 175              	.LVL15:
 176              		.loc 1 64 8 discriminator 1 view .LVU30
 177 0024 40B9     		cbnz	r0, .L11
  65:src/tmp112.c  ****     data = ((uint16_t)pData[0] << 8) | pData[1];
 178              		.loc 1 65 5 is_stmt 1 view .LVU31
 179              		.loc 1 65 28 is_stmt 0 view .LVU32
 180 0026 9DF81430 		ldrb	r3, [sp, #20]	@ zero_extendqisi2
 181              		.loc 1 65 45 view .LVU33
 182 002a 9DF81500 		ldrb	r0, [sp, #21]	@ zero_extendqisi2
 183              		.loc 1 65 10 view .LVU34
 184 002e 40EA0320 		orr	r0, r0, r3, lsl #8
 185              	.LVL16:
  66:src/tmp112.c  ****     return data;
 186              		.loc 1 66 5 is_stmt 1 view .LVU35
 187              	.L10:
  67:src/tmp112.c  **** }
 188              		.loc 1 67 1 is_stmt 0 view .LVU36
 189 0032 07B0     		add	sp, sp, #28
 190              	.LCFI7:
 191              		.cfi_remember_state
 192              		.cfi_def_cfa_offset 4
 193              		@ sp needed
 194 0034 5DF804FB 		ldr	pc, [sp], #4
 195              	.LVL17:
 196              	.L11:
 197              	.LCFI8:
 198              		.cfi_restore_state
  64:src/tmp112.c  ****     data = ((uint16_t)pData[0] << 8) | pData[1];
 199              		.loc 1 64 106 discriminator 1 view .LVU37
 200 0038 4FF6FF70 		movw	r0, #65535
 201 003c F9E7     		b	.L10
 202              	.L14:
 203 003e 00BF     		.align	2
 204              	.L13:
 205 0040 00000000 		.word	hi2c1
 206              		.cfi_endproc
 207              	.LFE336:
 209              		.section	.text.TMP_celcius_to_data,"ax",%progbits
 210              		.align	1
 211              		.global	TMP_celcius_to_data
 212              		.syntax unified
 213              		.thumb
 214              		.thumb_func
 216              	TMP_celcius_to_data:
ARM GAS  /tmp/ccGYPPVC.s 			page 6


 217              	.LVL18:
 218              	.LFB337:
  68:src/tmp112.c  **** 
  69:src/tmp112.c  **** 
  70:src/tmp112.c  **** uint16_t TMP_celcius_to_data(float celcius) {
 219              		.loc 1 70 45 is_stmt 1 view -0
 220              		.cfi_startproc
 221              		@ args = 0, pretend = 0, frame = 0
 222              		@ frame_needed = 0, uses_anonymous_args = 0
 223              		@ link register save eliminated.
  71:src/tmp112.c  ****     return (uint16_t)(celcius / TMP_DEGREE_RESOLUTION);
 224              		.loc 1 71 5 view .LVU39
 225              		.loc 1 71 31 is_stmt 0 view .LVU40
 226 0000 F3EE007A 		vmov.f32	s15, #1.6e+1
 227 0004 20EE270A 		vmul.f32	s0, s0, s15
 228              	.LVL19:
 229              		.loc 1 71 12 view .LVU41
 230 0008 BCEEC00A 		vcvt.u32.f32	s0, s0
  72:src/tmp112.c  **** }
 231              		.loc 1 72 1 view .LVU42
 232 000c 10EE103A 		vmov	r3, s0	@ int
 233 0010 98B2     		uxth	r0, r3
 234 0012 7047     		bx	lr
 235              		.cfi_endproc
 236              	.LFE337:
 238              		.section	.text.TMP_data_to_celcius,"ax",%progbits
 239              		.align	1
 240              		.global	TMP_data_to_celcius
 241              		.syntax unified
 242              		.thumb
 243              		.thumb_func
 245              	TMP_data_to_celcius:
 246              	.LVL20:
 247              	.LFB338:
  73:src/tmp112.c  **** 
  74:src/tmp112.c  **** float TMP_data_to_celcius(uint16_t data) {
 248              		.loc 1 74 42 is_stmt 1 view -0
 249              		.cfi_startproc
 250              		@ args = 0, pretend = 0, frame = 0
 251              		@ frame_needed = 0, uses_anonymous_args = 0
 252              		@ link register save eliminated.
 253              		.loc 1 74 42 is_stmt 0 view .LVU44
 254 0000 07EE900A 		vmov	s15, r0	@ int
  75:src/tmp112.c  ****     return (float)(data * TMP_DEGREE_RESOLUTION);
 255              		.loc 1 75 5 is_stmt 1 view .LVU45
 256              		.loc 1 75 12 is_stmt 0 view .LVU46
 257 0004 F8EEE77A 		vcvt.f32.s32	s15, s15
  76:src/tmp112.c  **** }
 258              		.loc 1 76 1 view .LVU47
 259 0008 9FED020A 		vldr.32	s0, .L17
 260 000c 27EE800A 		vmul.f32	s0, s15, s0
 261 0010 7047     		bx	lr
 262              	.L18:
 263 0012 00BF     		.align	2
 264              	.L17:
 265 0014 0000803D 		.word	1031798784
 266              		.cfi_endproc
ARM GAS  /tmp/ccGYPPVC.s 			page 7


 267              	.LFE338:
 269              		.section	.text.TMP_getTemperatureSingle,"ax",%progbits
 270              		.align	1
 271              		.global	TMP_getTemperatureSingle
 272              		.syntax unified
 273              		.thumb
 274              		.thumb_func
 276              	TMP_getTemperatureSingle:
 277              	.LVL21:
 278              	.LFB331:
  34:src/tmp112.c  **** 	int16_t temperature = (uint16_t)(TMP_read(address, TMP_TEMPERATURE) >> 4);
 279              		.loc 1 34 51 is_stmt 1 view -0
 280              		.cfi_startproc
 281              		@ args = 0, pretend = 0, frame = 0
 282              		@ frame_needed = 0, uses_anonymous_args = 0
  34:src/tmp112.c  **** 	int16_t temperature = (uint16_t)(TMP_read(address, TMP_TEMPERATURE) >> 4);
 283              		.loc 1 34 51 is_stmt 0 view .LVU49
 284 0000 08B5     		push	{r3, lr}
 285              	.LCFI9:
 286              		.cfi_def_cfa_offset 8
 287              		.cfi_offset 3, -8
 288              		.cfi_offset 14, -4
  35:src/tmp112.c  ****     return TMP_data_to_celcius(temperature);
 289              		.loc 1 35 2 is_stmt 1 view .LVU50
  35:src/tmp112.c  ****     return TMP_data_to_celcius(temperature);
 290              		.loc 1 35 35 is_stmt 0 view .LVU51
 291 0002 0021     		movs	r1, #0
 292 0004 FFF7FEFF 		bl	TMP_read
 293              	.LVL22:
  36:src/tmp112.c  **** }
 294              		.loc 1 36 5 is_stmt 1 view .LVU52
  36:src/tmp112.c  **** }
 295              		.loc 1 36 12 is_stmt 0 view .LVU53
 296 0008 C0F30F10 		ubfx	r0, r0, #4, #16
 297              	.LVL23:
  36:src/tmp112.c  **** }
 298              		.loc 1 36 12 view .LVU54
 299 000c FFF7FEFF 		bl	TMP_data_to_celcius
 300              	.LVL24:
  36:src/tmp112.c  **** }
 301              		.loc 1 36 12 discriminator 1 view .LVU55
 302 0010 BDEEC00A 		vcvt.s32.f32	s0, s0
  37:src/tmp112.c  **** 
 303              		.loc 1 37 1 view .LVU56
 304 0014 10EE103A 		vmov	r3, s0	@ int
 305 0018 18B2     		sxth	r0, r3
 306 001a 08BD     		pop	{r3, pc}
 307              		.cfi_endproc
 308              	.LFE331:
 310              		.section	.text.TMP_getTemperature,"ax",%progbits
 311              		.align	1
 312              		.global	TMP_getTemperature
 313              		.syntax unified
 314              		.thumb
 315              		.thumb_func
 317              	TMP_getTemperature:
 318              	.LFB330:
ARM GAS  /tmp/ccGYPPVC.s 			page 8


  22:src/tmp112.c  ****     uint16_t average = 0;
 319              		.loc 1 22 34 is_stmt 1 view -0
 320              		.cfi_startproc
 321              		@ args = 0, pretend = 0, frame = 0
 322              		@ frame_needed = 0, uses_anonymous_args = 0
 323 0000 38B5     		push	{r3, r4, r5, lr}
 324              	.LCFI10:
 325              		.cfi_def_cfa_offset 16
 326              		.cfi_offset 3, -16
 327              		.cfi_offset 4, -12
 328              		.cfi_offset 5, -8
 329              		.cfi_offset 14, -4
  23:src/tmp112.c  **** 
 330              		.loc 1 23 5 view .LVU58
 331              	.LVL25:
  25:src/tmp112.c  ****         average += TMP_getTemperatureSingle(TMP_ADDR(i));
 332              		.loc 1 25 5 view .LVU59
 333              	.LBB2:
  25:src/tmp112.c  ****         average += TMP_getTemperatureSingle(TMP_ADDR(i));
 334              		.loc 1 25 10 view .LVU60
  25:src/tmp112.c  ****         average += TMP_getTemperatureSingle(TMP_ADDR(i));
 335              		.loc 1 25 18 is_stmt 0 view .LVU61
 336 0002 0024     		movs	r4, #0
 337              	.LBE2:
  23:src/tmp112.c  **** 
 338              		.loc 1 23 14 view .LVU62
 339 0004 2546     		mov	r5, r4
 340              	.LBB3:
  25:src/tmp112.c  ****         average += TMP_getTemperatureSingle(TMP_ADDR(i));
 341              		.loc 1 25 5 view .LVU63
 342 0006 09E0     		b	.L22
 343              	.LVL26:
 344              	.L23:
  26:src/tmp112.c  ****     }
 345              		.loc 1 26 9 is_stmt 1 view .LVU64
  26:src/tmp112.c  ****     }
 346              		.loc 1 26 20 is_stmt 0 view .LVU65
 347 0008 04F14800 		add	r0, r4, #72
 348 000c C0B2     		uxtb	r0, r0
 349 000e FFF7FEFF 		bl	TMP_getTemperatureSingle
 350              	.LVL27:
  26:src/tmp112.c  ****     }
 351              		.loc 1 26 17 discriminator 1 view .LVU66
 352 0012 15FA80F5 		uxtah	r5, r5, r0
 353              	.LVL28:
  26:src/tmp112.c  ****     }
 354              		.loc 1 26 17 discriminator 1 view .LVU67
 355 0016 ADB2     		uxth	r5, r5
 356              	.LVL29:
  25:src/tmp112.c  ****         average += TMP_getTemperatureSingle(TMP_ADDR(i));
 357              		.loc 1 25 47 is_stmt 1 discriminator 3 view .LVU68
 358 0018 0134     		adds	r4, r4, #1
 359              	.LVL30:
  25:src/tmp112.c  ****         average += TMP_getTemperatureSingle(TMP_ADDR(i));
 360              		.loc 1 25 47 is_stmt 0 discriminator 3 view .LVU69
 361 001a E4B2     		uxtb	r4, r4
 362              	.LVL31:
ARM GAS  /tmp/ccGYPPVC.s 			page 9


 363              	.L22:
  25:src/tmp112.c  ****         average += TMP_getTemperatureSingle(TMP_ADDR(i));
 364              		.loc 1 25 27 is_stmt 1 discriminator 1 view .LVU70
 365 001c 032C     		cmp	r4, #3
 366 001e F3D9     		bls	.L23
 367              	.LBE3:
  29:src/tmp112.c  ****     return average;
 368              		.loc 1 29 5 view .LVU71
 369              	.LVL32:
  30:src/tmp112.c  **** }
 370              		.loc 1 30 5 view .LVU72
  31:src/tmp112.c  **** 
 371              		.loc 1 31 1 is_stmt 0 view .LVU73
 372 0020 A808     		lsrs	r0, r5, #2
 373 0022 38BD     		pop	{r3, r4, r5, pc}
  31:src/tmp112.c  **** 
 374              		.loc 1 31 1 view .LVU74
 375              		.cfi_endproc
 376              	.LFE330:
 378              		.section	.text.TMP_setTLow,"ax",%progbits
 379              		.align	1
 380              		.global	TMP_setTLow
 381              		.syntax unified
 382              		.thumb
 383              		.thumb_func
 385              	TMP_setTLow:
 386              	.LVL33:
 387              	.LFB332:
  39:src/tmp112.c  ****     return TMP_write(address, TMP_TLOW, TMP_data_to_celcius(celcius));
 388              		.loc 1 39 53 is_stmt 1 view -0
 389              		.cfi_startproc
 390              		@ args = 0, pretend = 0, frame = 0
 391              		@ frame_needed = 0, uses_anonymous_args = 0
  39:src/tmp112.c  ****     return TMP_write(address, TMP_TLOW, TMP_data_to_celcius(celcius));
 392              		.loc 1 39 53 is_stmt 0 view .LVU76
 393 0000 10B5     		push	{r4, lr}
 394              	.LCFI11:
 395              		.cfi_def_cfa_offset 8
 396              		.cfi_offset 4, -8
 397              		.cfi_offset 14, -4
 398 0002 0446     		mov	r4, r0
  40:src/tmp112.c  **** }
 399              		.loc 1 40 5 is_stmt 1 view .LVU77
  40:src/tmp112.c  **** }
 400              		.loc 1 40 41 is_stmt 0 view .LVU78
 401 0004 BCEEC00A 		vcvt.u32.f32	s0, s0
 402              	.LVL34:
  40:src/tmp112.c  **** }
 403              		.loc 1 40 41 view .LVU79
 404 0008 10EE103A 		vmov	r3, s0	@ int
 405 000c 98B2     		uxth	r0, r3
 406              	.LVL35:
  40:src/tmp112.c  **** }
 407              		.loc 1 40 41 view .LVU80
 408 000e FFF7FEFF 		bl	TMP_data_to_celcius
 409              	.LVL36:
  40:src/tmp112.c  **** }
ARM GAS  /tmp/ccGYPPVC.s 			page 10


 410              		.loc 1 40 12 discriminator 1 view .LVU81
 411 0012 BCEEC00A 		vcvt.u32.f32	s0, s0
 412 0016 10EE103A 		vmov	r3, s0	@ int
 413 001a 9AB2     		uxth	r2, r3
 414 001c 0221     		movs	r1, #2
 415 001e 2046     		mov	r0, r4
 416 0020 FFF7FEFF 		bl	TMP_write
 417              	.LVL37:
  41:src/tmp112.c  **** 
 418              		.loc 1 41 1 view .LVU82
 419 0024 10BD     		pop	{r4, pc}
  41:src/tmp112.c  **** 
 420              		.loc 1 41 1 view .LVU83
 421              		.cfi_endproc
 422              	.LFE332:
 424              		.section	.text.TMP_setTHigh,"ax",%progbits
 425              		.align	1
 426              		.global	TMP_setTHigh
 427              		.syntax unified
 428              		.thumb
 429              		.thumb_func
 431              	TMP_setTHigh:
 432              	.LVL38:
 433              	.LFB333:
  43:src/tmp112.c  ****     return TMP_write(address, TMP_THIGH, TMP_data_to_celcius(celcius));
 434              		.loc 1 43 54 is_stmt 1 view -0
 435              		.cfi_startproc
 436              		@ args = 0, pretend = 0, frame = 0
 437              		@ frame_needed = 0, uses_anonymous_args = 0
  43:src/tmp112.c  ****     return TMP_write(address, TMP_THIGH, TMP_data_to_celcius(celcius));
 438              		.loc 1 43 54 is_stmt 0 view .LVU85
 439 0000 10B5     		push	{r4, lr}
 440              	.LCFI12:
 441              		.cfi_def_cfa_offset 8
 442              		.cfi_offset 4, -8
 443              		.cfi_offset 14, -4
 444 0002 0446     		mov	r4, r0
  44:src/tmp112.c  **** }
 445              		.loc 1 44 5 is_stmt 1 view .LVU86
  44:src/tmp112.c  **** }
 446              		.loc 1 44 42 is_stmt 0 view .LVU87
 447 0004 BCEEC00A 		vcvt.u32.f32	s0, s0
 448              	.LVL39:
  44:src/tmp112.c  **** }
 449              		.loc 1 44 42 view .LVU88
 450 0008 10EE103A 		vmov	r3, s0	@ int
 451 000c 98B2     		uxth	r0, r3
 452              	.LVL40:
  44:src/tmp112.c  **** }
 453              		.loc 1 44 42 view .LVU89
 454 000e FFF7FEFF 		bl	TMP_data_to_celcius
 455              	.LVL41:
  44:src/tmp112.c  **** }
 456              		.loc 1 44 12 discriminator 1 view .LVU90
 457 0012 BCEEC00A 		vcvt.u32.f32	s0, s0
 458 0016 10EE103A 		vmov	r3, s0	@ int
 459 001a 9AB2     		uxth	r2, r3
ARM GAS  /tmp/ccGYPPVC.s 			page 11


 460 001c 0321     		movs	r1, #3
 461 001e 2046     		mov	r0, r4
 462 0020 FFF7FEFF 		bl	TMP_write
 463              	.LVL42:
  45:src/tmp112.c  **** 
 464              		.loc 1 45 1 view .LVU91
 465 0024 10BD     		pop	{r4, pc}
  45:src/tmp112.c  **** 
 466              		.loc 1 45 1 view .LVU92
 467              		.cfi_endproc
 468              	.LFE333:
 470              		.section	.text.TMP_error,"ax",%progbits
 471              		.align	1
 472              		.global	TMP_error
 473              		.syntax unified
 474              		.thumb
 475              		.thumb_func
 477              	TMP_error:
 478              	.LFB339:
  77:src/tmp112.c  **** 
  78:src/tmp112.c  **** void TMP_error(void) {
 479              		.loc 1 78 22 is_stmt 1 view -0
 480              		.cfi_startproc
 481              		@ Volatile: function does not return.
 482              		@ args = 0, pretend = 0, frame = 0
 483              		@ frame_needed = 0, uses_anonymous_args = 0
 484              		@ link register save eliminated.
 485              	.L30:
  79:src/tmp112.c  **** 	while(1);
 486              		.loc 1 79 2 view .LVU94
 487              		.loc 1 79 7 view .LVU95
 488 0000 FEE7     		b	.L30
 489              		.cfi_endproc
 490              	.LFE339:
 492              		.section	.text.MX_I2C_Init,"ax",%progbits
 493              		.align	1
 494              		.global	MX_I2C_Init
 495              		.syntax unified
 496              		.thumb
 497              		.thumb_func
 499              	MX_I2C_Init:
 500              	.LFB340:
  80:src/tmp112.c  **** }
  81:src/tmp112.c  **** 
  82:src/tmp112.c  **** /**
  83:src/tmp112.c  **** * @brief THIS IS AUTOGENERATED BY STM32MX, it overides the
  84:src/tmp112.c  **** * __weak verions defined in the stm HAL via linker and is
  85:src/tmp112.c  **** * used in HAL_SPI_Init used in DRV_init.
  86:src/tmp112.c  **** */
  87:src/tmp112.c  **** void MX_I2C_Init(void)
  88:src/tmp112.c  **** {
 501              		.loc 1 88 1 view -0
 502              		.cfi_startproc
 503              		@ args = 0, pretend = 0, frame = 0
 504              		@ frame_needed = 0, uses_anonymous_args = 0
 505 0000 08B5     		push	{r3, lr}
 506              	.LCFI13:
ARM GAS  /tmp/ccGYPPVC.s 			page 12


 507              		.cfi_def_cfa_offset 8
 508              		.cfi_offset 3, -8
 509              		.cfi_offset 14, -4
  89:src/tmp112.c  **** 	TMP_I2C_INTERFACE.Instance = I2C3;
 510              		.loc 1 89 2 view .LVU97
 511              		.loc 1 89 29 is_stmt 0 view .LVU98
 512 0002 1248     		ldr	r0, .L39
 513 0004 124B     		ldr	r3, .L39+4
 514 0006 0360     		str	r3, [r0]
  90:src/tmp112.c  **** 	TMP_I2C_INTERFACE.Init.Timing = 0x40B285C2;
 515              		.loc 1 90 2 is_stmt 1 view .LVU99
 516              		.loc 1 90 32 is_stmt 0 view .LVU100
 517 0008 03F53203 		add	r3, r3, #11665408
 518 000c 03F6C253 		addw	r3, r3, #3522
 519 0010 4360     		str	r3, [r0, #4]
  91:src/tmp112.c  **** 	TMP_I2C_INTERFACE.Init.OwnAddress1 = 0;
 520              		.loc 1 91 2 is_stmt 1 view .LVU101
 521              		.loc 1 91 37 is_stmt 0 view .LVU102
 522 0012 0023     		movs	r3, #0
 523 0014 8360     		str	r3, [r0, #8]
  92:src/tmp112.c  **** 	TMP_I2C_INTERFACE.Init.AddressingMode = I2C_ADDRESSINGMODE_7BIT;
 524              		.loc 1 92 2 is_stmt 1 view .LVU103
 525              		.loc 1 92 40 is_stmt 0 view .LVU104
 526 0016 0122     		movs	r2, #1
 527 0018 C260     		str	r2, [r0, #12]
  93:src/tmp112.c  **** 	TMP_I2C_INTERFACE.Init.DualAddressMode = I2C_DUALADDRESS_DISABLE;
 528              		.loc 1 93 2 is_stmt 1 view .LVU105
 529              		.loc 1 93 41 is_stmt 0 view .LVU106
 530 001a 0361     		str	r3, [r0, #16]
  94:src/tmp112.c  **** 	TMP_I2C_INTERFACE.Init.OwnAddress2 = 0;
 531              		.loc 1 94 2 is_stmt 1 view .LVU107
 532              		.loc 1 94 37 is_stmt 0 view .LVU108
 533 001c 4361     		str	r3, [r0, #20]
  95:src/tmp112.c  **** 	TMP_I2C_INTERFACE.Init.OwnAddress2Masks = I2C_OA2_NOMASK;
 534              		.loc 1 95 2 is_stmt 1 view .LVU109
 535              		.loc 1 95 42 is_stmt 0 view .LVU110
 536 001e 8361     		str	r3, [r0, #24]
  96:src/tmp112.c  **** 	TMP_I2C_INTERFACE.Init.GeneralCallMode = I2C_GENERALCALL_DISABLE;
 537              		.loc 1 96 2 is_stmt 1 view .LVU111
 538              		.loc 1 96 41 is_stmt 0 view .LVU112
 539 0020 C361     		str	r3, [r0, #28]
  97:src/tmp112.c  **** 	TMP_I2C_INTERFACE.Init.NoStretchMode = I2C_NOSTRETCH_DISABLE;\
 540              		.loc 1 97 2 is_stmt 1 view .LVU113
 541              		.loc 1 97 39 is_stmt 0 view .LVU114
 542 0022 0362     		str	r3, [r0, #32]
  98:src/tmp112.c  **** 
  99:src/tmp112.c  **** 	if (HAL_I2C_Init(&TMP_I2C_INTERFACE) != HAL_OK)
 543              		.loc 1 99 2 is_stmt 1 view .LVU115
 544              		.loc 1 99 6 is_stmt 0 view .LVU116
 545 0024 FFF7FEFF 		bl	HAL_I2C_Init
 546              	.LVL43:
 547              		.loc 1 99 5 discriminator 1 view .LVU117
 548 0028 50B9     		cbnz	r0, .L36
 100:src/tmp112.c  **** 	{
 101:src/tmp112.c  **** 		TMP_error();
 102:src/tmp112.c  **** 	}
 103:src/tmp112.c  **** 	if (HAL_I2CEx_ConfigAnalogFilter(&TMP_I2C_INTERFACE, I2C_ANALOGFILTER_ENABLE) != HAL_OK)
ARM GAS  /tmp/ccGYPPVC.s 			page 13


 549              		.loc 1 103 2 is_stmt 1 view .LVU118
 550              		.loc 1 103 6 is_stmt 0 view .LVU119
 551 002a 0021     		movs	r1, #0
 552 002c 0748     		ldr	r0, .L39
 553 002e FFF7FEFF 		bl	HAL_I2CEx_ConfigAnalogFilter
 554              	.LVL44:
 555              		.loc 1 103 5 discriminator 1 view .LVU120
 556 0032 38B9     		cbnz	r0, .L37
 104:src/tmp112.c  **** 	{
 105:src/tmp112.c  **** 		TMP_error();
 106:src/tmp112.c  **** 	}
 107:src/tmp112.c  **** 	if (HAL_I2CEx_ConfigDigitalFilter(&TMP_I2C_INTERFACE, 0) != HAL_OK)
 557              		.loc 1 107 2 is_stmt 1 view .LVU121
 558              		.loc 1 107 6 is_stmt 0 view .LVU122
 559 0034 0021     		movs	r1, #0
 560 0036 0548     		ldr	r0, .L39
 561 0038 FFF7FEFF 		bl	HAL_I2CEx_ConfigDigitalFilter
 562              	.LVL45:
 563              		.loc 1 107 5 discriminator 1 view .LVU123
 564 003c 20B9     		cbnz	r0, .L38
 108:src/tmp112.c  **** 	{
 109:src/tmp112.c  **** 		TMP_error();
 110:src/tmp112.c  **** 	}
 111:src/tmp112.c  **** }
 565              		.loc 1 111 1 view .LVU124
 566 003e 08BD     		pop	{r3, pc}
 567              	.L36:
 101:src/tmp112.c  **** 	}
 568              		.loc 1 101 3 is_stmt 1 view .LVU125
 569 0040 FFF7FEFF 		bl	TMP_error
 570              	.LVL46:
 571              	.L37:
 105:src/tmp112.c  **** 	}
 572              		.loc 1 105 3 view .LVU126
 573 0044 FFF7FEFF 		bl	TMP_error
 574              	.LVL47:
 575              	.L38:
 109:src/tmp112.c  **** 	}
 576              		.loc 1 109 3 view .LVU127
 577 0048 FFF7FEFF 		bl	TMP_error
 578              	.LVL48:
 579              	.L40:
 580              		.align	2
 581              	.L39:
 582 004c 00000000 		.word	hi2c1
 583 0050 00780040 		.word	1073772544
 584              		.cfi_endproc
 585              	.LFE340:
 587              		.section	.text.TMP_init,"ax",%progbits
 588              		.align	1
 589              		.global	TMP_init
 590              		.syntax unified
 591              		.thumb
 592              		.thumb_func
 594              	TMP_init:
 595              	.LFB329:
  10:src/tmp112.c  **** 	MX_I2C_Init();
ARM GAS  /tmp/ccGYPPVC.s 			page 14


 596              		.loc 1 10 17 view -0
 597              		.cfi_startproc
 598              		@ args = 0, pretend = 0, frame = 0
 599              		@ frame_needed = 0, uses_anonymous_args = 0
 600 0000 38B5     		push	{r3, r4, r5, lr}
 601              	.LCFI14:
 602              		.cfi_def_cfa_offset 16
 603              		.cfi_offset 3, -16
 604              		.cfi_offset 4, -12
 605              		.cfi_offset 5, -8
 606              		.cfi_offset 14, -4
  11:src/tmp112.c  **** 
 607              		.loc 1 11 2 view .LVU129
 608 0002 FFF7FEFF 		bl	MX_I2C_Init
 609              	.LVL49:
  13:src/tmp112.c  ****         TMP_setConfig(TMP_ADDR(i), TMP_CONFIG_FAULT_QUEUE_MASK(1));
 610              		.loc 1 13 5 view .LVU130
 611              	.LBB4:
  13:src/tmp112.c  ****         TMP_setConfig(TMP_ADDR(i), TMP_CONFIG_FAULT_QUEUE_MASK(1));
 612              		.loc 1 13 10 view .LVU131
  13:src/tmp112.c  ****         TMP_setConfig(TMP_ADDR(i), TMP_CONFIG_FAULT_QUEUE_MASK(1));
 613              		.loc 1 13 18 is_stmt 0 view .LVU132
 614 0006 0025     		movs	r5, #0
  13:src/tmp112.c  ****         TMP_setConfig(TMP_ADDR(i), TMP_CONFIG_FAULT_QUEUE_MASK(1));
 615              		.loc 1 13 5 view .LVU133
 616 0008 1BE0     		b	.L42
 617              	.LVL50:
 618              	.L43:
  14:src/tmp112.c  ****         TMP_setConfig(TMP_ADDR(i), TMP_CONFIG_POLARITY_MASK);
 619              		.loc 1 14 9 is_stmt 1 view .LVU134
 620 000a 05F14804 		add	r4, r5, #72
 621 000e E4B2     		uxtb	r4, r4
 622 0010 4FF40061 		mov	r1, #2048
 623 0014 2046     		mov	r0, r4
 624 0016 FFF7FEFF 		bl	TMP_setConfig
 625              	.LVL51:
  15:src/tmp112.c  ****         TMP_setTLow(TMP_ADDR(i), 60);
 626              		.loc 1 15 9 view .LVU135
 627 001a 4FF48061 		mov	r1, #1024
 628 001e 2046     		mov	r0, r4
 629 0020 FFF7FEFF 		bl	TMP_setConfig
 630              	.LVL52:
  16:src/tmp112.c  ****         TMP_setTHigh(TMP_ADDR(i), 80);
 631              		.loc 1 16 9 view .LVU136
 632 0024 9FED080A 		vldr.32	s0, .L45
 633 0028 2046     		mov	r0, r4
 634 002a FFF7FEFF 		bl	TMP_setTLow
 635              	.LVL53:
  17:src/tmp112.c  ****         TMP_getTemperatureSingle(TMP_ADDR(i));
 636              		.loc 1 17 9 view .LVU137
 637 002e 9FED070A 		vldr.32	s0, .L45+4
 638 0032 2046     		mov	r0, r4
 639 0034 FFF7FEFF 		bl	TMP_setTHigh
 640              	.LVL54:
  18:src/tmp112.c  ****     }
 641              		.loc 1 18 9 view .LVU138
 642 0038 2046     		mov	r0, r4
ARM GAS  /tmp/ccGYPPVC.s 			page 15


 643 003a FFF7FEFF 		bl	TMP_getTemperatureSingle
 644              	.LVL55:
  13:src/tmp112.c  ****         TMP_setConfig(TMP_ADDR(i), TMP_CONFIG_FAULT_QUEUE_MASK(1));
 645              		.loc 1 13 47 discriminator 3 view .LVU139
 646 003e 0135     		adds	r5, r5, #1
 647              	.LVL56:
  13:src/tmp112.c  ****         TMP_setConfig(TMP_ADDR(i), TMP_CONFIG_FAULT_QUEUE_MASK(1));
 648              		.loc 1 13 47 is_stmt 0 discriminator 3 view .LVU140
 649 0040 EDB2     		uxtb	r5, r5
 650              	.LVL57:
 651              	.L42:
  13:src/tmp112.c  ****         TMP_setConfig(TMP_ADDR(i), TMP_CONFIG_FAULT_QUEUE_MASK(1));
 652              		.loc 1 13 27 is_stmt 1 discriminator 1 view .LVU141
 653 0042 032D     		cmp	r5, #3
 654 0044 E1D9     		bls	.L43
 655              	.LBE4:
  20:src/tmp112.c  **** 
 656              		.loc 1 20 1 is_stmt 0 view .LVU142
 657 0046 38BD     		pop	{r3, r4, r5, pc}
 658              	.LVL58:
 659              	.L46:
  20:src/tmp112.c  **** 
 660              		.loc 1 20 1 view .LVU143
 661              		.align	2
 662              	.L45:
 663 0048 00007042 		.word	1114636288
 664 004c 0000A042 		.word	1117782016
 665              		.cfi_endproc
 666              	.LFE329:
 668              		.section	.text.HAL_I2C_MspInit,"ax",%progbits
 669              		.align	1
 670              		.global	HAL_I2C_MspInit
 671              		.syntax unified
 672              		.thumb
 673              		.thumb_func
 675              	HAL_I2C_MspInit:
 676              	.LVL59:
 677              	.LFB341:
 112:src/tmp112.c  **** 
 113:src/tmp112.c  **** void HAL_I2C_MspInit(I2C_HandleTypeDef* i2cHandle)
 114:src/tmp112.c  **** {
 678              		.loc 1 114 1 is_stmt 1 view -0
 679              		.cfi_startproc
 680              		@ args = 0, pretend = 0, frame = 112
 681              		@ frame_needed = 0, uses_anonymous_args = 0
 682              		.loc 1 114 1 is_stmt 0 view .LVU145
 683 0000 10B5     		push	{r4, lr}
 684              	.LCFI15:
 685              		.cfi_def_cfa_offset 8
 686              		.cfi_offset 4, -8
 687              		.cfi_offset 14, -4
 688 0002 9CB0     		sub	sp, sp, #112
 689              	.LCFI16:
 690              		.cfi_def_cfa_offset 120
 691 0004 0446     		mov	r4, r0
 115:src/tmp112.c  ****   GPIO_InitTypeDef GPIO_InitStruct = {0};
 692              		.loc 1 115 3 is_stmt 1 view .LVU146
ARM GAS  /tmp/ccGYPPVC.s 			page 16


 693              		.loc 1 115 20 is_stmt 0 view .LVU147
 694 0006 0021     		movs	r1, #0
 695 0008 1791     		str	r1, [sp, #92]
 696 000a 1891     		str	r1, [sp, #96]
 697 000c 1991     		str	r1, [sp, #100]
 698 000e 1A91     		str	r1, [sp, #104]
 699 0010 1B91     		str	r1, [sp, #108]
 116:src/tmp112.c  ****   RCC_PeriphCLKInitTypeDef PeriphClkInit = {0};
 700              		.loc 1 116 3 is_stmt 1 view .LVU148
 701              		.loc 1 116 28 is_stmt 0 view .LVU149
 702 0012 5422     		movs	r2, #84
 703 0014 02A8     		add	r0, sp, #8
 704              	.LVL60:
 705              		.loc 1 116 28 view .LVU150
 706 0016 FFF7FEFF 		bl	memset
 707              	.LVL61:
 117:src/tmp112.c  ****   if(i2cHandle->Instance==I2C3)
 708              		.loc 1 117 3 is_stmt 1 view .LVU151
 709              		.loc 1 117 15 is_stmt 0 view .LVU152
 710 001a 2268     		ldr	r2, [r4]
 711              		.loc 1 117 5 view .LVU153
 712 001c 174B     		ldr	r3, .L53
 713 001e 9A42     		cmp	r2, r3
 714 0020 01D0     		beq	.L51
 715              	.LVL62:
 716              	.L47:
 118:src/tmp112.c  ****   {
 119:src/tmp112.c  ****     PeriphClkInit.PeriphClockSelection = RCC_PERIPHCLK_I2C3;
 120:src/tmp112.c  ****     PeriphClkInit.I2c3ClockSelection = RCC_I2C3CLKSOURCE_PCLK1;
 121:src/tmp112.c  ****     if (HAL_RCCEx_PeriphCLKConfig(&PeriphClkInit) != HAL_OK)
 122:src/tmp112.c  ****     {
 123:src/tmp112.c  ****       TMP_error();
 124:src/tmp112.c  ****     }
 125:src/tmp112.c  **** 
 126:src/tmp112.c  ****     __HAL_RCC_GPIOC_CLK_ENABLE();
 127:src/tmp112.c  ****     GPIO_InitStruct.Pin = GPIO_PIN_8|GPIO_PIN_9;
 128:src/tmp112.c  ****     GPIO_InitStruct.Mode = GPIO_MODE_AF_OD;
 129:src/tmp112.c  ****     GPIO_InitStruct.Pull = GPIO_NOPULL;
 130:src/tmp112.c  ****     GPIO_InitStruct.Speed = GPIO_SPEED_FREQ_LOW;
 131:src/tmp112.c  ****     GPIO_InitStruct.Alternate = GPIO_AF8_I2C3;
 132:src/tmp112.c  ****     HAL_GPIO_Init(GPIOC, &GPIO_InitStruct);
 133:src/tmp112.c  ****     __HAL_RCC_I2C3_CLK_ENABLE();
 134:src/tmp112.c  ****   }
 135:src/tmp112.c  **** }
 717              		.loc 1 135 1 view .LVU154
 718 0022 1CB0     		add	sp, sp, #112
 719              	.LCFI17:
 720              		.cfi_remember_state
 721              		.cfi_def_cfa_offset 8
 722              		@ sp needed
 723 0024 10BD     		pop	{r4, pc}
 724              	.LVL63:
 725              	.L51:
 726              	.LCFI18:
 727              		.cfi_restore_state
 119:src/tmp112.c  ****     PeriphClkInit.I2c3ClockSelection = RCC_I2C3CLKSOURCE_PCLK1;
 728              		.loc 1 119 5 is_stmt 1 view .LVU155
ARM GAS  /tmp/ccGYPPVC.s 			page 17


 119:src/tmp112.c  ****     PeriphClkInit.I2c3ClockSelection = RCC_I2C3CLKSOURCE_PCLK1;
 729              		.loc 1 119 40 is_stmt 0 view .LVU156
 730 0026 4FF48073 		mov	r3, #256
 731 002a 0293     		str	r3, [sp, #8]
 120:src/tmp112.c  ****     if (HAL_RCCEx_PeriphCLKConfig(&PeriphClkInit) != HAL_OK)
 732              		.loc 1 120 5 is_stmt 1 view .LVU157
 121:src/tmp112.c  ****     {
 733              		.loc 1 121 5 view .LVU158
 121:src/tmp112.c  ****     {
 734              		.loc 1 121 9 is_stmt 0 view .LVU159
 735 002c 02A8     		add	r0, sp, #8
 736 002e FFF7FEFF 		bl	HAL_RCCEx_PeriphCLKConfig
 737              	.LVL64:
 121:src/tmp112.c  ****     {
 738              		.loc 1 121 8 discriminator 1 view .LVU160
 739 0032 08BB     		cbnz	r0, .L52
 126:src/tmp112.c  ****     GPIO_InitStruct.Pin = GPIO_PIN_8|GPIO_PIN_9;
 740              		.loc 1 126 5 is_stmt 1 view .LVU161
 741              	.LBB5:
 126:src/tmp112.c  ****     GPIO_InitStruct.Pin = GPIO_PIN_8|GPIO_PIN_9;
 742              		.loc 1 126 5 view .LVU162
 126:src/tmp112.c  ****     GPIO_InitStruct.Pin = GPIO_PIN_8|GPIO_PIN_9;
 743              		.loc 1 126 5 view .LVU163
 744 0034 124C     		ldr	r4, .L53+4
 745              	.LVL65:
 126:src/tmp112.c  ****     GPIO_InitStruct.Pin = GPIO_PIN_8|GPIO_PIN_9;
 746              		.loc 1 126 5 is_stmt 0 view .LVU164
 747 0036 E36C     		ldr	r3, [r4, #76]
 748 0038 43F00403 		orr	r3, r3, #4
 749 003c E364     		str	r3, [r4, #76]
 126:src/tmp112.c  ****     GPIO_InitStruct.Pin = GPIO_PIN_8|GPIO_PIN_9;
 750              		.loc 1 126 5 is_stmt 1 view .LVU165
 751 003e E36C     		ldr	r3, [r4, #76]
 752 0040 03F00403 		and	r3, r3, #4
 753 0044 0093     		str	r3, [sp]
 126:src/tmp112.c  ****     GPIO_InitStruct.Pin = GPIO_PIN_8|GPIO_PIN_9;
 754              		.loc 1 126 5 view .LVU166
 755 0046 009B     		ldr	r3, [sp]
 756              	.LBE5:
 126:src/tmp112.c  ****     GPIO_InitStruct.Pin = GPIO_PIN_8|GPIO_PIN_9;
 757              		.loc 1 126 5 view .LVU167
 127:src/tmp112.c  ****     GPIO_InitStruct.Mode = GPIO_MODE_AF_OD;
 758              		.loc 1 127 5 view .LVU168
 127:src/tmp112.c  ****     GPIO_InitStruct.Mode = GPIO_MODE_AF_OD;
 759              		.loc 1 127 25 is_stmt 0 view .LVU169
 760 0048 4FF44073 		mov	r3, #768
 761 004c 1793     		str	r3, [sp, #92]
 128:src/tmp112.c  ****     GPIO_InitStruct.Pull = GPIO_NOPULL;
 762              		.loc 1 128 5 is_stmt 1 view .LVU170
 128:src/tmp112.c  ****     GPIO_InitStruct.Pull = GPIO_NOPULL;
 763              		.loc 1 128 26 is_stmt 0 view .LVU171
 764 004e 1223     		movs	r3, #18
 765 0050 1893     		str	r3, [sp, #96]
 129:src/tmp112.c  ****     GPIO_InitStruct.Speed = GPIO_SPEED_FREQ_LOW;
 766              		.loc 1 129 5 is_stmt 1 view .LVU172
 129:src/tmp112.c  ****     GPIO_InitStruct.Speed = GPIO_SPEED_FREQ_LOW;
 767              		.loc 1 129 26 is_stmt 0 view .LVU173
ARM GAS  /tmp/ccGYPPVC.s 			page 18


 768 0052 0023     		movs	r3, #0
 769 0054 1993     		str	r3, [sp, #100]
 130:src/tmp112.c  ****     GPIO_InitStruct.Alternate = GPIO_AF8_I2C3;
 770              		.loc 1 130 5 is_stmt 1 view .LVU174
 130:src/tmp112.c  ****     GPIO_InitStruct.Alternate = GPIO_AF8_I2C3;
 771              		.loc 1 130 27 is_stmt 0 view .LVU175
 772 0056 1A93     		str	r3, [sp, #104]
 131:src/tmp112.c  ****     HAL_GPIO_Init(GPIOC, &GPIO_InitStruct);
 773              		.loc 1 131 5 is_stmt 1 view .LVU176
 131:src/tmp112.c  ****     HAL_GPIO_Init(GPIOC, &GPIO_InitStruct);
 774              		.loc 1 131 31 is_stmt 0 view .LVU177
 775 0058 0823     		movs	r3, #8
 776 005a 1B93     		str	r3, [sp, #108]
 132:src/tmp112.c  ****     __HAL_RCC_I2C3_CLK_ENABLE();
 777              		.loc 1 132 5 is_stmt 1 view .LVU178
 778 005c 17A9     		add	r1, sp, #92
 779 005e 0948     		ldr	r0, .L53+8
 780 0060 FFF7FEFF 		bl	HAL_GPIO_Init
 781              	.LVL66:
 133:src/tmp112.c  ****   }
 782              		.loc 1 133 5 view .LVU179
 783              	.LBB6:
 133:src/tmp112.c  ****   }
 784              		.loc 1 133 5 view .LVU180
 133:src/tmp112.c  ****   }
 785              		.loc 1 133 5 view .LVU181
 786 0064 A36D     		ldr	r3, [r4, #88]
 787 0066 43F08043 		orr	r3, r3, #1073741824
 788 006a A365     		str	r3, [r4, #88]
 133:src/tmp112.c  ****   }
 789              		.loc 1 133 5 view .LVU182
 790 006c A36D     		ldr	r3, [r4, #88]
 791 006e 03F08043 		and	r3, r3, #1073741824
 792 0072 0193     		str	r3, [sp, #4]
 133:src/tmp112.c  ****   }
 793              		.loc 1 133 5 view .LVU183
 794 0074 019B     		ldr	r3, [sp, #4]
 795              	.LBE6:
 133:src/tmp112.c  ****   }
 796              		.loc 1 133 5 discriminator 1 view .LVU184
 797              		.loc 1 135 1 is_stmt 0 view .LVU185
 798 0076 D4E7     		b	.L47
 799              	.LVL67:
 800              	.L52:
 123:src/tmp112.c  ****     }
 801              		.loc 1 123 7 is_stmt 1 view .LVU186
 802 0078 FFF7FEFF 		bl	TMP_error
 803              	.LVL68:
 804              	.L54:
 805              		.align	2
 806              	.L53:
 807 007c 00780040 		.word	1073772544
 808 0080 00100240 		.word	1073876992
 809 0084 00080048 		.word	1207961600
 810              		.cfi_endproc
 811              	.LFE341:
 813              		.section	.text.HAL_I2C_MspDeInit,"ax",%progbits
ARM GAS  /tmp/ccGYPPVC.s 			page 19


 814              		.align	1
 815              		.global	HAL_I2C_MspDeInit
 816              		.syntax unified
 817              		.thumb
 818              		.thumb_func
 820              	HAL_I2C_MspDeInit:
 821              	.LVL69:
 822              	.LFB342:
 136:src/tmp112.c  **** 
 137:src/tmp112.c  **** void HAL_I2C_MspDeInit(I2C_HandleTypeDef* i2cHandle)
 138:src/tmp112.c  **** {
 823              		.loc 1 138 1 view -0
 824              		.cfi_startproc
 825              		@ args = 0, pretend = 0, frame = 0
 826              		@ frame_needed = 0, uses_anonymous_args = 0
 139:src/tmp112.c  **** 
 140:src/tmp112.c  ****   if(i2cHandle->Instance==I2C3)
 827              		.loc 1 140 3 view .LVU188
 828              		.loc 1 140 15 is_stmt 0 view .LVU189
 829 0000 0268     		ldr	r2, [r0]
 830              		.loc 1 140 5 view .LVU190
 831 0002 0B4B     		ldr	r3, .L62
 832 0004 9A42     		cmp	r2, r3
 833 0006 00D0     		beq	.L61
 834 0008 7047     		bx	lr
 835              	.L61:
 138:src/tmp112.c  **** 
 836              		.loc 1 138 1 view .LVU191
 837 000a 10B5     		push	{r4, lr}
 838              	.LCFI19:
 839              		.cfi_def_cfa_offset 8
 840              		.cfi_offset 4, -8
 841              		.cfi_offset 14, -4
 141:src/tmp112.c  ****   {
 142:src/tmp112.c  ****     __HAL_RCC_I2C3_CLK_DISABLE();
 842              		.loc 1 142 5 is_stmt 1 view .LVU192
 843 000c 094A     		ldr	r2, .L62+4
 844 000e 936D     		ldr	r3, [r2, #88]
 845 0010 23F08043 		bic	r3, r3, #1073741824
 846 0014 9365     		str	r3, [r2, #88]
 143:src/tmp112.c  ****     HAL_GPIO_DeInit(GPIOC, GPIO_PIN_8);
 847              		.loc 1 143 5 view .LVU193
 848 0016 084C     		ldr	r4, .L62+8
 849 0018 4FF48071 		mov	r1, #256
 850 001c 2046     		mov	r0, r4
 851              	.LVL70:
 852              		.loc 1 143 5 is_stmt 0 view .LVU194
 853 001e FFF7FEFF 		bl	HAL_GPIO_DeInit
 854              	.LVL71:
 144:src/tmp112.c  ****     HAL_GPIO_DeInit(GPIOC, GPIO_PIN_9);
 855              		.loc 1 144 5 is_stmt 1 view .LVU195
 856 0022 4FF40071 		mov	r1, #512
 857 0026 2046     		mov	r0, r4
 858 0028 FFF7FEFF 		bl	HAL_GPIO_DeInit
 859              	.LVL72:
 145:src/tmp112.c  ****   }
 146:src/tmp112.c  **** }
ARM GAS  /tmp/ccGYPPVC.s 			page 20


 860              		.loc 1 146 1 is_stmt 0 view .LVU196
 861 002c 10BD     		pop	{r4, pc}
 862              	.L63:
 863 002e 00BF     		.align	2
 864              	.L62:
 865 0030 00780040 		.word	1073772544
 866 0034 00100240 		.word	1073876992
 867 0038 00080048 		.word	1207961600
 868              		.cfi_endproc
 869              	.LFE342:
 871              		.global	hi2c1
 872              		.section	.bss.hi2c1,"aw",%nobits
 873              		.align	2
 876              	hi2c1:
 877 0000 00000000 		.space	84
 877      00000000 
 877      00000000 
 877      00000000 
 877      00000000 
 878              		.text
 879              	.Letext0:
 880              		.file 2 "/usr/arm-none-eabi/include/machine/_default_types.h"
 881              		.file 3 "/usr/arm-none-eabi/include/sys/_stdint.h"
 882              		.file 4 "platform/CMSIS/Device/ST/STM32G4xx/Include/stm32g474xx.h"
 883              		.file 5 "platform/HAL/inc/stm32g4xx_hal_def.h"
 884              		.file 6 "platform/HAL/inc/stm32g4xx_hal_rcc_ex.h"
 885              		.file 7 "platform/HAL/inc/stm32g4xx_hal_gpio.h"
 886              		.file 8 "platform/HAL/inc/stm32g4xx_hal_dma.h"
 887              		.file 9 "platform/HAL/inc/stm32g4xx_hal_i2c.h"
 888              		.file 10 "platform/HAL/inc/stm32g4xx_hal_i2c_ex.h"
 889              		.file 11 "inc/tmp112.h"
 890              		.file 12 "<built-in>"
ARM GAS  /tmp/ccGYPPVC.s 			page 21


DEFINED SYMBOLS
                            *ABS*:00000000 tmp112.c
     /tmp/ccGYPPVC.s:21     .text.TMP_write:00000000 $t
     /tmp/ccGYPPVC.s:27     .text.TMP_write:00000000 TMP_write
     /tmp/ccGYPPVC.s:93     .text.TMP_write:00000038 $d
     /tmp/ccGYPPVC.s:876    .bss.hi2c1:00000000 hi2c1
     /tmp/ccGYPPVC.s:98     .text.TMP_setConfig:00000000 $t
     /tmp/ccGYPPVC.s:104    .text.TMP_setConfig:00000000 TMP_setConfig
     /tmp/ccGYPPVC.s:131    .text.TMP_read:00000000 $t
     /tmp/ccGYPPVC.s:137    .text.TMP_read:00000000 TMP_read
     /tmp/ccGYPPVC.s:205    .text.TMP_read:00000040 $d
     /tmp/ccGYPPVC.s:210    .text.TMP_celcius_to_data:00000000 $t
     /tmp/ccGYPPVC.s:216    .text.TMP_celcius_to_data:00000000 TMP_celcius_to_data
     /tmp/ccGYPPVC.s:239    .text.TMP_data_to_celcius:00000000 $t
     /tmp/ccGYPPVC.s:245    .text.TMP_data_to_celcius:00000000 TMP_data_to_celcius
     /tmp/ccGYPPVC.s:265    .text.TMP_data_to_celcius:00000014 $d
     /tmp/ccGYPPVC.s:270    .text.TMP_getTemperatureSingle:00000000 $t
     /tmp/ccGYPPVC.s:276    .text.TMP_getTemperatureSingle:00000000 TMP_getTemperatureSingle
     /tmp/ccGYPPVC.s:311    .text.TMP_getTemperature:00000000 $t
     /tmp/ccGYPPVC.s:317    .text.TMP_getTemperature:00000000 TMP_getTemperature
     /tmp/ccGYPPVC.s:379    .text.TMP_setTLow:00000000 $t
     /tmp/ccGYPPVC.s:385    .text.TMP_setTLow:00000000 TMP_setTLow
     /tmp/ccGYPPVC.s:425    .text.TMP_setTHigh:00000000 $t
     /tmp/ccGYPPVC.s:431    .text.TMP_setTHigh:00000000 TMP_setTHigh
     /tmp/ccGYPPVC.s:471    .text.TMP_error:00000000 $t
     /tmp/ccGYPPVC.s:477    .text.TMP_error:00000000 TMP_error
     /tmp/ccGYPPVC.s:493    .text.MX_I2C_Init:00000000 $t
     /tmp/ccGYPPVC.s:499    .text.MX_I2C_Init:00000000 MX_I2C_Init
     /tmp/ccGYPPVC.s:582    .text.MX_I2C_Init:0000004c $d
     /tmp/ccGYPPVC.s:588    .text.TMP_init:00000000 $t
     /tmp/ccGYPPVC.s:594    .text.TMP_init:00000000 TMP_init
     /tmp/ccGYPPVC.s:663    .text.TMP_init:00000048 $d
     /tmp/ccGYPPVC.s:669    .text.HAL_I2C_MspInit:00000000 $t
     /tmp/ccGYPPVC.s:675    .text.HAL_I2C_MspInit:00000000 HAL_I2C_MspInit
     /tmp/ccGYPPVC.s:807    .text.HAL_I2C_MspInit:0000007c $d
     /tmp/ccGYPPVC.s:814    .text.HAL_I2C_MspDeInit:00000000 $t
     /tmp/ccGYPPVC.s:820    .text.HAL_I2C_MspDeInit:00000000 HAL_I2C_MspDeInit
     /tmp/ccGYPPVC.s:865    .text.HAL_I2C_MspDeInit:00000030 $d
     /tmp/ccGYPPVC.s:873    .bss.hi2c1:00000000 $d

UNDEFINED SYMBOLS
HAL_I2C_Mem_Write
HAL_I2C_Mem_Read
HAL_I2C_Init
HAL_I2CEx_ConfigAnalogFilter
HAL_I2CEx_ConfigDigitalFilter
memset
HAL_RCCEx_PeriphCLKConfig
HAL_GPIO_Init
HAL_GPIO_DeInit
